Microchip MPLAB XC8 Compiler V2.10 ()

Linker command line:

-W-3 --edf=C:\Program Files (x86)\Microchip\xc8\v2.10\pic\dat\en_msgs.txt \
  -cs -h+dist/default/production\WirelessPad.X.production.sym \
  --cmf=dist/default/production\WirelessPad.X.production.cmf -z -Q16F1823 \
  -oC:\Users\WANGE\AppData\Local\Temp\s5pk.2 --defsym=__MPLAB_BUILD=1 \
  -Mdist/default/production/WirelessPad.X.production.map -E1 -ver=XC8 \
  --acfsm=1493 -ASTACK=0203Dh-0206Fh -pstack=STACK -ACODE=00h-07FFh \
  -ASTRCODE=00h-07FFh -ASTRING=00h-0FFhx8 -ACONST=00h-0FFhx8 \
  -AENTRY=00h-0FFhx8 -ACOMMON=070h-07Fh -ABANK0=020h-06Fh -ABANK1=0A0h-0BFh \
  -ABIGRAM=02000h-0206Fh -ARAM=020h-06Fh,0A0h-0BFh \
  -AABS1=020h-07Fh,0A0h-0BFh -ASFR0=00h-01Fh -ASFR1=080h-09Fh \
  -ASFR2=0100h-016Fh -ASFR3=0180h-01EFh -ASFR4=0200h-026Fh \
  -ASFR5=0280h-02EFh -ASFR6=0300h-036Fh -ASFR7=0380h-03EFh \
  -ASFR8=0400h-046Fh -ASFR9=0480h-04EFh -ASFR10=0500h-056Fh \
  -ASFR11=0580h-05EFh -ASFR12=0600h-066Fh -ASFR13=0680h-06EFh \
  -ASFR14=0700h-076Fh -ASFR15=0780h-07EFh -ASFR16=0800h-086Fh \
  -ASFR17=0880h-08EFh -ASFR18=0900h-096Fh -ASFR19=0980h-09EFh \
  -ASFR20=0A00h-0A6Fh -ASFR21=0A80h-0AEFh -ASFR22=0B00h-0B6Fh \
  -ASFR23=0B80h-0BEFh -ASFR24=0C00h-0C6Fh -ASFR25=0C80h-0CEFh \
  -ASFR26=0D00h-0D6Fh -ASFR27=0D80h-0DEFh -ASFR28=0E00h-0E6Fh \
  -ASFR29=0E80h-0EEFh -ASFR30=0F00h-0F6Fh -ASFR31=0F80h-0FEFh \
  -preset_vec=00h,intentry=04h,init,end_init -ppowerup=CODE -pcinit=CODE \
  -pfunctab=ENTRY -ACONFIG=08007h-08008h -pconfig=CONFIG -DCONFIG=2 \
  -AIDLOC=08000h-08003h -pidloc=IDLOC -DIDLOC=2 -AEEDATA=00h-0FFh/0F000h \
  -peeprom_data=EEDATA -DEEDATA=2 -DCODE=2 -DSTRCODE=2 -DSTRING=2 -DCONST=2 \
  -DENTRY=2 -k C:\Users\WANGE\AppData\Local\Temp\s5pk.o \
  dist/default/production\WirelessPad.X.production.o 

Object code version is 3.11

Machine type is 16F1823



                Name                               Link     Load   Length Selector   Space Scale
C:\Users\WANGE\AppData\Local\Temp\s5pk.o
                end_init                             15       15        1        8       0
                reset_vec                             0        0        1        0       0
                config                             8007     8007        2    1000E       0
dist/default/production\WirelessPad.X.production.o
                cinit                                16       16       16        8       0
                intentry                              4        4       11        8       0
                text19                              275      275        5        8       0
                text18                              270      270        5        8       0
                text17                              25A      25A        9        8       0
                text16                              251      251        9        8       0
                text15                              263      263        7        8       0
                text14                              22D      22D        E        8       0
                text13                              17B      17B       23        8       0
                text12                              19E      19E       21        8       0
                text11                               81       81       55        8       0
                text10                              27A      27A        3        8       0
                text9                               23B      23B        C        8       0
                text8                               247      247        A        8       0
                text7                               20A      20A       12        8       0
                text6                               1F8      1F8       12        8       0
                text5                               1BF      1BF       1F        8       0
                text4                               1DE      1DE       1A        8       0
                text3                                D6       D6       4A        8       0
                text2                               120      120       2E        8       0
                text1                                2C       2C       55        8       0
                maintext                            21C      21C       11        8       0
                cstackBANK0                          4D       4D        B       20       1
                cstackCOMMON                         70       70        C       70       1
                inittext                            26A      26A        6        8       0
                dataBANK0                            20       20       2D       20       1
                bssBANK0                             58       58        5       20       1
                bssCOMMON                            7C       7C        2       70       1
                stringtext9                         28B      28B        2      4FA       0
                stringtext8                         28D      28D        1      4FA       0
                stringtext7                         289      289        2      4FA       0
                stringtext6                         287      287        2      4FA       0
                stringtext5                         285      285        2      4FA       0
                stringtext4                         283      283        2      4FA       0
                stringtext3                         281      281        2      4FA       0
                stringtext2                         27F      27F        2      4FA       0
                stringtext1                         27D      27D        2      4FA       0
                idataBANK0                          14E      14E       2D        8       0

TOTAL           Name                               Link     Load   Length     Space
        CLASS   STACK          

        CLASS   CODE           
                end_init                             15       15        1         0
                cinit                                16       16       16         0
                intentry                              4        4       11         0
                reset_vec                             0        0        1         0
                text19                              275      275        5         0
                text18                              270      270        5         0
                text17                              25A      25A        9         0
                text16                              251      251        9         0
                text15                              263      263        7         0
                text14                              22D      22D        E         0
                text13                              17B      17B       23         0
                text12                              19E      19E       21         0
                text11                               81       81       55         0
                text10                              27A      27A        3         0
                text9                               23B      23B        C         0
                text8                               247      247        A         0
                text7                               20A      20A       12         0
                text6                               1F8      1F8       12         0
                text5                               1BF      1BF       1F         0
                text4                               1DE      1DE       1A         0
                text3                                D6       D6       4A         0
                text2                               120      120       2E         0
                text1                                2C       2C       55         0
                maintext                            21C      21C       11         0
                inittext                            26A      26A        6         0
                idataBANK0                          14E      14E       2D         0

        CLASS   STRCODE        
                stringtext9                         28B      28B        2         0
                stringtext8                         28D      28D        1         0
                stringtext7                         289      289        2         0
                stringtext6                         287      287        2         0
                stringtext5                         285      285        2         0
                stringtext4                         283      283        2         0
                stringtext3                         281      281        2         0
                stringtext2                         27F      27F        2         0
                stringtext1                         27D      27D        2         0

        CLASS   STRING         

        CLASS   CONST          

        CLASS   ENTRY          

        CLASS   COMMON         
                cstackCOMMON                         70       70        C         1
                bssCOMMON                            7C       7C        2         1

        CLASS   BANK0          
                cstackBANK0                          4D       4D        B         1
                dataBANK0                            20       20       2D         1
                bssBANK0                             58       58        5         1

        CLASS   BANK1          

        CLASS   BIGRAM         

        CLASS   RAM            

        CLASS   ABS1           
                abs_s1                               7E       7E        2         1

        CLASS   SFR0           

        CLASS   SFR1           

        CLASS   SFR2           

        CLASS   SFR3           

        CLASS   SFR4           

        CLASS   SFR5           

        CLASS   SFR6           

        CLASS   SFR7           

        CLASS   SFR8           

        CLASS   SFR9           

        CLASS   SFR10          

        CLASS   SFR11          

        CLASS   SFR12          

        CLASS   SFR13          

        CLASS   SFR14          

        CLASS   SFR15          

        CLASS   SFR16          

        CLASS   SFR17          

        CLASS   SFR18          

        CLASS   SFR19          

        CLASS   SFR20          

        CLASS   SFR21          

        CLASS   SFR22          

        CLASS   SFR23          

        CLASS   SFR24          

        CLASS   SFR25          

        CLASS   SFR26          

        CLASS   SFR27          

        CLASS   SFR28          

        CLASS   SFR29          

        CLASS   SFR30          

        CLASS   SFR31          

        CLASS   CONFIG         
                config                             8007     8007        2         0

        CLASS   IDLOC          

        CLASS   EEDATA         

        CLASS   BANK31         

        CLASS   BANK30         

        CLASS   BANK29         

        CLASS   BANK28         

        CLASS   BANK27         

        CLASS   BANK26         

        CLASS   BANK25         

        CLASS   BANK24         

        CLASS   BANK23         

        CLASS   BANK22         

        CLASS   BANK21         

        CLASS   BANK20         

        CLASS   BANK19         

        CLASS   BANK18         

        CLASS   BANK17         

        CLASS   BANK16         

        CLASS   BANK15         

        CLASS   BANK14         

        CLASS   BANK13         

        CLASS   BANK12         

        CLASS   BANK11         

        CLASS   BANK10         

        CLASS   BANK9          

        CLASS   BANK8          

        CLASS   BANK7          

        CLASS   BANK6          

        CLASS   BANK5          

        CLASS   BANK4          

        CLASS   BANK3          

        CLASS   BANK2          



SEGMENTS        Name                           Load    Length   Top    Selector   Space  Class     Delta

                reset_vec                      000000  000001  000001         0       0  CODE        2
                intentry                       000004  000279  00027D         8       0  CODE        2
                dataBANK0                      000020  00003D  00005D        20       1  BANK0       1
                cstackCOMMON                   000070  00000E  00007E        70       1  COMMON      1
                stringtext1                    00027D  000011  00028E       4FA       0  STRCODE     2
                config                         008007  000002  008009     1000E       0  CONFIG      2


UNUSED ADDRESS RANGES

        Name                Unused          Largest block    Delta
        BANK0            0005D-0006F              13           1
        BANK1            000A0-000BF              20           1
        BIGRAM           02000-0206F              70           1
        CODE             00001-00003               3           2
                         0028E-007FF             572
        CONST            00001-00003               3           2
                         0028E-007FF             100
        EEDATA           0F000-0F0FF             100           2
        ENTRY            00001-00003               3           2
                         0028E-007FF             100
        IDLOC            08000-08003               4           2
        RAM              0005D-0006F              13           1
                         000A0-000BF              20
        SFR0             00000-0001F              20           1
        SFR1             00080-0009F              20           1
        SFR10            00500-0056F              70           1
        SFR11            00580-005EF              70           1
        SFR12            00600-0066F              70           1
        SFR13            00680-006EF              70           1
        SFR14            00700-0076F              70           1
        SFR15            00780-007EF              70           1
        SFR16            00800-0086F              70           1
        SFR17            00880-008EF              70           1
        SFR18            00900-0096F              70           1
        SFR19            00980-009EF              70           1
        SFR2             00100-0016F              70           1
        SFR20            00A00-00A6F              70           1
        SFR21            00A80-00AEF              70           1
        SFR22            00B00-00B6F              70           1
        SFR23            00B80-00BEF              70           1
        SFR24            00C00-00C6F              70           1
        SFR25            00C80-00CEF              70           1
        SFR26            00D00-00D6F              70           1
        SFR27            00D80-00DEF              70           1
        SFR28            00E00-00E6F              70           1
        SFR29            00E80-00EEF              70           1
        SFR3             00180-001EF              70           1
        SFR30            00F00-00F6F              70           1
        SFR31            00F80-00FEF              70           1
        SFR4             00200-0026F              70           1
        SFR5             00280-002EF              70           1
        SFR6             00300-0036F              70           1
        SFR7             00380-003EF              70           1
        SFR8             00400-0046F              70           1
        SFR9             00480-004EF              70           1
        STACK            0203D-0206F              33           1
        STRCODE          00001-00003               3           2
                         0028E-007FF             572
        STRING           00001-00003               3           2
                         0028E-007FF             100

                                  Symbol Table

NRF_Check@F2717           dataBANK0    00020
NRF_Check@buf             cstackBANK0  00052
NRF_Check@i               cstackBANK0  00057
NRF_Check@tuf             cstackBANK0  0004D
NRF_Read_Buf@i            cstackCOMMON 00077
NRF_Read_Buf@len          cstackCOMMON 00072
NRF_Read_Buf@pBuf         cstackCOMMON 00071
NRF_Read_Buf@reg          cstackCOMMON 00076
NRF_Read_Reg@reg          cstackCOMMON 00072
NRF_Read_Reg@status       cstackCOMMON 00073
NRF_SPI_RW@dat            cstackCOMMON 00070
NRF_Tx_CheckACK@sta       cstackCOMMON 00076
NRF_Tx_Send@len           cstackCOMMON 00077
NRF_Tx_Send@txbuf         cstackCOMMON 0007A
NRF_Tx_Set@ack            cstackCOMMON 00077
NRF_Tx_Set@addr           cstackCOMMON 0007A
NRF_Write_Buf@i           cstackCOMMON 00076
NRF_Write_Buf@len         cstackCOMMON 00072
NRF_Write_Buf@pBuf        cstackCOMMON 00071
NRF_Write_Buf@reg         cstackCOMMON 00075
NRF_Write_Reg@reg         cstackCOMMON 00073
NRF_Write_Reg@status      cstackCOMMON 00074
NRF_Write_Reg@value       cstackCOMMON 00071
_ANSELA                   (abs)        0018C
_ANSELC                   (abs)        0018E
_EEADR                    (abs)        00191
_EECON2                   (abs)        00196
_EEDATA                   (abs)        00193
_EEPGD                    (abs)        00CAF
_IOCAF4                   (abs)        01C9C
_IOCIE                    (abs)        0005B
_IOCIF                    (abs)        00058
_ISR                      intentry     00004
_Key_Init                 text19       00275
_LATA                     (abs)        0010C
_LATC                     (abs)        0010E
_LED_Init                 text18       00270
_NRF_Check                text11       00081
_NRF_On                   text10       0027A
_NRF_Port_Init            text9        0023B
_NRF_Read_Buf             text13       0017B
_NRF_Read_Reg             text7        0020A
_NRF_SPI_Init             text8        00247
_NRF_SPI_RW               text14       0022D
_NRF_Tx_CheckACK          text5        001BF
_NRF_Tx_Send              text4        001DE
_NRF_Tx_Set               text3        000D6
_NRF_Write_Buf            text12       0019E
_NRF_Write_Reg            text6        001F8
_OSCCON                   (abs)        00099
_PORTA                    (abs)        0000C
_PORTA_Init               text17       0025A
_PORTC                    (abs)        0000E
_PORTC_Init               text16       00251
_PORT_Init                text15       00263
_RA0                      (abs)        00060
_RA2                      (abs)        00062
_RA4                      (abs)        00064
_RA5                      (abs)        00065
_RC0                      (abs)        00070
_RC1                      (abs)        00071
_RC2                      (abs)        00072
_RC3                      (abs)        00073
_RD                       (abs)        00CA8
_RX_ADDRESS_P0            dataBANK0    00048
_RX_ADDRESS_P1            dataBANK0    00043
_RX_ADDRESS_P2            dataBANK0    0003E
_RX_ADDRESS_P3            dataBANK0    00039
_RX_ADDRESS_P4            dataBANK0    00034
_RX_ADDRESS_P5            dataBANK0    0002F
_SSP1BUF                  (abs)        00211
_SSP1CON1                 (abs)        00215
_SSP1IF                   (abs)        0008B
_SSP1STAT                 (abs)        00214
_SSP1STATbits             (abs)        00214
_TRISA                    (abs)        0008C
_TRISA0                   (abs)        00460
_TRISA2                   (abs)        00462
_TRISA4                   (abs)        00464
_TRISA5                   (abs)        00465
_TRISC                    (abs)        0008E
_TRISC0                   (abs)        00470
_TRISC1                   (abs)        00471
_TRISC2                   (abs)        00472
_TRISC3                   (abs)        00473
_WR                       (abs)        00CA9
_WREN                     (abs)        00CAA
_WirelessPad              text1        0002C
__CFG_BOREN$ON            (abs)        00000
__CFG_BORV$LO             (abs)        00000
__CFG_CLKOUTEN$OFF        (abs)        00000
__CFG_CP$OFF              (abs)        00000
__CFG_CPD$OFF             (abs)        00000
__CFG_FCMEN$ON            (abs)        00000
__CFG_FOSC$INTOSC         (abs)        00000
__CFG_IESO$ON             (abs)        00000
__CFG_LVP$ON              (abs)        00000
__CFG_MCLRE$ON            (abs)        00000
__CFG_PLLEN$ON            (abs)        00000
__CFG_PWRTE$OFF           (abs)        00000
__CFG_STVREN$ON           (abs)        00000
__CFG_WDTE$OFF            (abs)        00000
__CFG_WRT$OFF             (abs)        00000
__Habs1                   abs1         00000
__Hbank0                  bank0        00000
__Hbank1                  bank1        00000
__Hbank10                 bank10       00000
__Hbank11                 bank11       00000
__Hbank12                 bank12       00000
__Hbank13                 bank13       00000
__Hbank14                 bank14       00000
__Hbank15                 bank15       00000
__Hbank16                 bank16       00000
__Hbank17                 bank17       00000
__Hbank18                 bank18       00000
__Hbank19                 bank19       00000
__Hbank2                  bank2        00000
__Hbank20                 bank20       00000
__Hbank21                 bank21       00000
__Hbank22                 bank22       00000
__Hbank23                 bank23       00000
__Hbank24                 bank24       00000
__Hbank25                 bank25       00000
__Hbank26                 bank26       00000
__Hbank27                 bank27       00000
__Hbank28                 bank28       00000
__Hbank29                 bank29       00000
__Hbank3                  bank3        00000
__Hbank30                 bank30       00000
__Hbank31                 bank31       00000
__Hbank4                  bank4        00000
__Hbank5                  bank5        00000
__Hbank6                  bank6        00000
__Hbank7                  bank7        00000
__Hbank8                  bank8        00000
__Hbank9                  bank9        00000
__Hbigram                 bigram       00000
__HbssBANK0               bssBANK0     00000
__HbssCOMMON              bssCOMMON    00000
__Hcinit                  cinit        0002C
__Hclrtext                clrtext      00000
__Hcode                   code         00000
__Hcommon                 common       00000
__Hconfig                 config       08009
__HcstackBANK0            cstackBANK0  00000
__HcstackCOMMON           cstackCOMMON 00000
__HdataBANK0              dataBANK0    00000
__Heeprom_data            eeprom_data  00000
__Hend_init               end_init     00016
__Hfunctab                functab      00000
__HidataBANK0             idataBANK0   00000
__Hidloc                  idloc        00000
__Hinit                   init         00015
__Hinittext               inittext     00000
__Hintentry               intentry     00015
__Hmaintext               maintext     00000
__Hpowerup                powerup      00000
__Hram                    ram          00000
__Hreset_vec              reset_vec    00001
__Hsfr0                   sfr0         00000
__Hsfr1                   sfr1         00000
__Hsfr10                  sfr10        00000
__Hsfr11                  sfr11        00000
__Hsfr12                  sfr12        00000
__Hsfr13                  sfr13        00000
__Hsfr14                  sfr14        00000
__Hsfr15                  sfr15        00000
__Hsfr16                  sfr16        00000
__Hsfr17                  sfr17        00000
__Hsfr18                  sfr18        00000
__Hsfr19                  sfr19        00000
__Hsfr2                   sfr2         00000
__Hsfr20                  sfr20        00000
__Hsfr21                  sfr21        00000
__Hsfr22                  sfr22        00000
__Hsfr23                  sfr23        00000
__Hsfr24                  sfr24        00000
__Hsfr25                  sfr25        00000
__Hsfr26                  sfr26        00000
__Hsfr27                  sfr27        00000
__Hsfr28                  sfr28        00000
__Hsfr29                  sfr29        00000
__Hsfr3                   sfr3         00000
__Hsfr30                  sfr30        00000
__Hsfr31                  sfr31        00000
__Hsfr4                   sfr4         00000
__Hsfr5                   sfr5         00000
__Hsfr6                   sfr6         00000
__Hsfr7                   sfr7         00000
__Hsfr8                   sfr8         00000
__Hsfr9                   sfr9         00000
__Hspace_0                (abs)        08009
__Hspace_1                (abs)        0007E
__Hspace_2                (abs)        00000
__Hspace_3                (abs)        00000
__Hstack                  stack        00000
__Hstrings                strings      00000
__Hstringtext1            stringtext1  00000
__Hstringtext2            stringtext2  00000
__Hstringtext3            stringtext3  00000
__Hstringtext4            stringtext4  00000
__Hstringtext5            stringtext5  00000
__Hstringtext6            stringtext6  00000
__Hstringtext7            stringtext7  00000
__Hstringtext8            stringtext8  00000
__Hstringtext9            stringtext9  00000
__Htext                   text         00000
__Labs1                   abs1         00000
__Lbank0                  bank0        00000
__Lbank1                  bank1        00000
__Lbank10                 bank10       00000
__Lbank11                 bank11       00000
__Lbank12                 bank12       00000
__Lbank13                 bank13       00000
__Lbank14                 bank14       00000
__Lbank15                 bank15       00000
__Lbank16                 bank16       00000
__Lbank17                 bank17       00000
__Lbank18                 bank18       00000
__Lbank19                 bank19       00000
__Lbank2                  bank2        00000
__Lbank20                 bank20       00000
__Lbank21                 bank21       00000
__Lbank22                 bank22       00000
__Lbank23                 bank23       00000
__Lbank24                 bank24       00000
__Lbank25                 bank25       00000
__Lbank26                 bank26       00000
__Lbank27                 bank27       00000
__Lbank28                 bank28       00000
__Lbank29                 bank29       00000
__Lbank3                  bank3        00000
__Lbank30                 bank30       00000
__Lbank31                 bank31       00000
__Lbank4                  bank4        00000
__Lbank5                  bank5        00000
__Lbank6                  bank6        00000
__Lbank7                  bank7        00000
__Lbank8                  bank8        00000
__Lbank9                  bank9        00000
__Lbigram                 bigram       00000
__LbssBANK0               bssBANK0     00000
__LbssCOMMON              bssCOMMON    00000
__Lcinit                  cinit        00016
__Lclrtext                clrtext      00000
__Lcode                   code         00000
__Lcommon                 common       00000
__Lconfig                 config       08007
__LcstackBANK0            cstackBANK0  00000
__LcstackCOMMON           cstackCOMMON 00000
__LdataBANK0              dataBANK0    00000
__Leeprom_data            eeprom_data  00000
__Lend_init               end_init     00015
__Lfunctab                functab      00000
__LidataBANK0             idataBANK0   00000
__Lidloc                  idloc        00000
__Linit                   init         00015
__Linittext               inittext     00000
__Lintentry               intentry     00004
__Lmaintext               maintext     00000
__Lpowerup                powerup      00000
__Lram                    ram          00000
__Lreset_vec              reset_vec    00000
__Lsfr0                   sfr0         00000
__Lsfr1                   sfr1         00000
__Lsfr10                  sfr10        00000
__Lsfr11                  sfr11        00000
__Lsfr12                  sfr12        00000
__Lsfr13                  sfr13        00000
__Lsfr14                  sfr14        00000
__Lsfr15                  sfr15        00000
__Lsfr16                  sfr16        00000
__Lsfr17                  sfr17        00000
__Lsfr18                  sfr18        00000
__Lsfr19                  sfr19        00000
__Lsfr2                   sfr2         00000
__Lsfr20                  sfr20        00000
__Lsfr21                  sfr21        00000
__Lsfr22                  sfr22        00000
__Lsfr23                  sfr23        00000
__Lsfr24                  sfr24        00000
__Lsfr25                  sfr25        00000
__Lsfr26                  sfr26        00000
__Lsfr27                  sfr27        00000
__Lsfr28                  sfr28        00000
__Lsfr29                  sfr29        00000
__Lsfr3                   sfr3         00000
__Lsfr30                  sfr30        00000
__Lsfr31                  sfr31        00000
__Lsfr4                   sfr4         00000
__Lsfr5                   sfr5         00000
__Lsfr6                   sfr6         00000
__Lsfr7                   sfr7         00000
__Lsfr8                   sfr8         00000
__Lsfr9                   sfr9         00000
__Lspace_0                (abs)        00000
__Lspace_1                (abs)        00000
__Lspace_2                (abs)        00000
__Lspace_3                (abs)        00000
__Lstack                  stack        00000
__Lstrings                strings      00000
__Lstringtext1            stringtext1  00000
__Lstringtext2            stringtext2  00000
__Lstringtext3            stringtext3  00000
__Lstringtext4            stringtext4  00000
__Lstringtext5            stringtext5  00000
__Lstringtext6            stringtext6  00000
__Lstringtext7            stringtext7  00000
__Lstringtext8            stringtext8  00000
__Lstringtext9            stringtext9  00000
__Ltext                   text         00000
__S0                      (abs)        08009
__S1                      (abs)        0007E
__S2                      (abs)        00000
__S3                      (abs)        00000
___int_sp                 stack        00000
___latbits                (abs)        00000
___sp                     stack        00000
___stackhi                (abs)        0206F
___stacklo                (abs)        0203D
__end_of_ISR              intentry     00015
__end_of_Key_Init         text19       0027A
__end_of_LED_Init         text18       00275
__end_of_NRF_Check        text11       000D6
__end_of_NRF_On           text10       0027D
__end_of_NRF_Port_Init    text9        00247
__end_of_NRF_Read_Buf     text13       0019E
__end_of_NRF_Read_Reg     text7        0021C
__end_of_NRF_SPI_Init     text8        00251
__end_of_NRF_SPI_RW       text14       0023B
__end_of_NRF_Tx_CheckACK  text5        001DE
__end_of_NRF_Tx_Send      text4        001F8
__end_of_NRF_Tx_Set       text3        00120
__end_of_NRF_Write_Buf    text12       001BF
__end_of_NRF_Write_Reg    text6        0020A
__end_of_PORTA_Init       text17       00263
__end_of_PORTC_Init       text16       0025A
__end_of_PORT_Init        text15       0026A
__end_of_WirelessPad      text1        00081
__end_of__initialization  cinit        00029
__end_of_main             maintext     0022D
__end_of_memcpy           text2        0014E
__end_of_pad_aux_off      stringtext1  0027F
__end_of_pad_aux_ok       stringtext9  0028D
__end_of_pad_aux_on       stringtext2  00281
__end_of_pad_mode         stringtext8  0028E
__end_of_tx_pad_aux       stringtext7  0028B
__end_of_tx_pad_bed       stringtext3  00283
__end_of_tx_pad_chair     stringtext6  00289
__end_of_tx_pad_nci       stringtext5  00287
__end_of_tx_pad_potty     stringtext4  00285
__initialization          cinit        00016
__pbssBANK0               bssBANK0     00058
__pbssCOMMON              bssCOMMON    0007C
__pcstackBANK0            cstackBANK0  0004D
__pcstackCOMMON           cstackCOMMON 00070
__pdataBANK0              dataBANK0    00020
__pidataBANK0             idataBANK0   0014E
__pintentry               intentry     00004
__pmaintext               maintext     0021C
__pstringtext1            stringtext1  0027D
__pstringtext2            stringtext2  0027F
__pstringtext3            stringtext3  00281
__pstringtext4            stringtext4  00283
__pstringtext5            stringtext5  00285
__pstringtext6            stringtext6  00287
__pstringtext7            stringtext7  00289
__pstringtext8            stringtext8  0028D
__pstringtext9            stringtext9  0028B
__ptext1                  text1        0002C
__ptext10                 text10       0027A
__ptext11                 text11       00081
__ptext12                 text12       0019E
__ptext13                 text13       0017B
__ptext14                 text14       0022D
__ptext15                 text15       00263
__ptext16                 text16       00251
__ptext17                 text17       0025A
__ptext18                 text18       00270
__ptext19                 text19       00275
__ptext2                  text2        00120
__ptext3                  text3        000D6
__ptext4                  text4        001DE
__ptext5                  text5        001BF
__ptext6                  text6        001F8
__ptext7                  text7        0020A
__ptext8                  text8        00247
__ptext9                  text9        0023B
__size_of_ISR             (abs)        00000
__size_of_Key_Init        (abs)        00000
__size_of_LED_Init        (abs)        00000
__size_of_NRF_Check       (abs)        00000
__size_of_NRF_On          (abs)        00000
__size_of_NRF_Port_Init   (abs)        00000
__size_of_NRF_Read_Buf    (abs)        00000
__size_of_NRF_Read_Reg    (abs)        00000
__size_of_NRF_SPI_Init    (abs)        00000
__size_of_NRF_SPI_RW      (abs)        00000
__size_of_NRF_Tx_CheckACK (abs)        00000
__size_of_NRF_Tx_Send     (abs)        00000
__size_of_NRF_Tx_Set      (abs)        00000
__size_of_NRF_Write_Buf   (abs)        00000
__size_of_NRF_Write_Reg   (abs)        00000
__size_of_PORTA_Init      (abs)        00000
__size_of_PORTC_Init      (abs)        00000
__size_of_PORT_Init       (abs)        00000
__size_of_WirelessPad     (abs)        00000
__size_of_main            (abs)        00000
__size_of_memcpy          (abs)        00000
_main                     maintext     0021C
_memcpy                   text2        00120
_pad_aux_dat              bssCOMMON    0007C
_pad_aux_ok               stringtext9  0028B
_tx_addr                  dataBANK0    0002A
btemp                     (abs)        0007E
end_of_initialization     cinit        00029
init_ram                  inittext     0026A
int$flags                 (abs)        0007E
intlevel0                 functab      00000
intlevel1                 functab      00000
intlevel2                 functab      00000
intlevel3                 functab      00000
intlevel4                 functab      00000
intlevel5                 functab      00000
memcpy@d                  cstackCOMMON 00079
memcpy@d1                 cstackCOMMON 00078
memcpy@n                  cstackCOMMON 00072
memcpy@s                  cstackCOMMON 00075
memcpy@s1                 cstackCOMMON 00070
memcpy@tmp                cstackCOMMON 00077
reset_vec                 reset_vec    00000
start                     init         00015
start_initialization      cinit        00016
wtemp0                    (abs)        0007E


FUNCTION INFORMATION:

 *************** function _main *****************
 Defined at:
		line 101 in file "main.c"
 Parameters:    Size  Location     Type
		None
 Auto vars:     Size  Location     Type
		None
 Return value:  Size  Location     Type
                  1    wreg      void 
 Registers used:
		wreg, fsr0l, fsr0h, fsr1l, fsr1h, status,2, status,0, pclath, cstack
 Tracked objects:
		On entry : 
		On exit  : 
		Unchanged: 
 Data sizes:     COMMON   BANK0   BANK1
      Params:         0       0       0
      Locals:         0       0       0
      Temps:          0       0       0
      Totals:         0       0       0
Total ram usage:        0 bytes
 Hardware stack levels required when called:    6
 This function calls:
		_Key_Init
		_LED_Init
		_PORT_Init
		_WirelessPad
 This function is called by:
		Startup code after reset
 This function uses a non-reentrant model


 *************** function _WirelessPad *****************
 Defined at:
		line 120 in file "main.c"
 Parameters:    Size  Location     Type
		None
 Auto vars:     Size  Location     Type
		None
 Return value:  Size  Location     Type
                  1    wreg      void 
 Registers used:
		wreg, fsr0l, fsr0h, fsr1l, fsr1h, status,2, status,0, pclath, cstack
 Tracked objects:
		On entry : 
		On exit  : 
		Unchanged: 
 Data sizes:     COMMON   BANK0   BANK1
      Params:         0       0       0
      Locals:         0       0       0
      Temps:          1       0       0
      Totals:         1       0       0
Total ram usage:        1 bytes
 Hardware stack levels used:    1
 Hardware stack levels required when called:    5
 This function calls:
		_NRF_Check
		_NRF_On
		_NRF_Port_Init
		_NRF_SPI_Init
		_NRF_Tx_Send
		_NRF_Tx_Set
		_memcpy
 This function is called by:
		_main
 This function uses a non-reentrant model


 *************** function _memcpy *****************
 Defined at:
		line 4 in file "C:\Program Files (x86)\Microchip\xc8\v2.10\pic\sources\c99\common\memcpy.c"
 Parameters:    Size  Location     Type
  d1              1    wreg     PTR void 
		 -> pad_aux_dat(2), 
  s1              2    0[COMMON] PTR const void 
		 -> pad_aux_ok(2), 
  n               2    2[COMMON] unsigned int 
 Auto vars:     Size  Location     Type
  d1              1    8[COMMON] PTR void 
		 -> pad_aux_dat(2), 
  s               2    5[COMMON] PTR const unsigned char 
		 -> pad_aux_ok(2), 
  d               1    9[COMMON] PTR unsigned char 
		 -> pad_aux_dat(2), 
  tmp             1    7[COMMON] unsigned char 
 Return value:  Size  Location     Type
                  1    wreg      PTR void 
 Registers used:
		wreg, fsr0l, fsr0h, fsr1l, fsr1h, status,2, status,0, pclath
 Tracked objects:
		On entry : 
		On exit  : 
		Unchanged: 
 Data sizes:     COMMON   BANK0   BANK1
      Params:         4       0       0
      Locals:         5       0       0
      Temps:          1       0       0
      Totals:        10       0       0
Total ram usage:       10 bytes
 Hardware stack levels used:    1
 Hardware stack levels required when called:    1
 This function calls:
		Nothing
 This function is called by:
		_WirelessPad
 This function uses a non-reentrant model


 *************** function _NRF_Tx_Set *****************
 Defined at:
		line 361 in file "../library/nrf24l01.c"
 Parameters:    Size  Location     Type
  addr            1    wreg     PTR unsigned char 
		 -> tx_addr(5), 
  ack             1    7[COMMON] unsigned char 
 Auto vars:     Size  Location     Type
  addr            1   10[COMMON] PTR unsigned char 
		 -> tx_addr(5), 
 Return value:  Size  Location     Type
                  1    wreg      void 
 Registers used:
		wreg, fsr1l, fsr1h, status,2, status,0, pclath, cstack
 Tracked objects:
		On entry : 
		On exit  : 
		Unchanged: 
 Data sizes:     COMMON   BANK0   BANK1
      Params:         1       0       0
      Locals:         1       0       0
      Temps:          2       0       0
      Totals:         4       0       0
Total ram usage:        4 bytes
 Hardware stack levels used:    1
 Hardware stack levels required when called:    3
 This function calls:
		_NRF_Write_Buf
		_NRF_Write_Reg
 This function is called by:
		_WirelessPad
 This function uses a non-reentrant model


 *************** function _NRF_Tx_Send *****************
 Defined at:
		line 374 in file "../library/nrf24l01.c"
 Parameters:    Size  Location     Type
  txbuf           1    wreg     PTR unsigned char 
		 -> pad_aux_dat(2), 
  len             1    7[COMMON] unsigned char 
 Auto vars:     Size  Location     Type
  txbuf           1   10[COMMON] PTR unsigned char 
		 -> pad_aux_dat(2), 
 Return value:  Size  Location     Type
                  1    wreg      void 
 Registers used:
		wreg, fsr1l, fsr1h, status,2, status,0, pclath, cstack
 Tracked objects:
		On entry : 
		On exit  : 
		Unchanged: 
 Data sizes:     COMMON   BANK0   BANK1
      Params:         1       0       0
      Locals:         1       0       0
      Temps:          2       0       0
      Totals:         4       0       0
Total ram usage:        4 bytes
 Hardware stack levels used:    1
 Hardware stack levels required when called:    4
 This function calls:
		_NRF_Tx_CheckACK
		_NRF_Write_Buf
 This function is called by:
		_WirelessPad
 This function uses a non-reentrant model


 *************** function _NRF_Tx_CheckACK *****************
 Defined at:
		line 382 in file "../library/nrf24l01.c"
 Parameters:    Size  Location     Type
		None
 Auto vars:     Size  Location     Type
  sta             1    6[COMMON] unsigned char 
 Return value:  Size  Location     Type
                  1    wreg      unsigned char 
 Registers used:
		wreg, status,2, status,0, pclath, cstack
 Tracked objects:
		On entry : 
		On exit  : 
		Unchanged: 
 Data sizes:     COMMON   BANK0   BANK1
      Params:         0       0       0
      Locals:         1       0       0
      Temps:          1       0       0
      Totals:         2       0       0
Total ram usage:        2 bytes
 Hardware stack levels used:    1
 Hardware stack levels required when called:    3
 This function calls:
		_NRF_Read_Reg
		_NRF_Write_Reg
 This function is called by:
		_NRF_Tx_Send
 This function uses a non-reentrant model


 *************** function _NRF_Write_Reg *****************
 Defined at:
		line 103 in file "../library/nrf24l01.c"
 Parameters:    Size  Location     Type
  reg             1    wreg     unsigned char 
  value           1    1[COMMON] unsigned char 
 Auto vars:     Size  Location     Type
  reg             1    3[COMMON] unsigned char 
  status          1    4[COMMON] unsigned char 
 Return value:  Size  Location     Type
                  1    wreg      unsigned char 
 Registers used:
		wreg, status,2, status,0, pclath, cstack
 Tracked objects:
		On entry : 
		On exit  : 
		Unchanged: 
 Data sizes:     COMMON   BANK0   BANK1
      Params:         1       0       0
      Locals:         2       0       0
      Temps:          1       0       0
      Totals:         4       0       0
Total ram usage:        4 bytes
 Hardware stack levels used:    1
 Hardware stack levels required when called:    2
 This function calls:
		_NRF_SPI_RW
 This function is called by:
		_NRF_Tx_Set
		_NRF_Tx_CheckACK
		_NRF_Power_off
		_NRF_TX_Mode
		_NRF_TxPacket
		_NRF_RX_Mode
		_NRF_RxPacket
		_NRF_Flush_TX
		_NRF_Flush_RX
		_NRF_Clear_IRQ
		_NRF_Rx_Set
		_NRF_Rx_Set_P0
		_NRF_Rx_Set_P1
		_NRF_Rx_Set_P3
		_NRF_Rx_Set_P4
		_NRF_Rx_Set_P5
		_NRF_Rx_Receive
 This function uses a non-reentrant model


 *************** function _NRF_Read_Reg *****************
 Defined at:
		line 87 in file "../library/nrf24l01.c"
 Parameters:    Size  Location     Type
  reg             1    wreg     unsigned char 
 Auto vars:     Size  Location     Type
  reg             1    2[COMMON] unsigned char 
  status          1    3[COMMON] unsigned char 
 Return value:  Size  Location     Type
                  1    wreg      unsigned char 
 Registers used:
		wreg, status,2, status,0, pclath, cstack
 Tracked objects:
		On entry : 
		On exit  : 
		Unchanged: 
 Data sizes:     COMMON   BANK0   BANK1
      Params:         0       0       0
      Locals:         2       0       0
      Temps:          1       0       0
      Totals:         3       0       0
Total ram usage:        3 bytes
 Hardware stack levels used:    1
 Hardware stack levels required when called:    2
 This function calls:
		_NRF_SPI_RW
 This function is called by:
		_NRF_Tx_CheckACK
		_NRF_TxPacket
		_NRF_Read_RX_Pload
		_NRF_Get_Status
 This function uses a non-reentrant model


 *************** function _NRF_SPI_Init *****************
 Defined at:
		line 70 in file "../library/nrf24l01.c"
 Parameters:    Size  Location     Type
		None
 Auto vars:     Size  Location     Type
		None
 Return value:  Size  Location     Type
                  1    wreg      void 
 Registers used:
		wreg, status,2
 Tracked objects:
		On entry : 
		On exit  : 
		Unchanged: 
 Data sizes:     COMMON   BANK0   BANK1
      Params:         0       0       0
      Locals:         0       0       0
      Temps:          0       0       0
      Totals:         0       0       0
Total ram usage:        0 bytes
 Hardware stack levels used:    1
 Hardware stack levels required when called:    1
 This function calls:
		Nothing
 This function is called by:
		_WirelessPad
 This function uses a non-reentrant model


 *************** function _NRF_Port_Init *****************
 Defined at:
		line 44 in file "../library/nrf24l01.c"
 Parameters:    Size  Location     Type
		None
 Auto vars:     Size  Location     Type
		None
 Return value:  Size  Location     Type
                  1    wreg      void 
 Registers used:
		None
 Tracked objects:
		On entry : 
		On exit  : 
		Unchanged: 
 Data sizes:     COMMON   BANK0   BANK1
      Params:         0       0       0
      Locals:         0       0       0
      Temps:          0       0       0
      Totals:         0       0       0
Total ram usage:        0 bytes
 Hardware stack levels used:    1
 Hardware stack levels required when called:    1
 This function calls:
		Nothing
 This function is called by:
		_WirelessPad
 This function uses a non-reentrant model


 *************** function _NRF_On *****************
 Defined at:
		line 58 in file "../library/nrf24l01.c"
 Parameters:    Size  Location     Type
		None
 Auto vars:     Size  Location     Type
		None
 Return value:  Size  Location     Type
                  1    wreg      void 
 Registers used:
		None
 Tracked objects:
		On entry : 
		On exit  : 
		Unchanged: 
 Data sizes:     COMMON   BANK0   BANK1
      Params:         0       0       0
      Locals:         0       0       0
      Temps:          0       0       0
      Totals:         0       0       0
Total ram usage:        0 bytes
 Hardware stack levels used:    1
 Hardware stack levels required when called:    1
 This function calls:
		Nothing
 This function is called by:
		_WirelessPad
 This function uses a non-reentrant model


 *************** function _NRF_Check *****************
 Defined at:
		line 158 in file "../library/nrf24l01.c"
 Parameters:    Size  Location     Type
		None
 Auto vars:     Size  Location     Type
  buf             5    5[BANK0 ] unsigned char [5]
  tuf             5    0[BANK0 ] unsigned char [5]
  i               1   10[BANK0 ] unsigned char 
 Return value:  Size  Location     Type
                  1    wreg      unsigned char 
 Registers used:
		wreg, fsr0l, fsr0h, fsr1l, fsr1h, status,2, status,0, pclath, cstack
 Tracked objects:
		On entry : 
		On exit  : 
		Unchanged: 
 Data sizes:     COMMON   BANK0   BANK1
      Params:         0       0       0
      Locals:         0      11       0
      Temps:          2       0       0
      Totals:         2      11       0
Total ram usage:       13 bytes
 Hardware stack levels used:    1
 Hardware stack levels required when called:    3
 This function calls:
		_NRF_Read_Buf
		_NRF_Write_Buf
 This function is called by:
		_WirelessPad
 This function uses a non-reentrant model


 *************** function _NRF_Write_Buf *****************
 Defined at:
		line 138 in file "../library/nrf24l01.c"
 Parameters:    Size  Location     Type
  reg             1    wreg     unsigned char 
  pBuf            1    1[COMMON] PTR unsigned char 
		 -> tx_addr(5), pad_aux_dat(2), RX_ADDRESS_P5(5), RX_ADDRESS_P4(5), 
		 -> RX_ADDRESS_P3(5), RX_ADDRESS_P2(5), RX_ADDRESS_P1(5), RX_ADDRESS_P0(5), 
		 -> NRF_Check@tuf(5), 
  len             1    2[COMMON] unsigned char 
 Auto vars:     Size  Location     Type
  reg             1    5[COMMON] unsigned char 
  i               1    6[COMMON] unsigned char 
  status          1    0        unsigned char 
 Return value:  Size  Location     Type
                  1    wreg      unsigned char 
 Registers used:
		wreg, fsr1l, fsr1h, status,2, status,0, pclath, cstack
 Tracked objects:
		On entry : 
		On exit  : 
		Unchanged: 
 Data sizes:     COMMON   BANK0   BANK1
      Params:         2       0       0
      Locals:         3       0       0
      Temps:          1       0       0
      Totals:         6       0       0
Total ram usage:        6 bytes
 Hardware stack levels used:    1
 Hardware stack levels required when called:    2
 This function calls:
		_NRF_SPI_RW
 This function is called by:
		_NRF_Check
		_NRF_Tx_Set
		_NRF_Tx_Send
		_NRF_TX_Mode
		_NRF_RX_Mode
		_NRF_Rx_Set_P0
		_NRF_Rx_Set_P1
		_NRF_Rx_Set_P3
		_NRF_Rx_Set_P4
		_NRF_Rx_Set_P5
 This function uses a non-reentrant model


 *************** function _NRF_Read_Buf *****************
 Defined at:
		line 119 in file "../library/nrf24l01.c"
 Parameters:    Size  Location     Type
  reg             1    wreg     unsigned char 
  pBuf            1    1[COMMON] PTR unsigned char 
		 -> NRF_Check@buf(5), 
  len             1    2[COMMON] unsigned char 
 Auto vars:     Size  Location     Type
  reg             1    6[COMMON] unsigned char 
  i               1    7[COMMON] unsigned char 
  status          1    0        unsigned char 
 Return value:  Size  Location     Type
                  1    wreg      unsigned char 
 Registers used:
		wreg, fsr1l, fsr1h, status,2, status,0, pclath, cstack
 Tracked objects:
		On entry : 
		On exit  : 
		Unchanged: 
 Data sizes:     COMMON   BANK0   BANK1
      Params:         2       0       0
      Locals:         3       0       0
      Temps:          2       0       0
      Totals:         7       0       0
Total ram usage:        7 bytes
 Hardware stack levels used:    1
 Hardware stack levels required when called:    2
 This function calls:
		_NRF_SPI_RW
 This function is called by:
		_NRF_Check
		_NRF_Read_RX_Pload
 This function uses a non-reentrant model


 *************** function _NRF_SPI_RW *****************
 Defined at:
		line 79 in file "../library/nrf24l01.c"
 Parameters:    Size  Location     Type
  dat             1    wreg     unsigned char 
 Auto vars:     Size  Location     Type
  dat             1    0[COMMON] unsigned char 
 Return value:  Size  Location     Type
                  1    wreg      unsigned char 
 Registers used:
		wreg
 Tracked objects:
		On entry : 
		On exit  : 
		Unchanged: 
 Data sizes:     COMMON   BANK0   BANK1
      Params:         0       0       0
      Locals:         1       0       0
      Temps:          0       0       0
      Totals:         1       0       0
Total ram usage:        1 bytes
 Hardware stack levels used:    1
 Hardware stack levels required when called:    1
 This function calls:
		Nothing
 This function is called by:
		_NRF_Read_Reg
		_NRF_Write_Reg
		_NRF_Read_Buf
		_NRF_Write_Buf
 This function uses a non-reentrant model


 *************** function _PORT_Init *****************
 Defined at:
		line 4 in file "../library/port.c"
 Parameters:    Size  Location     Type
		None
 Auto vars:     Size  Location     Type
		None
 Return value:  Size  Location     Type
                  1    wreg      void 
 Registers used:
		status,2, status,0, pclath, cstack
 Tracked objects:
		On entry : 
		On exit  : 
		Unchanged: 
 Data sizes:     COMMON   BANK0   BANK1
      Params:         0       0       0
      Locals:         0       0       0
      Temps:          0       0       0
      Totals:         0       0       0
Total ram usage:        0 bytes
 Hardware stack levels used:    1
 Hardware stack levels required when called:    2
 This function calls:
		_PORTA_Init
		_PORTC_Init
 This function is called by:
		_main
 This function uses a non-reentrant model


 *************** function _PORTC_Init *****************
 Defined at:
		line 16 in file "../library/port.c"
 Parameters:    Size  Location     Type
		None
 Auto vars:     Size  Location     Type
		None
 Return value:  Size  Location     Type
                  1    wreg      void 
 Registers used:
		status,2
 Tracked objects:
		On entry : 
		On exit  : 
		Unchanged: 
 Data sizes:     COMMON   BANK0   BANK1
      Params:         0       0       0
      Locals:         0       0       0
      Temps:          0       0       0
      Totals:         0       0       0
Total ram usage:        0 bytes
 Hardware stack levels used:    1
 Hardware stack levels required when called:    1
 This function calls:
		Nothing
 This function is called by:
		_PORT_Init
 This function uses a non-reentrant model


 *************** function _PORTA_Init *****************
 Defined at:
		line 9 in file "../library/port.c"
 Parameters:    Size  Location     Type
		None
 Auto vars:     Size  Location     Type
		None
 Return value:  Size  Location     Type
                  1    wreg      void 
 Registers used:
		status,2
 Tracked objects:
		On entry : 
		On exit  : 
		Unchanged: 
 Data sizes:     COMMON   BANK0   BANK1
      Params:         0       0       0
      Locals:         0       0       0
      Temps:          0       0       0
      Totals:         0       0       0
Total ram usage:        0 bytes
 Hardware stack levels used:    1
 Hardware stack levels required when called:    1
 This function calls:
		Nothing
 This function is called by:
		_PORT_Init
 This function uses a non-reentrant model


 *************** function _LED_Init *****************
 Defined at:
		line 51 in file "main.c"
 Parameters:    Size  Location     Type
		None
 Auto vars:     Size  Location     Type
		None
 Return value:  Size  Location     Type
                  1    wreg      void 
 Registers used:
		None
 Tracked objects:
		On entry : 
		On exit  : 
		Unchanged: 
 Data sizes:     COMMON   BANK0   BANK1
      Params:         0       0       0
      Locals:         0       0       0
      Temps:          0       0       0
      Totals:         0       0       0
Total ram usage:        0 bytes
 Hardware stack levels used:    1
 Hardware stack levels required when called:    1
 This function calls:
		Nothing
 This function is called by:
		_main
 This function uses a non-reentrant model


 *************** function _Key_Init *****************
 Defined at:
		line 65 in file "main.c"
 Parameters:    Size  Location     Type
		None
 Auto vars:     Size  Location     Type
		None
 Return value:  Size  Location     Type
                  1    wreg      void 
 Registers used:
		None
 Tracked objects:
		On entry : 
		On exit  : 
		Unchanged: 
 Data sizes:     COMMON   BANK0   BANK1
      Params:         0       0       0
      Locals:         0       0       0
      Temps:          0       0       0
      Totals:         0       0       0
Total ram usage:        0 bytes
 Hardware stack levels used:    1
 Hardware stack levels required when called:    1
 This function calls:
		Nothing
 This function is called by:
		_main
 This function uses a non-reentrant model


 *************** function _ISR *****************
 Defined at:
		line 81 in file "main.c"
 Parameters:    Size  Location     Type
		None
 Auto vars:     Size  Location     Type
		None
 Return value:  Size  Location     Type
                  1    wreg      void 
 Registers used:
		None
 Tracked objects:
		On entry : 
		On exit  : 
		Unchanged: 
 Data sizes:     COMMON   BANK0   BANK1
      Params:         0       0       0
      Locals:         0       0       0
      Temps:          0       0       0
      Totals:         0       0       0
Total ram usage:        0 bytes
 Hardware stack levels used:    1
 This function calls:
		Nothing
 This function is called by:
		Interrupt level 1
 This function uses a non-reentrant model



MODULE INFORMATION

Module		Function		Class		Link	Load	Size
../library/port.c
		_PORTA_Init    		CODE           	025A	0000	10
		_PORT_Init     		CODE           	0263	0000	8
		_PORTC_Init    		CODE           	0251	0000	10

../library/port.c estimated size: 28

shared
		_tx_pad_bed    		STRCODE        	0000	0000	0
		_tx_pad_nci    		STRCODE        	0000	0000	0
		_tx_pad_aux    		STRCODE        	0000	0000	0
		_tx_pad_chair  		STRCODE        	0000	0000	0
		_tx_pad_potty  		STRCODE        	0000	0000	0
		_pad_aux_ok    		STRCODE        	028B	0000	3
		_pad_aux_on    		STRCODE        	0000	0000	0
		_pad_aux_off   		STRCODE        	0000	0000	0
		__initialization		CODE           	0016	0000	20
		_pad_mode      		STRCODE        	0000	0000	0

shared estimated size: 23

../library/nrf24l01.c
		_NRF_On        		CODE           	027A	0000	4
		_NRF_Tx_CheckACK		CODE           	01BF	0000	32
		_NRF_Port_Init 		CODE           	023B	0000	13
		_NRF_Write_Reg 		CODE           	01F8	0000	19
		_NRF_Write_Buf 		CODE           	019E	0000	34
		_NRF_Read_Reg  		CODE           	020A	0000	19
		_NRF_Read_Buf  		CODE           	017B	0000	36
		_NRF_Check     		CODE           	0081	0000	86
		_NRF_SPI_RW    		CODE           	022D	0000	15
		_NRF_SPI_Init  		CODE           	0247	0000	11
		_NRF_Tx_Set    		CODE           	00D6	0000	75
		_NRF_Tx_Send   		CODE           	01DE	0000	27

../library/nrf24l01.c estimated size: 371

C:\Program Files (x86)\Microchip\xc8\v2.10\pic\sources\c99\common\memcpy.c
		_memcpy        		CODE           	0120	0000	47

C:\Program Files (x86)\Microchip\xc8\v2.10\pic\sources\c99\common\memcpy.c estimated size: 47

main.c
		_Key_Init      		CODE           	0275	0000	6
		_LED_Init      		CODE           	0270	0000	6
		_ISR           		CODE           	0004	0000	18
		_main          		CODE           	021C	0000	18
		_WirelessPad   		CODE           	002C	0000	86

main.c estimated size: 134

