Microchip MPLAB XC8 Compiler V2.10 ()

Linker command line:

-W-3 --edf=C:\Program Files (x86)\Microchip\xc8\v2.10\pic\dat\en_msgs.txt \
  -cs -h+dist/default/production\WirelessPad_RX.X.production.sym \
  --cmf=dist/default/production\WirelessPad_RX.X.production.cmf -z \
  -Q16F1823 -oC:\Users\WANGE\AppData\Local\Temp\sa74.2 \
  --defsym=__MPLAB_BUILD=1 \
  -Mdist/default/production/WirelessPad_RX.X.production.map -E1 -ver=XC8 \
  --acfsm=1493 -ASTACK=02069h-0206Fh -pstack=STACK -ACODE=00h-07FFh \
  -ASTRCODE=00h-07FFh -ASTRING=00h-0FFhx8 -ACONST=00h-0FFhx8 \
  -AENTRY=00h-0FFhx8 -ACOMMON=070h-07Fh -ABANK0=020h-06Fh -ABANK1=0A0h-0BFh \
  -ABIGRAM=02000h-0206Fh -ARAM=020h-06Fh,0A0h-0BFh \
  -AABS1=020h-07Fh,0A0h-0BFh -ASFR0=00h-01Fh -ASFR1=080h-09Fh \
  -ASFR2=0100h-016Fh -ASFR3=0180h-01EFh -ASFR4=0200h-026Fh \
  -ASFR5=0280h-02EFh -ASFR6=0300h-036Fh -ASFR7=0380h-03EFh \
  -ASFR8=0400h-046Fh -ASFR9=0480h-04EFh -ASFR10=0500h-056Fh \
  -ASFR11=0580h-05EFh -ASFR12=0600h-066Fh -ASFR13=0680h-06EFh \
  -ASFR14=0700h-076Fh -ASFR15=0780h-07EFh -ASFR16=0800h-086Fh \
  -ASFR17=0880h-08EFh -ASFR18=0900h-096Fh -ASFR19=0980h-09EFh \
  -ASFR20=0A00h-0A6Fh -ASFR21=0A80h-0AEFh -ASFR22=0B00h-0B6Fh \
  -ASFR23=0B80h-0BEFh -ASFR24=0C00h-0C6Fh -ASFR25=0C80h-0CEFh \
  -ASFR26=0D00h-0D6Fh -ASFR27=0D80h-0DEFh -ASFR28=0E00h-0E6Fh \
  -ASFR29=0E80h-0EEFh -ASFR30=0F00h-0F6Fh -ASFR31=0F80h-0FEFh \
  -preset_vec=00h,intentry=04h,init,end_init -ppowerup=CODE -pcinit=CODE \
  -pfunctab=ENTRY -ACONFIG=08007h-08008h -pconfig=CONFIG -DCONFIG=2 \
  -AIDLOC=08000h-08003h -pidloc=IDLOC -DIDLOC=2 -AEEDATA=00h-0FFh/0F000h \
  -peeprom_data=EEDATA -DEEDATA=2 -DCODE=2 -DSTRCODE=2 -DSTRING=2 -DCONST=2 \
  -DENTRY=2 -k C:\Users\WANGE\AppData\Local\Temp\sa74.o \
  dist/default/production\WirelessPad_RX.X.production.o 

Object code version is 3.11

Machine type is 16F1823



                Name                               Link     Load   Length Selector   Space Scale
C:\Users\WANGE\AppData\Local\Temp\sa74.o
                end_init                             11       11        1        8       0
                reset_vec                             0        0        1        0       0
                config                             8007     8007        2    1000E       0
dist/default/production\WirelessPad_RX.X.production.o
                cinit                                12       12       21        8       0
                intentry                              4        4        D        8       0
                text30                              224      224        9        8       0
                text29                              247      247        5        8       0
                text28                              242      242        5        8       0
                text27                              208      208        A        8       0
                text26                              258      258        4        8       0
                text25                              254      254        4        8       0
                text24                              21B      21B        9        8       0
                text23                              212      212        9        8       0
                text22                              25F      25F        3        8       0
                text21                              235      235        7        8       0
                text20                              16E      16E       19        8       0
                text19                              1E8      1E8        C        8       0
                text18                               E9       E9       1C        8       0
                text17                              120      120       1B        8       0
                text16                               33       33       49        8       0
                text15                              1DB      1DB        D        8       0
                text14                              1B1      1B1       10        8       0
                text13                              272      272        2      4E4       0
                text12                              1FE      1FE        A        8       0
                text11                              250      250        4        8       0
                text10                              1CE      1CE        D        8       0
                text9                               25C      25C        3        8       0
                text8                               24C      24C        4        8       0
                text7                               187      187       17        8       0
                text6                               13B      13B       1A        8       0
                text5                               1C1      1C1        D        8       0
                text4                               105      105       1B        8       0
                text3                               19E      19E       13        8       0
                text2                               1F4      1F4        A        8       0
                text1                                7C       7C       3B        8       0
                maintext                            22D      22D        8        8       0
                cstackBANK0                          52       52       13       20       1
                cstackCOMMON                         70       70        E       70       1
                inittext                            23C      23C        6        8       0
                dataBANK1                            A0       A0       19       A0       1
                dataBANK0                            20       20       32       20       1
                bssBANK0                             65       65        A       20       1
                stringtext8                         270      270        2      4C4       0
                stringtext7                         26E      26E        2      4C4       0
                stringtext6                         26C      26C        2      4C4       0
                stringtext5                         26A      26A        2      4C4       0
                stringtext4                         268      268        2      4C4       0
                stringtext3                         266      266        2      4C4       0
                stringtext2                         264      264        2      4C4       0
                stringtext1                         262      262        2      4C4       0
                idataBANK1                          155      155       19        8       0
                idataBANK0                           B7       B7       32        8       0

TOTAL           Name                               Link     Load   Length     Space
        CLASS   STACK          

        CLASS   CODE           
                end_init                             11       11        1         0
                cinit                                12       12       21         0
                intentry                              4        4        D         0
                reset_vec                             0        0        1         0
                text30                              224      224        9         0
                text29                              247      247        5         0
                text28                              242      242        5         0
                text27                              208      208        A         0
                text26                              258      258        4         0
                text25                              254      254        4         0
                text24                              21B      21B        9         0
                text23                              212      212        9         0
                text22                              25F      25F        3         0
                text21                              235      235        7         0
                text20                              16E      16E       19         0
                text19                              1E8      1E8        C         0
                text18                               E9       E9       1C         0
                text17                              120      120       1B         0
                text16                               33       33       49         0
                text15                              1DB      1DB        D         0
                text14                              1B1      1B1       10         0
                text13                              272      272        2         0
                text12                              1FE      1FE        A         0
                text11                              250      250        4         0
                text10                              1CE      1CE        D         0
                text9                               25C      25C        3         0
                text8                               24C      24C        4         0
                text7                               187      187       17         0
                text6                               13B      13B       1A         0
                text5                               1C1      1C1        D         0
                text4                               105      105       1B         0
                text3                               19E      19E       13         0
                text2                               1F4      1F4        A         0
                text1                                7C       7C       3B         0
                maintext                            22D      22D        8         0
                inittext                            23C      23C        6         0
                idataBANK1                          155      155       19         0
                idataBANK0                           B7       B7       32         0

        CLASS   STRCODE        
                stringtext8                         270      270        2         0
                stringtext7                         26E      26E        2         0
                stringtext6                         26C      26C        2         0
                stringtext5                         26A      26A        2         0
                stringtext4                         268      268        2         0
                stringtext3                         266      266        2         0
                stringtext2                         264      264        2         0
                stringtext1                         262      262        2         0

        CLASS   STRING         

        CLASS   CONST          

        CLASS   ENTRY          

        CLASS   COMMON         
                cstackCOMMON                         70       70        E         1

        CLASS   BANK0          
                cstackBANK0                          52       52       13         1
                dataBANK0                            20       20       32         1
                bssBANK0                             65       65        A         1

        CLASS   BANK1          
                dataBANK1                            A0       A0       19         1

        CLASS   BIGRAM         

        CLASS   RAM            

        CLASS   ABS1           
                abs_s1                               7E       7E        2         1

        CLASS   SFR0           

        CLASS   SFR1           

        CLASS   SFR2           

        CLASS   SFR3           

        CLASS   SFR4           

        CLASS   SFR5           

        CLASS   SFR6           

        CLASS   SFR7           

        CLASS   SFR8           

        CLASS   SFR9           

        CLASS   SFR10          

        CLASS   SFR11          

        CLASS   SFR12          

        CLASS   SFR13          

        CLASS   SFR14          

        CLASS   SFR15          

        CLASS   SFR16          

        CLASS   SFR17          

        CLASS   SFR18          

        CLASS   SFR19          

        CLASS   SFR20          

        CLASS   SFR21          

        CLASS   SFR22          

        CLASS   SFR23          

        CLASS   SFR24          

        CLASS   SFR25          

        CLASS   SFR26          

        CLASS   SFR27          

        CLASS   SFR28          

        CLASS   SFR29          

        CLASS   SFR30          

        CLASS   SFR31          

        CLASS   CONFIG         
                config                             8007     8007        2         0

        CLASS   IDLOC          

        CLASS   EEDATA         

        CLASS   BANK31         

        CLASS   BANK30         

        CLASS   BANK29         

        CLASS   BANK28         

        CLASS   BANK27         

        CLASS   BANK26         

        CLASS   BANK25         

        CLASS   BANK24         

        CLASS   BANK23         

        CLASS   BANK22         

        CLASS   BANK21         

        CLASS   BANK20         

        CLASS   BANK19         

        CLASS   BANK18         

        CLASS   BANK17         

        CLASS   BANK16         

        CLASS   BANK15         

        CLASS   BANK14         

        CLASS   BANK13         

        CLASS   BANK12         

        CLASS   BANK11         

        CLASS   BANK10         

        CLASS   BANK9          

        CLASS   BANK8          

        CLASS   BANK7          

        CLASS   BANK6          

        CLASS   BANK5          

        CLASS   BANK4          

        CLASS   BANK3          

        CLASS   BANK2          



SEGMENTS        Name                           Load    Length   Top    Selector   Space  Class     Delta

                reset_vec                      000000  000001  000001         0       0  CODE        2
                intentry                       000004  00025E  000262         8       0  CODE        2
                dataBANK0                      000020  00004F  00006F        20       1  BANK0       1
                cstackCOMMON                   000070  00000E  00007E        70       1  COMMON      1
                dataBANK1                      0000A0  000019  0000B9        A0       1  BANK1       1
                stringtext1                    000262  000010  000272       4C4       0  STRCODE     2
                text13                         000272  000002  000274       4E4       0  CODE        2
                config                         008007  000002  008009     1000E       0  CONFIG      2


UNUSED ADDRESS RANGES

        Name                Unused          Largest block    Delta
        BANK0            0006F-0006F               1           1
        BANK1            000B9-000BF               7           1
        BIGRAM           02000-0206F              70           1
        CODE             00001-00003               3           2
                         00274-007FF             58C
        CONST            00001-00003               3           2
                         00274-007FF             100
        EEDATA           0F000-0F0FF             100           2
        ENTRY            00001-00003               3           2
                         00274-007FF             100
        IDLOC            08000-08003               4           2
        RAM              0006F-0006F               1           1
                         000B9-000BF               7
        SFR0             00000-0001F              20           1
        SFR1             00080-0009F              20           1
        SFR10            00500-0056F              70           1
        SFR11            00580-005EF              70           1
        SFR12            00600-0066F              70           1
        SFR13            00680-006EF              70           1
        SFR14            00700-0076F              70           1
        SFR15            00780-007EF              70           1
        SFR16            00800-0086F              70           1
        SFR17            00880-008EF              70           1
        SFR18            00900-0096F              70           1
        SFR19            00980-009EF              70           1
        SFR2             00100-0016F              70           1
        SFR20            00A00-00A6F              70           1
        SFR21            00A80-00AEF              70           1
        SFR22            00B00-00B6F              70           1
        SFR23            00B80-00BEF              70           1
        SFR24            00C00-00C6F              70           1
        SFR25            00C80-00CEF              70           1
        SFR26            00D00-00D6F              70           1
        SFR27            00D80-00DEF              70           1
        SFR28            00E00-00E6F              70           1
        SFR29            00E80-00EEF              70           1
        SFR3             00180-001EF              70           1
        SFR30            00F00-00F6F              70           1
        SFR31            00F80-00FEF              70           1
        SFR4             00200-0026F              70           1
        SFR5             00280-002EF              70           1
        SFR6             00300-0036F              70           1
        SFR7             00380-003EF              70           1
        SFR8             00400-0046F              70           1
        SFR9             00480-004EF              70           1
        STACK            02069-0206F               7           1
        STRCODE          00001-00003               3           2
                         00274-007FF             58C
        STRING           00001-00003               3           2
                         00274-007FF             100

                                  Symbol Table

EUSART_Send@dat                   cstackCOMMON 00070
LEDx@num                          cstackCOMMON 00071
NRF_Check@F2228                   dataBANK0    00025
NRF_Check@buf                     cstackBANK0  00057
NRF_Check@i                       cstackBANK0  0005C
NRF_Check@tuf                     cstackBANK0  00052
NRF_Clear_IRQ@temp                cstackCOMMON 00078
NRF_Read_Buf@i                    cstackCOMMON 00077
NRF_Read_Buf@len                  cstackCOMMON 00072
NRF_Read_Buf@pBuf                 cstackCOMMON 00071
NRF_Read_Buf@reg                  cstackCOMMON 00076
NRF_Read_RX_Pload@pBuf            cstackCOMMON 0007B
NRF_Read_RX_Pload@pipe            cstackCOMMON 0007C
NRF_Read_RX_Pload@width           cstackCOMMON 0007A
NRF_Read_Reg@reg                  cstackCOMMON 00072
NRF_Read_Reg@status               cstackCOMMON 00073
NRF_RxPacket@rxbuf                cstackBANK0  00052
NRF_RxPacket@status               cstackBANK0  00053
NRF_Rx_Set@ack                    cstackCOMMON 00077
NRF_Rx_Set@pipe                   cstackCOMMON 00075
NRF_Rx_Set_P0@addr                cstackCOMMON 0007A
NRF_Rx_Set_P0@buf_len             cstackCOMMON 00077
NRF_SPI_RW@dat                    cstackCOMMON 00070
NRF_Write_Buf@i                   cstackCOMMON 00076
NRF_Write_Buf@len                 cstackCOMMON 00072
NRF_Write_Buf@pBuf                cstackCOMMON 00071
NRF_Write_Buf@reg                 cstackCOMMON 00075
NRF_Write_Reg@reg                 cstackCOMMON 00073
NRF_Write_Reg@status              cstackCOMMON 00074
NRF_Write_Reg@value               cstackCOMMON 00071
WirelessPad@rxbuf                 cstackBANK0  00063
_ADCON0                           (abs)        0009D
_ADCON1                           (abs)        0009E
_ADC_Init                         text30       00224
_ANSELA                           (abs)        0018C
_ANSELC                           (abs)        0018E
_BEEP_Init                        text29       00247
_BRG16                            (abs)        00CFB
_BRGH                             (abs)        00CF2
_EUSART_Init                      text27       00208
_EUSART_Send                      text21       00235
_EUSART_Tx                        text28       00242
_FOSC_Init                        text26       00258
_FVRCON                           (abs)        00117
_IOCAF4                           (abs)        01C9C
_IOCIE                            (abs)        0005B
_IOCIF                            (abs)        00058
_ISR                              intentry     00004
_LATA                             (abs)        0010C
_LATC                             (abs)        0010E
_LATC3                            (abs)        00873
_LED_Init                         text25       00254
_LEDx                             text20       0016E
_NRF_Check                        text16       00033
_NRF_Clear_IRQ                    text14       001B1
_NRF_Flush_RX                     text11       00250
_NRF_Get_Current_Pipenum          text8        0024C
_NRF_Get_Status                   text9        0025C
_NRF_On                           text13       00272
_NRF_Port_Init                    text12       001FE
_NRF_Read_Buf                     text18       000E9
_NRF_Read_RX_Pload                text7        00187
_NRF_Read_Reg                     text10       001CE
_NRF_RxPacket                     text6        0013B
_NRF_Rx_Receive                   text5        001C1
_NRF_Rx_Set                       text4        00105
_NRF_Rx_Set_P0                    text3        0019E
_NRF_SPI_Init                     text2        001F4
_NRF_SPI_RW                       text19       001E8
_NRF_Write_Buf                    text17       00120
_NRF_Write_Reg                    text15       001DB
_OSCCON                           (abs)        00099
_PEIE                             (abs)        0005E
_PORTA                            (abs)        0000C
_PORTA_Init                       text24       0021B
_PORTC                            (abs)        0000E
_PORTC_Init                       text23       00212
_PORT_Init                        text22       0025F
_RA0                              (abs)        00060
_RA2                              (abs)        00062
_RA4                              (abs)        00064
_RA5                              (abs)        00065
_RC3                              (abs)        00073
_RX_ADDRESS_P0                    dataBANK0    0004D
_RX_ADDRESS_P1                    dataBANK0    00048
_RX_ADDRESS_P2                    dataBANK0    00043
_RX_ADDRESS_P3                    dataBANK0    0003E
_RX_ADDRESS_P4                    dataBANK0    00039
_RX_ADDRESS_P5                    dataBANK0    00034
_SPBRGH                           (abs)        0019C
_SPBRGL                           (abs)        0019B
_SPEN                             (abs)        00CEF
_SSP1BUF                          (abs)        00211
_SSP1CON1                         (abs)        00215
_SSP1IF                           (abs)        0008B
_SSP1STAT                         (abs)        00214
_SSP1STATbits                     (abs)        00214
_SYNC                             (abs)        00CF4
_TRISA                            (abs)        0008C
_TRISA0                           (abs)        00460
_TRISA2                           (abs)        00462
_TRISC                            (abs)        0008E
_TRISC0                           (abs)        00470
_TRISC1                           (abs)        00471
_TRISC2                           (abs)        00472
_TRISC3                           (abs)        00473
_TRMT                             (abs)        00CF1
_TXCKSEL                          (abs)        008EA
_TXEN                             (abs)        00CF5
_TXREG                            (abs)        0019A
_WirelessPad                      text1        0007C
__CFG_BOREN$OFF                   (abs)        00000
__CFG_BORV$LO                     (abs)        00000
__CFG_CLKOUTEN$OFF                (abs)        00000
__CFG_CP$OFF                      (abs)        00000
__CFG_CPD$OFF                     (abs)        00000
__CFG_FCMEN$OFF                   (abs)        00000
__CFG_FOSC$INTOSC                 (abs)        00000
__CFG_IESO$OFF                    (abs)        00000
__CFG_LVP$OFF                     (abs)        00000
__CFG_MCLRE$OFF                   (abs)        00000
__CFG_PLLEN$OFF                   (abs)        00000
__CFG_PWRTE$OFF                   (abs)        00000
__CFG_STVREN$OFF                  (abs)        00000
__CFG_WDTE$OFF                    (abs)        00000
__CFG_WRT$OFF                     (abs)        00000
__Habs1                           abs1         00000
__Hbank0                          bank0        00000
__Hbank1                          bank1        00000
__Hbank10                         bank10       00000
__Hbank11                         bank11       00000
__Hbank12                         bank12       00000
__Hbank13                         bank13       00000
__Hbank14                         bank14       00000
__Hbank15                         bank15       00000
__Hbank16                         bank16       00000
__Hbank17                         bank17       00000
__Hbank18                         bank18       00000
__Hbank19                         bank19       00000
__Hbank2                          bank2        00000
__Hbank20                         bank20       00000
__Hbank21                         bank21       00000
__Hbank22                         bank22       00000
__Hbank23                         bank23       00000
__Hbank24                         bank24       00000
__Hbank25                         bank25       00000
__Hbank26                         bank26       00000
__Hbank27                         bank27       00000
__Hbank28                         bank28       00000
__Hbank29                         bank29       00000
__Hbank3                          bank3        00000
__Hbank30                         bank30       00000
__Hbank31                         bank31       00000
__Hbank4                          bank4        00000
__Hbank5                          bank5        00000
__Hbank6                          bank6        00000
__Hbank7                          bank7        00000
__Hbank8                          bank8        00000
__Hbank9                          bank9        00000
__Hbigram                         bigram       00000
__HbssBANK0                       bssBANK0     00000
__Hcinit                          cinit        00033
__Hclrtext                        clrtext      00000
__Hcode                           code         00000
__Hcommon                         common       00000
__Hconfig                         config       08009
__HcstackBANK0                    cstackBANK0  00000
__HcstackCOMMON                   cstackCOMMON 00000
__HdataBANK0                      dataBANK0    00000
__HdataBANK1                      dataBANK1    00000
__Heeprom_data                    eeprom_data  00000
__Hend_init                       end_init     00012
__Hfunctab                        functab      00000
__HidataBANK0                     idataBANK0   00000
__HidataBANK1                     idataBANK1   00000
__Hidloc                          idloc        00000
__Hinit                           init         00011
__Hinittext                       inittext     00000
__Hintentry                       intentry     00011
__Hmaintext                       maintext     00000
__Hpowerup                        powerup      00000
__Hram                            ram          00000
__Hreset_vec                      reset_vec    00001
__Hsfr0                           sfr0         00000
__Hsfr1                           sfr1         00000
__Hsfr10                          sfr10        00000
__Hsfr11                          sfr11        00000
__Hsfr12                          sfr12        00000
__Hsfr13                          sfr13        00000
__Hsfr14                          sfr14        00000
__Hsfr15                          sfr15        00000
__Hsfr16                          sfr16        00000
__Hsfr17                          sfr17        00000
__Hsfr18                          sfr18        00000
__Hsfr19                          sfr19        00000
__Hsfr2                           sfr2         00000
__Hsfr20                          sfr20        00000
__Hsfr21                          sfr21        00000
__Hsfr22                          sfr22        00000
__Hsfr23                          sfr23        00000
__Hsfr24                          sfr24        00000
__Hsfr25                          sfr25        00000
__Hsfr26                          sfr26        00000
__Hsfr27                          sfr27        00000
__Hsfr28                          sfr28        00000
__Hsfr29                          sfr29        00000
__Hsfr3                           sfr3         00000
__Hsfr30                          sfr30        00000
__Hsfr31                          sfr31        00000
__Hsfr4                           sfr4         00000
__Hsfr5                           sfr5         00000
__Hsfr6                           sfr6         00000
__Hsfr7                           sfr7         00000
__Hsfr8                           sfr8         00000
__Hsfr9                           sfr9         00000
__Hspace_0                        (abs)        08009
__Hspace_1                        (abs)        000B9
__Hspace_2                        (abs)        00000
__Hspace_3                        (abs)        00000
__Hstack                          stack        00000
__Hstrings                        strings      00000
__Hstringtext1                    stringtext1  00000
__Hstringtext2                    stringtext2  00000
__Hstringtext3                    stringtext3  00000
__Hstringtext4                    stringtext4  00000
__Hstringtext5                    stringtext5  00000
__Hstringtext6                    stringtext6  00000
__Hstringtext7                    stringtext7  00000
__Hstringtext8                    stringtext8  00000
__Htext                           text         00000
__Labs1                           abs1         00000
__Lbank0                          bank0        00000
__Lbank1                          bank1        00000
__Lbank10                         bank10       00000
__Lbank11                         bank11       00000
__Lbank12                         bank12       00000
__Lbank13                         bank13       00000
__Lbank14                         bank14       00000
__Lbank15                         bank15       00000
__Lbank16                         bank16       00000
__Lbank17                         bank17       00000
__Lbank18                         bank18       00000
__Lbank19                         bank19       00000
__Lbank2                          bank2        00000
__Lbank20                         bank20       00000
__Lbank21                         bank21       00000
__Lbank22                         bank22       00000
__Lbank23                         bank23       00000
__Lbank24                         bank24       00000
__Lbank25                         bank25       00000
__Lbank26                         bank26       00000
__Lbank27                         bank27       00000
__Lbank28                         bank28       00000
__Lbank29                         bank29       00000
__Lbank3                          bank3        00000
__Lbank30                         bank30       00000
__Lbank31                         bank31       00000
__Lbank4                          bank4        00000
__Lbank5                          bank5        00000
__Lbank6                          bank6        00000
__Lbank7                          bank7        00000
__Lbank8                          bank8        00000
__Lbank9                          bank9        00000
__Lbigram                         bigram       00000
__LbssBANK0                       bssBANK0     00000
__Lcinit                          cinit        00012
__Lclrtext                        clrtext      00000
__Lcode                           code         00000
__Lcommon                         common       00000
__Lconfig                         config       08007
__LcstackBANK0                    cstackBANK0  00000
__LcstackCOMMON                   cstackCOMMON 00000
__LdataBANK0                      dataBANK0    00000
__LdataBANK1                      dataBANK1    00000
__Leeprom_data                    eeprom_data  00000
__Lend_init                       end_init     00011
__Lfunctab                        functab      00000
__LidataBANK0                     idataBANK0   00000
__LidataBANK1                     idataBANK1   00000
__Lidloc                          idloc        00000
__Linit                           init         00011
__Linittext                       inittext     00000
__Lintentry                       intentry     00004
__Lmaintext                       maintext     00000
__Lpowerup                        powerup      00000
__Lram                            ram          00000
__Lreset_vec                      reset_vec    00000
__Lsfr0                           sfr0         00000
__Lsfr1                           sfr1         00000
__Lsfr10                          sfr10        00000
__Lsfr11                          sfr11        00000
__Lsfr12                          sfr12        00000
__Lsfr13                          sfr13        00000
__Lsfr14                          sfr14        00000
__Lsfr15                          sfr15        00000
__Lsfr16                          sfr16        00000
__Lsfr17                          sfr17        00000
__Lsfr18                          sfr18        00000
__Lsfr19                          sfr19        00000
__Lsfr2                           sfr2         00000
__Lsfr20                          sfr20        00000
__Lsfr21                          sfr21        00000
__Lsfr22                          sfr22        00000
__Lsfr23                          sfr23        00000
__Lsfr24                          sfr24        00000
__Lsfr25                          sfr25        00000
__Lsfr26                          sfr26        00000
__Lsfr27                          sfr27        00000
__Lsfr28                          sfr28        00000
__Lsfr29                          sfr29        00000
__Lsfr3                           sfr3         00000
__Lsfr30                          sfr30        00000
__Lsfr31                          sfr31        00000
__Lsfr4                           sfr4         00000
__Lsfr5                           sfr5         00000
__Lsfr6                           sfr6         00000
__Lsfr7                           sfr7         00000
__Lsfr8                           sfr8         00000
__Lsfr9                           sfr9         00000
__Lspace_0                        (abs)        00000
__Lspace_1                        (abs)        00000
__Lspace_2                        (abs)        00000
__Lspace_3                        (abs)        00000
__Lstack                          stack        00000
__Lstrings                        strings      00000
__Lstringtext1                    stringtext1  00000
__Lstringtext2                    stringtext2  00000
__Lstringtext3                    stringtext3  00000
__Lstringtext4                    stringtext4  00000
__Lstringtext5                    stringtext5  00000
__Lstringtext6                    stringtext6  00000
__Lstringtext7                    stringtext7  00000
__Lstringtext8                    stringtext8  00000
__Ltext                           text         00000
__S0                              (abs)        08009
__S1                              (abs)        000B9
__S2                              (abs)        00000
__S3                              (abs)        00000
___int_sp                         stack        00000
___latbits                        (abs)        00000
___sp                             stack        00000
___stackhi                        (abs)        0206F
___stacklo                        (abs)        02069
__end_of_ADC_Init                 text30       0022D
__end_of_BEEP_Init                text29       0024C
__end_of_EUSART_Init              text27       00212
__end_of_EUSART_Send              text21       0023C
__end_of_EUSART_Tx                text28       00247
__end_of_FOSC_Init                text26       0025C
__end_of_ISR                      intentry     00011
__end_of_LED_Init                 text25       00258
__end_of_LEDx                     text20       00187
__end_of_NRF_Check                text16       0007C
__end_of_NRF_Clear_IRQ            text14       001C1
__end_of_NRF_Flush_RX             text11       00254
__end_of_NRF_Get_Current_Pipenum  text8        00250
__end_of_NRF_Get_Status           text9        0025F
__end_of_NRF_On                   text13       00274
__end_of_NRF_Port_Init            text12       00208
__end_of_NRF_Read_Buf             text18       00105
__end_of_NRF_Read_RX_Pload        text7        0019E
__end_of_NRF_Read_Reg             text10       001DB
__end_of_NRF_RxPacket             text6        00155
__end_of_NRF_Rx_Receive           text5        001CE
__end_of_NRF_Rx_Set               text4        00120
__end_of_NRF_Rx_Set_P0            text3        001B1
__end_of_NRF_SPI_Init             text2        001FE
__end_of_NRF_SPI_RW               text19       001F4
__end_of_NRF_Write_Buf            text17       0013B
__end_of_NRF_Write_Reg            text15       001E8
__end_of_PORTA_Init               text24       00224
__end_of_PORTC_Init               text23       0021B
__end_of_PORT_Init                text22       00262
__end_of_WirelessPad              text1        000B7
__end_of__initialization          cinit        00030
__end_of_main                     maintext     00235
__end_of_pad_aux_off              stringtext1  00264
__end_of_pad_aux_ok               stringtext3  00268
__end_of_pad_aux_on               stringtext2  00266
__end_of_tx_pad_aux               stringtext8  00272
__end_of_tx_pad_bed               stringtext4  0026A
__end_of_tx_pad_chair             stringtext7  00270
__end_of_tx_pad_nci               stringtext6  0026E
__end_of_tx_pad_potty             stringtext5  0026C
__initialization                  cinit        00012
__pbssBANK0                       bssBANK0     00065
__pcstackBANK0                    cstackBANK0  00052
__pcstackCOMMON                   cstackCOMMON 00070
__pdataBANK0                      dataBANK0    00020
__pdataBANK1                      dataBANK1    000A0
__pidataBANK0                     idataBANK0   000B7
__pidataBANK1                     idataBANK1   00155
__pintentry                       intentry     00004
__pmaintext                       maintext     0022D
__pstringtext1                    stringtext1  00262
__pstringtext2                    stringtext2  00264
__pstringtext3                    stringtext3  00266
__pstringtext4                    stringtext4  00268
__pstringtext5                    stringtext5  0026A
__pstringtext6                    stringtext6  0026C
__pstringtext7                    stringtext7  0026E
__pstringtext8                    stringtext8  00270
__ptext1                          text1        0007C
__ptext10                         text10       001CE
__ptext11                         text11       00250
__ptext12                         text12       001FE
__ptext13                         text13       00272
__ptext14                         text14       001B1
__ptext15                         text15       001DB
__ptext16                         text16       00033
__ptext17                         text17       00120
__ptext18                         text18       000E9
__ptext19                         text19       001E8
__ptext2                          text2        001F4
__ptext20                         text20       0016E
__ptext21                         text21       00235
__ptext22                         text22       0025F
__ptext23                         text23       00212
__ptext24                         text24       0021B
__ptext25                         text25       00254
__ptext26                         text26       00258
__ptext27                         text27       00208
__ptext28                         text28       00242
__ptext29                         text29       00247
__ptext3                          text3        0019E
__ptext30                         text30       00224
__ptext4                          text4        00105
__ptext5                          text5        001C1
__ptext6                          text6        0013B
__ptext7                          text7        00187
__ptext8                          text8        0024C
__ptext9                          text9        0025C
__size_of_ADC_Init                (abs)        00000
__size_of_BEEP_Init               (abs)        00000
__size_of_EUSART_Init             (abs)        00000
__size_of_EUSART_Send             (abs)        00000
__size_of_EUSART_Tx               (abs)        00000
__size_of_FOSC_Init               (abs)        00000
__size_of_ISR                     (abs)        00000
__size_of_LED_Init                (abs)        00000
__size_of_LEDx                    (abs)        00000
__size_of_NRF_Check               (abs)        00000
__size_of_NRF_Clear_IRQ           (abs)        00000
__size_of_NRF_Flush_RX            (abs)        00000
__size_of_NRF_Get_Current_Pipenum (abs)        00000
__size_of_NRF_Get_Status          (abs)        00000
__size_of_NRF_On                  (abs)        00000
__size_of_NRF_Port_Init           (abs)        00000
__size_of_NRF_Read_Buf            (abs)        00000
__size_of_NRF_Read_RX_Pload       (abs)        00000
__size_of_NRF_Read_Reg            (abs)        00000
__size_of_NRF_RxPacket            (abs)        00000
__size_of_NRF_Rx_Receive          (abs)        00000
__size_of_NRF_Rx_Set              (abs)        00000
__size_of_NRF_Rx_Set_P0           (abs)        00000
__size_of_NRF_SPI_Init            (abs)        00000
__size_of_NRF_SPI_RW              (abs)        00000
__size_of_NRF_Write_Buf           (abs)        00000
__size_of_NRF_Write_Reg           (abs)        00000
__size_of_PORTA_Init              (abs)        00000
__size_of_PORTC_Init              (abs)        00000
__size_of_PORT_Init               (abs)        00000
__size_of_WirelessPad             (abs)        00000
__size_of_main                    (abs)        00000
_main                             maintext     0022D
_rx_addr_0                        dataBANK0    0002F
btemp                             (abs)        0007E
end_of_initialization             cinit        00030
init_ram                          inittext     0023C
int$flags                         (abs)        0007E
intlevel0                         functab      00000
intlevel1                         functab      00000
intlevel2                         functab      00000
intlevel3                         functab      00000
intlevel4                         functab      00000
intlevel5                         functab      00000
reset_vec                         reset_vec    00000
start                             init         00011
start_initialization              cinit        00012
wtemp0                            (abs)        0007E


FUNCTION INFORMATION:

 *************** function _main *****************
 Defined at:
		line 157 in file "main.c"
 Parameters:    Size  Location     Type
		None
 Auto vars:     Size  Location     Type
		None
 Return value:  Size  Location     Type
                  1    wreg      void 
 Registers used:
		wreg, fsr0l, fsr0h, fsr1l, fsr1h, status,2, status,0, pclath, cstack
 Tracked objects:
		On entry : 
		On exit  : 
		Unchanged: 
 Data sizes:     COMMON   BANK0   BANK1
      Params:         0       0       0
      Locals:         0       0       0
      Temps:          0       0       0
      Totals:         0       0       0
Total ram usage:        0 bytes
 Hardware stack levels required when called:    8
 This function calls:
		_ADC_Init
		_BEEP_Init
		_EUSART_Init
		_FOSC_Init
		_LED_Init
		_PORT_Init
		_WirelessPad
 This function is called by:
		Startup code after reset
 This function uses a non-reentrant model


 *************** function _WirelessPad *****************
 Defined at:
		line 180 in file "main.c"
 Parameters:    Size  Location     Type
		None
 Auto vars:     Size  Location     Type
  i               2    0        unsigned int 
  adc             1    0        unsigned char 
  rxbuf           2   17[BANK0 ] unsigned char [2]
  ledx            1    0        unsigned char 
 Return value:  Size  Location     Type
                  1    wreg      void 
 Registers used:
		wreg, fsr0l, fsr0h, fsr1l, fsr1h, status,2, status,0, pclath, cstack
 Tracked objects:
		On entry : 
		On exit  : 
		Unchanged: 
 Data sizes:     COMMON   BANK0   BANK1
      Params:         0       0       0
      Locals:         0       6       0
      Temps:          0       2       0
      Totals:         0       8       0
Total ram usage:        8 bytes
 Hardware stack levels used:    1
 Hardware stack levels required when called:    7
 This function calls:
		_EUSART_Send
		_LEDx
		_NRF_Check
		_NRF_Clear_IRQ
		_NRF_On
		_NRF_Port_Init
		_NRF_RxPacket
		_NRF_Rx_Receive
		_NRF_Rx_Set
		_NRF_Rx_Set_P0
		_NRF_SPI_Init
 This function is called by:
		_main
 This function uses a non-reentrant model


 *************** function _NRF_SPI_Init *****************
 Defined at:
		line 70 in file "../library/nrf24l01.c"
 Parameters:    Size  Location     Type
		None
 Auto vars:     Size  Location     Type
		None
 Return value:  Size  Location     Type
                  1    wreg      void 
 Registers used:
		wreg, status,2
 Tracked objects:
		On entry : 
		On exit  : 
		Unchanged: 
 Data sizes:     COMMON   BANK0   BANK1
      Params:         0       0       0
      Locals:         0       0       0
      Temps:          0       0       0
      Totals:         0       0       0
Total ram usage:        0 bytes
 Hardware stack levels used:    1
 Hardware stack levels required when called:    1
 This function calls:
		Nothing
 This function is called by:
		_WirelessPad
 This function uses a non-reentrant model


 *************** function _NRF_Rx_Set_P0 *****************
 Defined at:
		line 426 in file "../library/nrf24l01.c"
 Parameters:    Size  Location     Type
  addr            1    wreg     PTR unsigned char 
		 -> rx_addr_0(5), 
  buf_len         1    7[COMMON] unsigned char 
 Auto vars:     Size  Location     Type
  addr            1   10[COMMON] PTR unsigned char 
		 -> rx_addr_0(5), 
 Return value:  Size  Location     Type
                  1    wreg      void 
 Registers used:
		wreg, fsr1l, fsr1h, status,2, status,0, pclath, cstack
 Tracked objects:
		On entry : 
		On exit  : 
		Unchanged: 
 Data sizes:     COMMON   BANK0   BANK1
      Params:         1       0       0
      Locals:         1       0       0
      Temps:          2       0       0
      Totals:         4       0       0
Total ram usage:        4 bytes
 Hardware stack levels used:    1
 Hardware stack levels required when called:    3
 This function calls:
		_NRF_Write_Buf
		_NRF_Write_Reg
 This function is called by:
		_WirelessPad
 This function uses a non-reentrant model


 *************** function _NRF_Rx_Set *****************
 Defined at:
		line 417 in file "../library/nrf24l01.c"
 Parameters:    Size  Location     Type
  ack             1    wreg     unsigned char 
  pipe            1    5[COMMON] unsigned char 
 Auto vars:     Size  Location     Type
  ack             1    7[COMMON] unsigned char 
 Return value:  Size  Location     Type
                  1    wreg      void 
 Registers used:
		wreg, status,2, status,0, pclath, cstack
 Tracked objects:
		On entry : 
		On exit  : 
		Unchanged: 
 Data sizes:     COMMON   BANK0   BANK1
      Params:         1       0       0
      Locals:         1       0       0
      Temps:          1       0       0
      Totals:         3       0       0
Total ram usage:        3 bytes
 Hardware stack levels used:    1
 Hardware stack levels required when called:    3
 This function calls:
		_NRF_Write_Reg
 This function is called by:
		_WirelessPad
 This function uses a non-reentrant model


 *************** function _NRF_Rx_Receive *****************
 Defined at:
		line 456 in file "../library/nrf24l01.c"
 Parameters:    Size  Location     Type
		None
 Auto vars:     Size  Location     Type
		None
 Return value:  Size  Location     Type
                  1    wreg      void 
 Registers used:
		wreg, status,2, status,0, pclath, cstack
 Tracked objects:
		On entry : 
		On exit  : 
		Unchanged: 
 Data sizes:     COMMON   BANK0   BANK1
      Params:         0       0       0
      Locals:         0       0       0
      Temps:          1       0       0
      Totals:         1       0       0
Total ram usage:        1 bytes
 Hardware stack levels used:    1
 Hardware stack levels required when called:    3
 This function calls:
		_NRF_Write_Reg
 This function is called by:
		_WirelessPad
 This function uses a non-reentrant model


 *************** function _NRF_RxPacket *****************
 Defined at:
		line 264 in file "../library/nrf24l01.c"
 Parameters:    Size  Location     Type
  rxbuf           1    wreg     PTR unsigned char 
		 -> WirelessPad@rxbuf(2), 
 Auto vars:     Size  Location     Type
  rxbuf           1    0[BANK0 ] PTR unsigned char 
		 -> WirelessPad@rxbuf(2), 
  status          1    1[BANK0 ] unsigned char 
 Return value:  Size  Location     Type
                  1    wreg      unsigned char 
 Registers used:
		wreg, fsr1l, fsr1h, status,2, status,0, pclath, cstack
 Tracked objects:
		On entry : 
		On exit  : 
		Unchanged: 
 Data sizes:     COMMON   BANK0   BANK1
      Params:         0       0       0
      Locals:         0       2       0
      Temps:          1       0       0
      Totals:         1       2       0
Total ram usage:        3 bytes
 Hardware stack levels used:    1
 Hardware stack levels required when called:    6
 This function calls:
		_NRF_Flush_RX
		_NRF_Get_Status
		_NRF_Read_RX_Pload
		_NRF_Write_Reg
 This function is called by:
		_WirelessPad
 This function uses a non-reentrant model


 *************** function _NRF_Read_RX_Pload *****************
 Defined at:
		line 293 in file "../library/nrf24l01.c"
 Parameters:    Size  Location     Type
  pBuf            1    wreg     PTR unsigned char 
		 -> WirelessPad@rxbuf(2), 
 Auto vars:     Size  Location     Type
  pBuf            1   11[COMMON] PTR unsigned char 
		 -> WirelessPad@rxbuf(2), 
  pipe            1   12[COMMON] unsigned char 
  width           1   10[COMMON] unsigned char 
 Return value:  Size  Location     Type
                  1    wreg      unsigned char 
 Registers used:
		wreg, fsr1l, fsr1h, status,2, status,0, pclath, cstack
 Tracked objects:
		On entry : 
		On exit  : 
		Unchanged: 
 Data sizes:     COMMON   BANK0   BANK1
      Params:         0       0       0
      Locals:         3       0       0
      Temps:          2       0       0
      Totals:         5       0       0
Total ram usage:        5 bytes
 Hardware stack levels used:    1
 Hardware stack levels required when called:    5
 This function calls:
		_NRF_Get_Current_Pipenum
		_NRF_Read_Buf
		_NRF_Read_Reg
 This function is called by:
		_NRF_RxPacket
 This function uses a non-reentrant model


 *************** function _NRF_Get_Current_Pipenum *****************
 Defined at:
		line 284 in file "../library/nrf24l01.c"
 Parameters:    Size  Location     Type
		None
 Auto vars:     Size  Location     Type
		None
 Return value:  Size  Location     Type
                  1    wreg      unsigned char 
 Registers used:
		wreg, status,2, status,0, pclath, cstack
 Tracked objects:
		On entry : 
		On exit  : 
		Unchanged: 
 Data sizes:     COMMON   BANK0   BANK1
      Params:         0       0       0
      Locals:         0       0       0
      Temps:          0       0       0
      Totals:         0       0       0
Total ram usage:        0 bytes
 Hardware stack levels used:    1
 Hardware stack levels required when called:    4
 This function calls:
		_NRF_Get_Status
 This function is called by:
		_NRF_Read_RX_Pload
 This function uses a non-reentrant model


 *************** function _NRF_Get_Status *****************
 Defined at:
		line 304 in file "../library/nrf24l01.c"
 Parameters:    Size  Location     Type
		None
 Auto vars:     Size  Location     Type
		None
 Return value:  Size  Location     Type
                  1    wreg      unsigned char 
 Registers used:
		wreg, status,2, status,0, pclath, cstack
 Tracked objects:
		On entry : 
		On exit  : 
		Unchanged: 
 Data sizes:     COMMON   BANK0   BANK1
      Params:         0       0       0
      Locals:         0       0       0
      Temps:          0       0       0
      Totals:         0       0       0
Total ram usage:        0 bytes
 Hardware stack levels used:    1
 Hardware stack levels required when called:    3
 This function calls:
		_NRF_Read_Reg
 This function is called by:
		_NRF_RxPacket
		_NRF_Get_Current_Pipenum
 This function uses a non-reentrant model


 *************** function _NRF_Read_Reg *****************
 Defined at:
		line 87 in file "../library/nrf24l01.c"
 Parameters:    Size  Location     Type
  reg             1    wreg     unsigned char 
 Auto vars:     Size  Location     Type
  reg             1    2[COMMON] unsigned char 
  status          1    3[COMMON] unsigned char 
 Return value:  Size  Location     Type
                  1    wreg      unsigned char 
 Registers used:
		wreg, status,2, status,0, pclath, cstack
 Tracked objects:
		On entry : 
		On exit  : 
		Unchanged: 
 Data sizes:     COMMON   BANK0   BANK1
      Params:         0       0       0
      Locals:         2       0       0
      Temps:          1       0       0
      Totals:         3       0       0
Total ram usage:        3 bytes
 Hardware stack levels used:    1
 Hardware stack levels required when called:    2
 This function calls:
		_NRF_SPI_RW
 This function is called by:
		_NRF_Read_RX_Pload
		_NRF_Get_Status
 This function uses a non-reentrant model


 *************** function _NRF_Flush_RX *****************
 Defined at:
		line 318 in file "../library/nrf24l01.c"
 Parameters:    Size  Location     Type
		None
 Auto vars:     Size  Location     Type
		None
 Return value:  Size  Location     Type
                  1    wreg      void 
 Registers used:
		wreg, status,2, status,0, pclath, cstack
 Tracked objects:
		On entry : 
		On exit  : 
		Unchanged: 
 Data sizes:     COMMON   BANK0   BANK1
      Params:         0       0       0
      Locals:         0       0       0
      Temps:          0       0       0
      Totals:         0       0       0
Total ram usage:        0 bytes
 Hardware stack levels used:    1
 Hardware stack levels required when called:    3
 This function calls:
		_NRF_Write_Reg
 This function is called by:
		_NRF_RxPacket
 This function uses a non-reentrant model


 *************** function _NRF_Port_Init *****************
 Defined at:
		line 44 in file "../library/nrf24l01.c"
 Parameters:    Size  Location     Type
		None
 Auto vars:     Size  Location     Type
		None
 Return value:  Size  Location     Type
                  1    wreg      void 
 Registers used:
		None
 Tracked objects:
		On entry : 
		On exit  : 
		Unchanged: 
 Data sizes:     COMMON   BANK0   BANK1
      Params:         0       0       0
      Locals:         0       0       0
      Temps:          0       0       0
      Totals:         0       0       0
Total ram usage:        0 bytes
 Hardware stack levels used:    1
 Hardware stack levels required when called:    1
 This function calls:
		Nothing
 This function is called by:
		_WirelessPad
 This function uses a non-reentrant model


 *************** function _NRF_On *****************
 Defined at:
		line 58 in file "../library/nrf24l01.c"
 Parameters:    Size  Location     Type
		None
 Auto vars:     Size  Location     Type
		None
 Return value:  Size  Location     Type
                  1    wreg      void 
 Registers used:
		None
 Tracked objects:
		On entry : 
		On exit  : 
		Unchanged: 
 Data sizes:     COMMON   BANK0   BANK1
      Params:         0       0       0
      Locals:         0       0       0
      Temps:          0       0       0
      Totals:         0       0       0
Total ram usage:        0 bytes
 Hardware stack levels used:    1
 Hardware stack levels required when called:    1
 This function calls:
		Nothing
 This function is called by:
		_WirelessPad
 This function uses a non-reentrant model


 *************** function _NRF_Clear_IRQ *****************
 Defined at:
		line 322 in file "../library/nrf24l01.c"
 Parameters:    Size  Location     Type
		None
 Auto vars:     Size  Location     Type
  buf             2    0        PTR unsigned char 
  temp            1    8[COMMON] unsigned char 
  IRQ_FLAG        1    0        unsigned char 
  rx_pw           1    0        unsigned char 
 Return value:  Size  Location     Type
                  1    wreg      unsigned char 
 Registers used:
		wreg, status,2, status,0, pclath, cstack
 Tracked objects:
		On entry : 
		On exit  : 
		Unchanged: 
 Data sizes:     COMMON   BANK0   BANK1
      Params:         0       0       0
      Locals:         2       0       0
      Temps:          2       0       0
      Totals:         4       0       0
Total ram usage:        4 bytes
 Hardware stack levels used:    1
 Hardware stack levels required when called:    3
 This function calls:
		_NRF_Write_Reg
 This function is called by:
		_WirelessPad
 This function uses a non-reentrant model


 *************** function _NRF_Write_Reg *****************
 Defined at:
		line 103 in file "../library/nrf24l01.c"
 Parameters:    Size  Location     Type
  reg             1    wreg     unsigned char 
  value           1    1[COMMON] unsigned char 
 Auto vars:     Size  Location     Type
  reg             1    3[COMMON] unsigned char 
  status          1    4[COMMON] unsigned char 
 Return value:  Size  Location     Type
                  1    wreg      unsigned char 
 Registers used:
		wreg, status,2, status,0, pclath, cstack
 Tracked objects:
		On entry : 
		On exit  : 
		Unchanged: 
 Data sizes:     COMMON   BANK0   BANK1
      Params:         1       0       0
      Locals:         2       0       0
      Temps:          1       0       0
      Totals:         4       0       0
Total ram usage:        4 bytes
 Hardware stack levels used:    1
 Hardware stack levels required when called:    2
 This function calls:
		_NRF_SPI_RW
 This function is called by:
		_NRF_RxPacket
		_NRF_Flush_RX
		_NRF_Clear_IRQ
		_NRF_Rx_Set
		_NRF_Rx_Set_P0
		_NRF_Rx_Receive
 This function uses a non-reentrant model


 *************** function _NRF_Check *****************
 Defined at:
		line 158 in file "../library/nrf24l01.c"
 Parameters:    Size  Location     Type
		None
 Auto vars:     Size  Location     Type
  buf             5    5[BANK0 ] unsigned char [5]
  tuf             5    0[BANK0 ] unsigned char [5]
  i               1   10[BANK0 ] unsigned char 
 Return value:  Size  Location     Type
                  1    wreg      unsigned char 
 Registers used:
		wreg, fsr0l, fsr0h, fsr1l, fsr1h, status,2, status,0, pclath, cstack
 Tracked objects:
		On entry : 
		On exit  : 
		Unchanged: 
 Data sizes:     COMMON   BANK0   BANK1
      Params:         0       0       0
      Locals:         0      11       0
      Temps:          2       0       0
      Totals:         2      11       0
Total ram usage:       13 bytes
 Hardware stack levels used:    1
 Hardware stack levels required when called:    3
 This function calls:
		_NRF_Read_Buf
		_NRF_Write_Buf
 This function is called by:
		_WirelessPad
 This function uses a non-reentrant model


 *************** function _NRF_Write_Buf *****************
 Defined at:
		line 138 in file "../library/nrf24l01.c"
 Parameters:    Size  Location     Type
  reg             1    wreg     unsigned char 
  pBuf            1    1[COMMON] PTR unsigned char 
		 -> rx_addr_0(5), RX_ADDRESS_P5(5), RX_ADDRESS_P4(5), RX_ADDRESS_P3(5), 
		 -> RX_ADDRESS_P2(5), RX_ADDRESS_P1(5), RX_ADDRESS_P0(5), NRF_Check@tuf(5), 
  len             1    2[COMMON] unsigned char 
 Auto vars:     Size  Location     Type
  reg             1    5[COMMON] unsigned char 
  i               1    6[COMMON] unsigned char 
  status          1    0        unsigned char 
 Return value:  Size  Location     Type
                  1    wreg      unsigned char 
 Registers used:
		wreg, fsr1l, fsr1h, status,2, status,0, pclath, cstack
 Tracked objects:
		On entry : 
		On exit  : 
		Unchanged: 
 Data sizes:     COMMON   BANK0   BANK1
      Params:         2       0       0
      Locals:         3       0       0
      Temps:          1       0       0
      Totals:         6       0       0
Total ram usage:        6 bytes
 Hardware stack levels used:    1
 Hardware stack levels required when called:    2
 This function calls:
		_NRF_SPI_RW
 This function is called by:
		_NRF_Check
		_NRF_Rx_Set_P0
 This function uses a non-reentrant model


 *************** function _NRF_Read_Buf *****************
 Defined at:
		line 119 in file "../library/nrf24l01.c"
 Parameters:    Size  Location     Type
  reg             1    wreg     unsigned char 
  pBuf            1    1[COMMON] PTR unsigned char 
		 -> WirelessPad@rxbuf(2), NRF_Check@buf(5), 
  len             1    2[COMMON] unsigned char 
 Auto vars:     Size  Location     Type
  reg             1    6[COMMON] unsigned char 
  i               1    7[COMMON] unsigned char 
  status          1    0        unsigned char 
 Return value:  Size  Location     Type
                  1    wreg      unsigned char 
 Registers used:
		wreg, fsr1l, fsr1h, status,2, status,0, pclath, cstack
 Tracked objects:
		On entry : 
		On exit  : 
		Unchanged: 
 Data sizes:     COMMON   BANK0   BANK1
      Params:         2       0       0
      Locals:         3       0       0
      Temps:          2       0       0
      Totals:         7       0       0
Total ram usage:        7 bytes
 Hardware stack levels used:    1
 Hardware stack levels required when called:    2
 This function calls:
		_NRF_SPI_RW
 This function is called by:
		_NRF_Check
		_NRF_Read_RX_Pload
 This function uses a non-reentrant model


 *************** function _NRF_SPI_RW *****************
 Defined at:
		line 79 in file "../library/nrf24l01.c"
 Parameters:    Size  Location     Type
  dat             1    wreg     unsigned char 
 Auto vars:     Size  Location     Type
  dat             1    0[COMMON] unsigned char 
 Return value:  Size  Location     Type
                  1    wreg      unsigned char 
 Registers used:
		wreg
 Tracked objects:
		On entry : 
		On exit  : 
		Unchanged: 
 Data sizes:     COMMON   BANK0   BANK1
      Params:         0       0       0
      Locals:         1       0       0
      Temps:          0       0       0
      Totals:         1       0       0
Total ram usage:        1 bytes
 Hardware stack levels used:    1
 Hardware stack levels required when called:    1
 This function calls:
		Nothing
 This function is called by:
		_NRF_Read_Reg
		_NRF_Write_Reg
		_NRF_Read_Buf
		_NRF_Write_Buf
 This function uses a non-reentrant model


 *************** function _LEDx *****************
 Defined at:
		line 10 in file "../library/ledx.c"
 Parameters:    Size  Location     Type
  num             1    wreg     unsigned char 
 Auto vars:     Size  Location     Type
  num             1    1[COMMON] unsigned char 
 Return value:  Size  Location     Type
                  1    wreg      void 
 Registers used:
		wreg, status,2, status,0
 Tracked objects:
		On entry : 
		On exit  : 
		Unchanged: 
 Data sizes:     COMMON   BANK0   BANK1
      Params:         0       0       0
      Locals:         1       0       0
      Temps:          1       0       0
      Totals:         2       0       0
Total ram usage:        2 bytes
 Hardware stack levels used:    1
 Hardware stack levels required when called:    1
 This function calls:
		Nothing
 This function is called by:
		_WirelessPad
 This function uses a non-reentrant model


 *************** function _EUSART_Send *****************
 Defined at:
		line 47 in file "../library/eusart.c"
 Parameters:    Size  Location     Type
  dat             1    wreg     unsigned char 
 Auto vars:     Size  Location     Type
  dat             1    0[COMMON] unsigned char 
 Return value:  Size  Location     Type
                  1    wreg      void 
 Registers used:
		wreg
 Tracked objects:
		On entry : 
		On exit  : 
		Unchanged: 
 Data sizes:     COMMON   BANK0   BANK1
      Params:         0       0       0
      Locals:         1       0       0
      Temps:          0       0       0
      Totals:         1       0       0
Total ram usage:        1 bytes
 Hardware stack levels used:    1
 Hardware stack levels required when called:    1
 This function calls:
		Nothing
 This function is called by:
		_WirelessPad
 This function uses a non-reentrant model


 *************** function _PORT_Init *****************
 Defined at:
		line 4 in file "../library/port.c"
 Parameters:    Size  Location     Type
		None
 Auto vars:     Size  Location     Type
		None
 Return value:  Size  Location     Type
                  1    wreg      void 
 Registers used:
		status,2, status,0, pclath, cstack
 Tracked objects:
		On entry : 
		On exit  : 
		Unchanged: 
 Data sizes:     COMMON   BANK0   BANK1
      Params:         0       0       0
      Locals:         0       0       0
      Temps:          0       0       0
      Totals:         0       0       0
Total ram usage:        0 bytes
 Hardware stack levels used:    1
 Hardware stack levels required when called:    2
 This function calls:
		_PORTA_Init
		_PORTC_Init
 This function is called by:
		_main
 This function uses a non-reentrant model


 *************** function _PORTC_Init *****************
 Defined at:
		line 16 in file "../library/port.c"
 Parameters:    Size  Location     Type
		None
 Auto vars:     Size  Location     Type
		None
 Return value:  Size  Location     Type
                  1    wreg      void 
 Registers used:
		status,2
 Tracked objects:
		On entry : 
		On exit  : 
		Unchanged: 
 Data sizes:     COMMON   BANK0   BANK1
      Params:         0       0       0
      Locals:         0       0       0
      Temps:          0       0       0
      Totals:         0       0       0
Total ram usage:        0 bytes
 Hardware stack levels used:    1
 Hardware stack levels required when called:    1
 This function calls:
		Nothing
 This function is called by:
		_PORT_Init
 This function uses a non-reentrant model


 *************** function _PORTA_Init *****************
 Defined at:
		line 9 in file "../library/port.c"
 Parameters:    Size  Location     Type
		None
 Auto vars:     Size  Location     Type
		None
 Return value:  Size  Location     Type
                  1    wreg      void 
 Registers used:
		status,2
 Tracked objects:
		On entry : 
		On exit  : 
		Unchanged: 
 Data sizes:     COMMON   BANK0   BANK1
      Params:         0       0       0
      Locals:         0       0       0
      Temps:          0       0       0
      Totals:         0       0       0
Total ram usage:        0 bytes
 Hardware stack levels used:    1
 Hardware stack levels required when called:    1
 This function calls:
		Nothing
 This function is called by:
		_PORT_Init
 This function uses a non-reentrant model


 *************** function _LED_Init *****************
 Defined at:
		line 5 in file "../library/ledx.c"
 Parameters:    Size  Location     Type
		None
 Auto vars:     Size  Location     Type
		None
 Return value:  Size  Location     Type
                  1    wreg      void 
 Registers used:
		None
 Tracked objects:
		On entry : 
		On exit  : 
		Unchanged: 
 Data sizes:     COMMON   BANK0   BANK1
      Params:         0       0       0
      Locals:         0       0       0
      Temps:          0       0       0
      Totals:         0       0       0
Total ram usage:        0 bytes
 Hardware stack levels used:    1
 Hardware stack levels required when called:    1
 This function calls:
		Nothing
 This function is called by:
		_main
 This function uses a non-reentrant model


 *************** function _FOSC_Init *****************
 Defined at:
		line 3 in file "../library/fosc.c"
 Parameters:    Size  Location     Type
		None
 Auto vars:     Size  Location     Type
		None
 Return value:  Size  Location     Type
                  1    wreg      void 
 Registers used:
		wreg
 Tracked objects:
		On entry : 
		On exit  : 
		Unchanged: 
 Data sizes:     COMMON   BANK0   BANK1
      Params:         0       0       0
      Locals:         0       0       0
      Temps:          0       0       0
      Totals:         0       0       0
Total ram usage:        0 bytes
 Hardware stack levels used:    1
 Hardware stack levels required when called:    1
 This function calls:
		Nothing
 This function is called by:
		_main
 This function uses a non-reentrant model


 *************** function _EUSART_Init *****************
 Defined at:
		line 27 in file "../library/eusart.c"
 Parameters:    Size  Location     Type
		None
 Auto vars:     Size  Location     Type
		None
 Return value:  Size  Location     Type
                  1    wreg      void 
 Registers used:
		wreg, status,2, status,0, pclath, cstack
 Tracked objects:
		On entry : 
		On exit  : 
		Unchanged: 
 Data sizes:     COMMON   BANK0   BANK1
      Params:         0       0       0
      Locals:         0       0       0
      Temps:          0       0       0
      Totals:         0       0       0
Total ram usage:        0 bytes
 Hardware stack levels used:    1
 Hardware stack levels required when called:    2
 This function calls:
		_EUSART_Tx
 This function is called by:
		_main
 This function uses a non-reentrant model


 *************** function _EUSART_Tx *****************
 Defined at:
		line 5 in file "../library/eusart.c"
 Parameters:    Size  Location     Type
		None
 Auto vars:     Size  Location     Type
		None
 Return value:  Size  Location     Type
                  1    wreg      void 
 Registers used:
		None
 Tracked objects:
		On entry : 
		On exit  : 
		Unchanged: 
 Data sizes:     COMMON   BANK0   BANK1
      Params:         0       0       0
      Locals:         0       0       0
      Temps:          0       0       0
      Totals:         0       0       0
Total ram usage:        0 bytes
 Hardware stack levels used:    1
 Hardware stack levels required when called:    1
 This function calls:
		Nothing
 This function is called by:
		_EUSART_Init
 This function uses a non-reentrant model


 *************** function _BEEP_Init *****************
 Defined at:
		line 87 in file "main.c"
 Parameters:    Size  Location     Type
		None
 Auto vars:     Size  Location     Type
		None
 Return value:  Size  Location     Type
                  1    wreg      void 
 Registers used:
		None
 Tracked objects:
		On entry : 
		On exit  : 
		Unchanged: 
 Data sizes:     COMMON   BANK0   BANK1
      Params:         0       0       0
      Locals:         0       0       0
      Temps:          0       0       0
      Totals:         0       0       0
Total ram usage:        0 bytes
 Hardware stack levels used:    1
 Hardware stack levels required when called:    1
 This function calls:
		Nothing
 This function is called by:
		_main
 This function uses a non-reentrant model


 *************** function _ADC_Init *****************
 Defined at:
		line 101 in file "main.c"
 Parameters:    Size  Location     Type
		None
 Auto vars:     Size  Location     Type
		None
 Return value:  Size  Location     Type
                  1    wreg      void 
 Registers used:
		wreg
 Tracked objects:
		On entry : 
		On exit  : 
		Unchanged: 
 Data sizes:     COMMON   BANK0   BANK1
      Params:         0       0       0
      Locals:         0       0       0
      Temps:          0       0       0
      Totals:         0       0       0
Total ram usage:        0 bytes
 Hardware stack levels used:    1
 Hardware stack levels required when called:    1
 This function calls:
		Nothing
 This function is called by:
		_main
 This function uses a non-reentrant model


 *************** function _ISR *****************
 Defined at:
		line 141 in file "main.c"
 Parameters:    Size  Location     Type
		None
 Auto vars:     Size  Location     Type
		None
 Return value:  Size  Location     Type
                  1    wreg      void 
 Registers used:
		None
 Tracked objects:
		On entry : 
		On exit  : 
		Unchanged: 
 Data sizes:     COMMON   BANK0   BANK1
      Params:         0       0       0
      Locals:         0       0       0
      Temps:          0       0       0
      Totals:         0       0       0
Total ram usage:        0 bytes
 Hardware stack levels used:    1
 This function calls:
		Nothing
 This function is called by:
		Interrupt level 1
 This function uses a non-reentrant model



MODULE INFORMATION

Module		Function		Class		Link	Load	Size
../library/ledx.c
		_LED_Init      		CODE           	0254	0000	5
		_LEDx          		CODE           	016E	0000	26

../library/ledx.c estimated size: 31

../library/fosc.c
		_FOSC_Init     		CODE           	0258	0000	5

../library/fosc.c estimated size: 5

../library/port.c
		_PORTA_Init    		CODE           	021B	0000	10
		_PORT_Init     		CODE           	025F	0000	4
		_PORTC_Init    		CODE           	0212	0000	10

../library/port.c estimated size: 24

shared
		_tx_pad_bed    		STRCODE        	0000	0000	0
		_tx_pad_nci    		STRCODE        	0000	0000	0
		_tx_pad_aux    		STRCODE        	0000	0000	0
		_tx_pad_chair  		STRCODE        	0000	0000	0
		_tx_pad_potty  		STRCODE        	0000	0000	0
		_pad_aux_ok    		STRCODE        	0000	0000	0
		_pad_aux_on    		STRCODE        	0000	0000	0
		_pad_aux_off   		STRCODE        	0000	0000	0
		__initialization		CODE           	0012	0000	31

shared estimated size: 31

../library/eusart.c
		_EUSART_Tx     		CODE           	0242	0000	6
		_EUSART_Send   		CODE           	0235	0000	8
		_EUSART_Init   		CODE           	0208	0000	11

../library/eusart.c estimated size: 25

../library/nrf24l01.c
		_NRF_Clear_IRQ 		CODE           	01B1	0000	17
		_NRF_On        		CODE           	0272	0000	3
		_NRF_RxPacket  		CODE           	013B	0000	27
		_NRF_Port_Init 		CODE           	01FE	0000	11
		_NRF_Write_Reg 		CODE           	01DB	0000	14
		_NRF_Write_Buf 		CODE           	0120	0000	28
		_NRF_Read_Reg  		CODE           	01CE	0000	14
		_NRF_Read_Buf  		CODE           	00E9	0000	29
		_NRF_Get_Current_Pipenum		CODE           	024C	0000	5
		_NRF_Read_RX_Pload		CODE           	0187	0000	24
		_NRF_Flush_RX  		CODE           	0250	0000	5
		_NRF_Rx_Set    		CODE           	0105	0000	28
		_NRF_Check     		CODE           	0033	0000	74
		_NRF_Rx_Set_P0 		CODE           	019E	0000	20
		_NRF_Rx_Receive		CODE           	01C1	0000	14
		_NRF_SPI_RW    		CODE           	01E8	0000	13
		_NRF_Get_Status		CODE           	025C	0000	4
		_NRF_SPI_Init  		CODE           	01F4	0000	11

../library/nrf24l01.c estimated size: 341

main.c
		_ISR           		CODE           	0004	0000	14
		_BEEP_Init     		CODE           	0247	0000	6
		_main          		CODE           	022D	0000	9
		_WirelessPad   		CODE           	007C	0000	60
		_ADC_Init      		CODE           	0224	0000	10

main.c estimated size: 99

