Microchip MPLAB XC8 Compiler V2.10 ()

Linker command line:

-W-3 --edf=C:\Program Files (x86)\Microchip\xc8\v2.10\pic\dat\en_msgs.txt \
  -cs -h+dist/default/production\WirelessPad_TX.X.production.sym \
  --cmf=dist/default/production\WirelessPad_TX.X.production.cmf -z \
  -Q16F1823 -oC:\Users\WANGE\AppData\Local\Temp\sjfc.2 \
  --defsym=__MPLAB_BUILD=1 \
  -Mdist/default/production/WirelessPad_TX.X.production.map -E1 -ver=XC8 \
  --acfsm=1493 -ASTACK=0205Ah-0206Fh -pstack=STACK -ACODE=00h-07FFh \
  -ASTRCODE=00h-07FFh -ASTRING=00h-0FFhx8 -ACONST=00h-0FFhx8 \
  -AENTRY=00h-0FFhx8 -ACOMMON=070h-07Fh -ABANK0=020h-06Fh -ABANK1=0A0h-0BFh \
  -ABIGRAM=02000h-0206Fh -ARAM=020h-06Fh,0A0h-0BFh \
  -AABS1=020h-07Fh,0A0h-0BFh -ASFR0=00h-01Fh -ASFR1=080h-09Fh \
  -ASFR2=0100h-016Fh -ASFR3=0180h-01EFh -ASFR4=0200h-026Fh \
  -ASFR5=0280h-02EFh -ASFR6=0300h-036Fh -ASFR7=0380h-03EFh \
  -ASFR8=0400h-046Fh -ASFR9=0480h-04EFh -ASFR10=0500h-056Fh \
  -ASFR11=0580h-05EFh -ASFR12=0600h-066Fh -ASFR13=0680h-06EFh \
  -ASFR14=0700h-076Fh -ASFR15=0780h-07EFh -ASFR16=0800h-086Fh \
  -ASFR17=0880h-08EFh -ASFR18=0900h-096Fh -ASFR19=0980h-09EFh \
  -ASFR20=0A00h-0A6Fh -ASFR21=0A80h-0AEFh -ASFR22=0B00h-0B6Fh \
  -ASFR23=0B80h-0BEFh -ASFR24=0C00h-0C6Fh -ASFR25=0C80h-0CEFh \
  -ASFR26=0D00h-0D6Fh -ASFR27=0D80h-0DEFh -ASFR28=0E00h-0E6Fh \
  -ASFR29=0E80h-0EEFh -ASFR30=0F00h-0F6Fh -ASFR31=0F80h-0FEFh \
  -preset_vec=00h,intentry=04h,init,end_init -ppowerup=CODE -pcinit=CODE \
  -pfunctab=ENTRY -ACONFIG=08007h-08008h -pconfig=CONFIG -DCONFIG=2 \
  -AIDLOC=08000h-08003h -pidloc=IDLOC -DIDLOC=2 -AEEDATA=00h-0FFh/0F000h \
  -peeprom_data=EEDATA -DEEDATA=2 -DCODE=2 -DSTRCODE=2 -DSTRING=2 -DCONST=2 \
  -DENTRY=2 -k C:\Users\WANGE\AppData\Local\Temp\sjfc.o \
  dist/default/production\WirelessPad_TX.X.production.o 

Object code version is 3.11

Machine type is 16F1823



                Name                               Link     Load   Length Selector   Space Scale
C:\Users\WANGE\AppData\Local\Temp\sjfc.o
                end_init                             11       11        1        8       0
                reset_vec                             0        0        1        0       0
                config                             8007     8007        2    1000E       0
dist/default/production\WirelessPad_TX.X.production.o
                cinit                                12       12       21        8       0
                intentry                              4        4        D        8       0
                text27                              380      380        4        8       0
                text26                              37B      37B        5        8       0
                text25                              362      362        9        8       0
                text24                              359      359        9        8       0
                text23                              387      387        3        8       0
                text22                              339      339        C        8       0
                text21                              25B      25B       1D        8       0
                text20                              294      294       1B        8       0
                text19                              10F      10F       4A        8       0
                text18                              384      384        3        8       0
                text17                              34F      34F        A        8       0
                text16                              345      345        A        8       0
                text15                              32B      32B        E        8       0
                text14                              159      159       3A        8       0
                text13                              23E      23E       1D        8       0
                text12                              219      219       25        8       0
                text11                              30B      30B       12        8       0
                text10                              1C2      1C2       2F        8       0
                text9                                BC       BC       53        8       0
                text8                               193      193       2F        8       0
                text7                                33       33       89        8       0
                text6                               2AF      2AF       19        8       0
                text5                               31D      31D        E        8       0
                text4                               2F6      2F6       15        8       0
                text3                               2C8      2C8       18        8       0
                text2                               2E0      2E0       16        8       0
                text1                               278      278       1C        8       0
                maintext                            376      376        5        8       0
                cstackBANK0                          48       48       23       20       1
                cstackCOMMON                         70       70        E       70       1
                inittext                            36B      36B        6        8       0
                dataBANK1                            A5       A5        5       A0       1
                bssBANK1                             A0       A0        5       A0       1
                dataBANK0                            20       20       28       20       1
                bssBANK0                             6B       6B        4       20       1
                stringtext8                         398      398        2      714       0
                stringtext7                         396      396        2      714       0
                stringtext6                         394      394        2      714       0
                stringtext5                         392      392        2      714       0
                stringtext4                         390      390        2      714       0
                stringtext3                         38E      38E        2      714       0
                stringtext2                         38C      38C        2      714       0
                stringtext1                         38A      38A        2      714       0
                idataBANK1                          371      371        5        8       0
                idataBANK0                          1F1      1F1       28        8       0

TOTAL           Name                               Link     Load   Length     Space
        CLASS   STACK          

        CLASS   CODE           
                end_init                             11       11        1         0
                cinit                                12       12       21         0
                intentry                              4        4        D         0
                reset_vec                             0        0        1         0
                text27                              380      380        4         0
                text26                              37B      37B        5         0
                text25                              362      362        9         0
                text24                              359      359        9         0
                text23                              387      387        3         0
                text22                              339      339        C         0
                text21                              25B      25B       1D         0
                text20                              294      294       1B         0
                text19                              10F      10F       4A         0
                text18                              384      384        3         0
                text17                              34F      34F        A         0
                text16                              345      345        A         0
                text15                              32B      32B        E         0
                text14                              159      159       3A         0
                text13                              23E      23E       1D         0
                text12                              219      219       25         0
                text11                              30B      30B       12         0
                text10                              1C2      1C2       2F         0
                text9                                BC       BC       53         0
                text8                               193      193       2F         0
                text7                                33       33       89         0
                text6                               2AF      2AF       19         0
                text5                               31D      31D        E         0
                text4                               2F6      2F6       15         0
                text3                               2C8      2C8       18         0
                text2                               2E0      2E0       16         0
                text1                               278      278       1C         0
                maintext                            376      376        5         0
                inittext                            36B      36B        6         0
                idataBANK1                          371      371        5         0
                idataBANK0                          1F1      1F1       28         0

        CLASS   STRCODE        
                stringtext8                         398      398        2         0
                stringtext7                         396      396        2         0
                stringtext6                         394      394        2         0
                stringtext5                         392      392        2         0
                stringtext4                         390      390        2         0
                stringtext3                         38E      38E        2         0
                stringtext2                         38C      38C        2         0
                stringtext1                         38A      38A        2         0

        CLASS   STRING         

        CLASS   CONST          

        CLASS   ENTRY          

        CLASS   COMMON         
                cstackCOMMON                         70       70        E         1

        CLASS   BANK0          
                cstackBANK0                          48       48       23         1
                dataBANK0                            20       20       28         1
                bssBANK0                             6B       6B        4         1

        CLASS   BANK1          
                dataBANK1                            A5       A5        5         1
                bssBANK1                             A0       A0        5         1

        CLASS   BIGRAM         

        CLASS   RAM            

        CLASS   ABS1           
                abs_s1                               7E       7E        2         1

        CLASS   SFR0           

        CLASS   SFR1           

        CLASS   SFR2           

        CLASS   SFR3           

        CLASS   SFR4           

        CLASS   SFR5           

        CLASS   SFR6           

        CLASS   SFR7           

        CLASS   SFR8           

        CLASS   SFR9           

        CLASS   SFR10          

        CLASS   SFR11          

        CLASS   SFR12          

        CLASS   SFR13          

        CLASS   SFR14          

        CLASS   SFR15          

        CLASS   SFR16          

        CLASS   SFR17          

        CLASS   SFR18          

        CLASS   SFR19          

        CLASS   SFR20          

        CLASS   SFR21          

        CLASS   SFR22          

        CLASS   SFR23          

        CLASS   SFR24          

        CLASS   SFR25          

        CLASS   SFR26          

        CLASS   SFR27          

        CLASS   SFR28          

        CLASS   SFR29          

        CLASS   SFR30          

        CLASS   SFR31          

        CLASS   CONFIG         
                config                             8007     8007        2         0

        CLASS   IDLOC          

        CLASS   EEDATA         

        CLASS   BANK31         

        CLASS   BANK30         

        CLASS   BANK29         

        CLASS   BANK28         

        CLASS   BANK27         

        CLASS   BANK26         

        CLASS   BANK25         

        CLASS   BANK24         

        CLASS   BANK23         

        CLASS   BANK22         

        CLASS   BANK21         

        CLASS   BANK20         

        CLASS   BANK19         

        CLASS   BANK18         

        CLASS   BANK17         

        CLASS   BANK16         

        CLASS   BANK15         

        CLASS   BANK14         

        CLASS   BANK13         

        CLASS   BANK12         

        CLASS   BANK11         

        CLASS   BANK10         

        CLASS   BANK9          

        CLASS   BANK8          

        CLASS   BANK7          

        CLASS   BANK6          

        CLASS   BANK5          

        CLASS   BANK4          

        CLASS   BANK3          

        CLASS   BANK2          



SEGMENTS        Name                           Load    Length   Top    Selector   Space  Class     Delta

                reset_vec                      000000  000001  000001         0       0  CODE        2
                intentry                       000004  000386  00038A         8       0  CODE        2
                dataBANK0                      000020  00004F  00006F        20       1  BANK0       1
                cstackCOMMON                   000070  00000E  00007E        70       1  COMMON      1
                bssBANK1                       0000A0  00000A  0000AA        A0       1  BANK1       1
                stringtext1                    00038A  000010  00039A       714       0  STRCODE     2
                config                         008007  000002  008009     1000E       0  CONFIG      2


UNUSED ADDRESS RANGES

        Name                Unused          Largest block    Delta
        BANK0            0006F-0006F               1           1
        BANK1            000AA-000BF              16           1
        BIGRAM           02000-0206F              70           1
        CODE             00001-00003               3           2
                         0039A-007FF             466
        CONST            00001-00003               3           2
                         0039A-007FF             100
        EEDATA           0F000-0F0FF             100           2
        ENTRY            00001-00003               3           2
                         0039A-007FF             100
        IDLOC            08000-08003               4           2
        RAM              0006F-0006F               1           1
                         000AA-000BF              16
        SFR0             00000-0001F              20           1
        SFR1             00080-0009F              20           1
        SFR10            00500-0056F              70           1
        SFR11            00580-005EF              70           1
        SFR12            00600-0066F              70           1
        SFR13            00680-006EF              70           1
        SFR14            00700-0076F              70           1
        SFR15            00780-007EF              70           1
        SFR16            00800-0086F              70           1
        SFR17            00880-008EF              70           1
        SFR18            00900-0096F              70           1
        SFR19            00980-009EF              70           1
        SFR2             00100-0016F              70           1
        SFR20            00A00-00A6F              70           1
        SFR21            00A80-00AEF              70           1
        SFR22            00B00-00B6F              70           1
        SFR23            00B80-00BEF              70           1
        SFR24            00C00-00C6F              70           1
        SFR25            00C80-00CEF              70           1
        SFR26            00D00-00D6F              70           1
        SFR27            00D80-00DEF              70           1
        SFR28            00E00-00E6F              70           1
        SFR29            00E80-00EEF              70           1
        SFR3             00180-001EF              70           1
        SFR30            00F00-00F6F              70           1
        SFR31            00F80-00FEF              70           1
        SFR4             00200-0026F              70           1
        SFR5             00280-002EF              70           1
        SFR6             00300-0036F              70           1
        SFR7             00380-003EF              70           1
        SFR8             00400-0046F              70           1
        SFR9             00480-004EF              70           1
        STACK            0205A-0206F              16           1
        STRCODE          00001-00003               3           2
                         0039A-007FF             466
        STRING           00001-00003               3           2
                         0039A-007FF             100

                                  Symbol Table

?_DS_GetTemp              cstackBANK0  00055
?___lldiv                 cstackBANK0  00048
?___lmul                  cstackCOMMON 00070
DS_GetTemp@ds_crc         cstackBANK0  00061
DS_GetTemp@ds_hight       cstackBANK0  00064
DS_GetTemp@ds_low         cstackBANK0  00063
DS_GetTemp@ds_rs1         cstackBANK0  0005E
DS_GetTemp@ds_rs2         cstackBANK0  0005F
DS_GetTemp@ds_rs3         cstackBANK0  00060
DS_GetTemp@ds_th          cstackBANK0  0005B
DS_GetTemp@ds_tl          cstackBANK0  0005C
DS_GetTemp@ret            cstackBANK0  00065
DS_GetTemp@temp           cstackBANK0  00062
DS_Read@i                 cstackCOMMON 00074
DS_Read@temp              cstackCOMMON 00072
DS_Read@value             cstackCOMMON 00073
DS_Rest@flag              cstackCOMMON 00070
DS_Write@command          cstackCOMMON 00071
DS_Write@i                cstackCOMMON 00072
LEDx@num                  cstackCOMMON 00071
NRF_Check@F2228           dataBANK0    00020
NRF_Check@buf             cstackBANK0  0004D
NRF_Check@i               cstackBANK0  00052
NRF_Check@tuf             cstackBANK0  00048
NRF_Read_Buf@i            cstackCOMMON 00077
NRF_Read_Buf@len          cstackCOMMON 00072
NRF_Read_Buf@pBuf         cstackCOMMON 00071
NRF_Read_Buf@reg          cstackCOMMON 00076
NRF_Read_Reg@reg          cstackCOMMON 00072
NRF_Read_Reg@status       cstackCOMMON 00073
NRF_SPI_RW@dat            cstackCOMMON 00070
NRF_Tx_CheckACK@sta       cstackCOMMON 00076
NRF_Tx_Send@len           cstackCOMMON 00077
NRF_Tx_Send@txbuf         cstackCOMMON 0007A
NRF_Tx_Set@ack            cstackCOMMON 00077
NRF_Tx_Set@addr           cstackCOMMON 0007A
NRF_Write_Buf@i           cstackCOMMON 00076
NRF_Write_Buf@len         cstackCOMMON 00072
NRF_Write_Buf@pBuf        cstackCOMMON 00071
NRF_Write_Buf@reg         cstackCOMMON 00075
NRF_Write_Reg@reg         cstackCOMMON 00073
NRF_Write_Reg@status      cstackCOMMON 00074
NRF_Write_Reg@value       cstackCOMMON 00071
Send_DS@temp              cstackBANK0  00067
_ANSELA                   (abs)        0018C
_ANSELC                   (abs)        0018E
_DS_Convert               text11       0030B
_DS_GetTemp               text7        00033
_DS_Read                  text10       001C2
_DS_Rest                  text13       0023E
_DS_Write                 text12       00219
_FOSC_Init                text27       00380
_GIE                      (abs)        0005F
_IOCAF4                   (abs)        01C9C
_IOCIE                    (abs)        0005B
_IOCIF                    (abs)        00058
_ISR                      intentry     00004
_LATA                     (abs)        0010C
_LATC                     (abs)        0010E
_LATC3                    (abs)        00873
_LED_Init                 text26       0037B
_LEDx                     text6        002AF
_NRF_Check                text19       0010F
_NRF_On                   text18       00384
_NRF_Port_Init            text17       0034F
_NRF_Read_Buf             text21       0025B
_NRF_Read_Reg             text5        0031D
_NRF_SPI_Init             text16       00345
_NRF_SPI_RW               text22       00339
_NRF_Tx_CheckACK          text4        002F6
_NRF_Tx_Send              text3        002C8
_NRF_Tx_Set               text14       00159
_NRF_Write_Buf            text20       00294
_NRF_Write_Reg            text15       0032B
_OSCCON                   (abs)        00099
_PORTA                    (abs)        0000C
_PORTA_Init               text25       00362
_PORTC                    (abs)        0000E
_PORTC_Init               text24       00359
_PORT_Init                text23       00387
_RA0                      (abs)        00060
_RA2                      (abs)        00062
_RA4                      (abs)        00064
_RA5                      (abs)        00065
_RC3                      (abs)        00073
_RX_ADDRESS_P0            dataBANK0    00043
_RX_ADDRESS_P1            dataBANK0    0003E
_RX_ADDRESS_P2            dataBANK0    00039
_RX_ADDRESS_P3            dataBANK0    00034
_RX_ADDRESS_P4            dataBANK0    0002F
_RX_ADDRESS_P5            dataBANK0    0002A
_SSP1BUF                  (abs)        00211
_SSP1CON1                 (abs)        00215
_SSP1IF                   (abs)        0008B
_SSP1STAT                 (abs)        00214
_SSP1STATbits             (abs)        00214
_Send_DS                  text2        002E0
_TRISA                    (abs)        0008C
_TRISA0                   (abs)        00460
_TRISA2                   (abs)        00462
_TRISA4                   (abs)        00464
_TRISC                    (abs)        0008E
_TRISC0                   (abs)        00470
_TRISC1                   (abs)        00471
_TRISC2                   (abs)        00472
_TRISC3                   (abs)        00473
_WirelessPad              text1        00278
__CFG_BOREN$ON            (abs)        00000
__CFG_BORV$LO             (abs)        00000
__CFG_CLKOUTEN$OFF        (abs)        00000
__CFG_CP$OFF              (abs)        00000
__CFG_CPD$OFF             (abs)        00000
__CFG_FCMEN$ON            (abs)        00000
__CFG_FOSC$INTOSC         (abs)        00000
__CFG_IESO$ON             (abs)        00000
__CFG_LVP$ON              (abs)        00000
__CFG_MCLRE$ON            (abs)        00000
__CFG_PLLEN$ON            (abs)        00000
__CFG_PWRTE$OFF           (abs)        00000
__CFG_STVREN$ON           (abs)        00000
__CFG_WDTE$OFF            (abs)        00000
__CFG_WRT$OFF             (abs)        00000
__Habs1                   abs1         00000
__Hbank0                  bank0        00000
__Hbank1                  bank1        00000
__Hbank10                 bank10       00000
__Hbank11                 bank11       00000
__Hbank12                 bank12       00000
__Hbank13                 bank13       00000
__Hbank14                 bank14       00000
__Hbank15                 bank15       00000
__Hbank16                 bank16       00000
__Hbank17                 bank17       00000
__Hbank18                 bank18       00000
__Hbank19                 bank19       00000
__Hbank2                  bank2        00000
__Hbank20                 bank20       00000
__Hbank21                 bank21       00000
__Hbank22                 bank22       00000
__Hbank23                 bank23       00000
__Hbank24                 bank24       00000
__Hbank25                 bank25       00000
__Hbank26                 bank26       00000
__Hbank27                 bank27       00000
__Hbank28                 bank28       00000
__Hbank29                 bank29       00000
__Hbank3                  bank3        00000
__Hbank30                 bank30       00000
__Hbank31                 bank31       00000
__Hbank4                  bank4        00000
__Hbank5                  bank5        00000
__Hbank6                  bank6        00000
__Hbank7                  bank7        00000
__Hbank8                  bank8        00000
__Hbank9                  bank9        00000
__Hbigram                 bigram       00000
__HbssBANK0               bssBANK0     00000
__HbssBANK1               bssBANK1     00000
__Hcinit                  cinit        00033
__Hclrtext                clrtext      00000
__Hcode                   code         00000
__Hcommon                 common       00000
__Hconfig                 config       08009
__HcstackBANK0            cstackBANK0  00000
__HcstackCOMMON           cstackCOMMON 00000
__HdataBANK0              dataBANK0    00000
__HdataBANK1              dataBANK1    00000
__Heeprom_data            eeprom_data  00000
__Hend_init               end_init     00012
__Hfunctab                functab      00000
__HidataBANK0             idataBANK0   00000
__HidataBANK1             idataBANK1   00000
__Hidloc                  idloc        00000
__Hinit                   init         00011
__Hinittext               inittext     00000
__Hintentry               intentry     00011
__Hmaintext               maintext     00000
__Hpowerup                powerup      00000
__Hram                    ram          00000
__Hreset_vec              reset_vec    00001
__Hsfr0                   sfr0         00000
__Hsfr1                   sfr1         00000
__Hsfr10                  sfr10        00000
__Hsfr11                  sfr11        00000
__Hsfr12                  sfr12        00000
__Hsfr13                  sfr13        00000
__Hsfr14                  sfr14        00000
__Hsfr15                  sfr15        00000
__Hsfr16                  sfr16        00000
__Hsfr17                  sfr17        00000
__Hsfr18                  sfr18        00000
__Hsfr19                  sfr19        00000
__Hsfr2                   sfr2         00000
__Hsfr20                  sfr20        00000
__Hsfr21                  sfr21        00000
__Hsfr22                  sfr22        00000
__Hsfr23                  sfr23        00000
__Hsfr24                  sfr24        00000
__Hsfr25                  sfr25        00000
__Hsfr26                  sfr26        00000
__Hsfr27                  sfr27        00000
__Hsfr28                  sfr28        00000
__Hsfr29                  sfr29        00000
__Hsfr3                   sfr3         00000
__Hsfr30                  sfr30        00000
__Hsfr31                  sfr31        00000
__Hsfr4                   sfr4         00000
__Hsfr5                   sfr5         00000
__Hsfr6                   sfr6         00000
__Hsfr7                   sfr7         00000
__Hsfr8                   sfr8         00000
__Hsfr9                   sfr9         00000
__Hspace_0                (abs)        08009
__Hspace_1                (abs)        000AA
__Hspace_2                (abs)        00000
__Hspace_3                (abs)        00000
__Hstack                  stack        00000
__Hstrings                strings      00000
__Hstringtext1            stringtext1  00000
__Hstringtext2            stringtext2  00000
__Hstringtext3            stringtext3  00000
__Hstringtext4            stringtext4  00000
__Hstringtext5            stringtext5  00000
__Hstringtext6            stringtext6  00000
__Hstringtext7            stringtext7  00000
__Hstringtext8            stringtext8  00000
__Htext                   text         00000
__Labs1                   abs1         00000
__Lbank0                  bank0        00000
__Lbank1                  bank1        00000
__Lbank10                 bank10       00000
__Lbank11                 bank11       00000
__Lbank12                 bank12       00000
__Lbank13                 bank13       00000
__Lbank14                 bank14       00000
__Lbank15                 bank15       00000
__Lbank16                 bank16       00000
__Lbank17                 bank17       00000
__Lbank18                 bank18       00000
__Lbank19                 bank19       00000
__Lbank2                  bank2        00000
__Lbank20                 bank20       00000
__Lbank21                 bank21       00000
__Lbank22                 bank22       00000
__Lbank23                 bank23       00000
__Lbank24                 bank24       00000
__Lbank25                 bank25       00000
__Lbank26                 bank26       00000
__Lbank27                 bank27       00000
__Lbank28                 bank28       00000
__Lbank29                 bank29       00000
__Lbank3                  bank3        00000
__Lbank30                 bank30       00000
__Lbank31                 bank31       00000
__Lbank4                  bank4        00000
__Lbank5                  bank5        00000
__Lbank6                  bank6        00000
__Lbank7                  bank7        00000
__Lbank8                  bank8        00000
__Lbank9                  bank9        00000
__Lbigram                 bigram       00000
__LbssBANK0               bssBANK0     00000
__LbssBANK1               bssBANK1     00000
__Lcinit                  cinit        00012
__Lclrtext                clrtext      00000
__Lcode                   code         00000
__Lcommon                 common       00000
__Lconfig                 config       08007
__LcstackBANK0            cstackBANK0  00000
__LcstackCOMMON           cstackCOMMON 00000
__LdataBANK0              dataBANK0    00000
__LdataBANK1              dataBANK1    00000
__Leeprom_data            eeprom_data  00000
__Lend_init               end_init     00011
__Lfunctab                functab      00000
__LidataBANK0             idataBANK0   00000
__LidataBANK1             idataBANK1   00000
__Lidloc                  idloc        00000
__Linit                   init         00011
__Linittext               inittext     00000
__Lintentry               intentry     00004
__Lmaintext               maintext     00000
__Lpowerup                powerup      00000
__Lram                    ram          00000
__Lreset_vec              reset_vec    00000
__Lsfr0                   sfr0         00000
__Lsfr1                   sfr1         00000
__Lsfr10                  sfr10        00000
__Lsfr11                  sfr11        00000
__Lsfr12                  sfr12        00000
__Lsfr13                  sfr13        00000
__Lsfr14                  sfr14        00000
__Lsfr15                  sfr15        00000
__Lsfr16                  sfr16        00000
__Lsfr17                  sfr17        00000
__Lsfr18                  sfr18        00000
__Lsfr19                  sfr19        00000
__Lsfr2                   sfr2         00000
__Lsfr20                  sfr20        00000
__Lsfr21                  sfr21        00000
__Lsfr22                  sfr22        00000
__Lsfr23                  sfr23        00000
__Lsfr24                  sfr24        00000
__Lsfr25                  sfr25        00000
__Lsfr26                  sfr26        00000
__Lsfr27                  sfr27        00000
__Lsfr28                  sfr28        00000
__Lsfr29                  sfr29        00000
__Lsfr3                   sfr3         00000
__Lsfr30                  sfr30        00000
__Lsfr31                  sfr31        00000
__Lsfr4                   sfr4         00000
__Lsfr5                   sfr5         00000
__Lsfr6                   sfr6         00000
__Lsfr7                   sfr7         00000
__Lsfr8                   sfr8         00000
__Lsfr9                   sfr9         00000
__Lspace_0                (abs)        00000
__Lspace_1                (abs)        00000
__Lspace_2                (abs)        00000
__Lspace_3                (abs)        00000
__Lstack                  stack        00000
__Lstrings                strings      00000
__Lstringtext1            stringtext1  00000
__Lstringtext2            stringtext2  00000
__Lstringtext3            stringtext3  00000
__Lstringtext4            stringtext4  00000
__Lstringtext5            stringtext5  00000
__Lstringtext6            stringtext6  00000
__Lstringtext7            stringtext7  00000
__Lstringtext8            stringtext8  00000
__Ltext                   text         00000
__S0                      (abs)        08009
__S1                      (abs)        000AA
__S2                      (abs)        00000
__S3                      (abs)        00000
___int_sp                 stack        00000
___latbits                (abs)        00000
___lldiv                  text9        000BC
___lldiv@counter          cstackBANK0  00054
___lldiv@dividend         cstackBANK0  0004C
___lldiv@divisor          cstackBANK0  00048
___lldiv@quotient         cstackBANK0  00050
___lmul                   text8        00193
___lmul@multiplicand      cstackCOMMON 00074
___lmul@multiplier        cstackCOMMON 00070
___lmul@product           cstackCOMMON 00078
___sp                     stack        00000
___stackhi                (abs)        0206F
___stacklo                (abs)        0205A
__end_of_DS_Convert       text11       0031D
__end_of_DS_GetTemp       text7        000BC
__end_of_DS_Read          text10       001F1
__end_of_DS_Rest          text13       0025B
__end_of_DS_Write         text12       0023E
__end_of_FOSC_Init        text27       00384
__end_of_ISR              intentry     00011
__end_of_LED_Init         text26       00380
__end_of_LEDx             text6        002C8
__end_of_NRF_Check        text19       00159
__end_of_NRF_On           text18       00387
__end_of_NRF_Port_Init    text17       00359
__end_of_NRF_Read_Buf     text21       00278
__end_of_NRF_Read_Reg     text5        0032B
__end_of_NRF_SPI_Init     text16       0034F
__end_of_NRF_SPI_RW       text22       00345
__end_of_NRF_Tx_CheckACK  text4        0030B
__end_of_NRF_Tx_Send      text3        002E0
__end_of_NRF_Tx_Set       text14       00193
__end_of_NRF_Write_Buf    text20       002AF
__end_of_NRF_Write_Reg    text15       00339
__end_of_PORTA_Init       text25       0036B
__end_of_PORTC_Init       text24       00362
__end_of_PORT_Init        text23       0038A
__end_of_Send_DS          text2        002F6
__end_of_WirelessPad      text1        00294
__end_of___lldiv          text9        0010F
__end_of___lmul           text8        001C2
__end_of__initialization  cinit        00030
__end_of_main             maintext     0037B
__end_of_pad_aux_off      stringtext1  0038C
__end_of_pad_aux_ok       stringtext8  0039A
__end_of_pad_aux_on       stringtext2  0038E
__end_of_tx_pad_aux       stringtext7  00398
__end_of_tx_pad_bed       stringtext3  00390
__end_of_tx_pad_chair     stringtext6  00396
__end_of_tx_pad_nci       stringtext5  00394
__end_of_tx_pad_potty     stringtext4  00392
__initialization          cinit        00012
__pbssBANK0               bssBANK0     0006B
__pbssBANK1               bssBANK1     000A0
__pcstackBANK0            cstackBANK0  00048
__pcstackCOMMON           cstackCOMMON 00070
__pdataBANK0              dataBANK0    00020
__pdataBANK1              dataBANK1    000A5
__pidataBANK0             idataBANK0   001F1
__pidataBANK1             idataBANK1   00371
__pintentry               intentry     00004
__pmaintext               maintext     00376
__pstringtext1            stringtext1  0038A
__pstringtext2            stringtext2  0038C
__pstringtext3            stringtext3  0038E
__pstringtext4            stringtext4  00390
__pstringtext5            stringtext5  00392
__pstringtext6            stringtext6  00394
__pstringtext7            stringtext7  00396
__pstringtext8            stringtext8  00398
__ptext1                  text1        00278
__ptext10                 text10       001C2
__ptext11                 text11       0030B
__ptext12                 text12       00219
__ptext13                 text13       0023E
__ptext14                 text14       00159
__ptext15                 text15       0032B
__ptext16                 text16       00345
__ptext17                 text17       0034F
__ptext18                 text18       00384
__ptext19                 text19       0010F
__ptext2                  text2        002E0
__ptext20                 text20       00294
__ptext21                 text21       0025B
__ptext22                 text22       00339
__ptext23                 text23       00387
__ptext24                 text24       00359
__ptext25                 text25       00362
__ptext26                 text26       0037B
__ptext27                 text27       00380
__ptext3                  text3        002C8
__ptext4                  text4        002F6
__ptext5                  text5        0031D
__ptext6                  text6        002AF
__ptext7                  text7        00033
__ptext8                  text8        00193
__ptext9                  text9        000BC
__size_of_DS_Convert      (abs)        00000
__size_of_DS_GetTemp      (abs)        00000
__size_of_DS_Read         (abs)        00000
__size_of_DS_Rest         (abs)        00000
__size_of_DS_Write        (abs)        00000
__size_of_FOSC_Init       (abs)        00000
__size_of_ISR             (abs)        00000
__size_of_LED_Init        (abs)        00000
__size_of_LEDx            (abs)        00000
__size_of_NRF_Check       (abs)        00000
__size_of_NRF_On          (abs)        00000
__size_of_NRF_Port_Init   (abs)        00000
__size_of_NRF_Read_Buf    (abs)        00000
__size_of_NRF_Read_Reg    (abs)        00000
__size_of_NRF_SPI_Init    (abs)        00000
__size_of_NRF_SPI_RW      (abs)        00000
__size_of_NRF_Tx_CheckACK (abs)        00000
__size_of_NRF_Tx_Send     (abs)        00000
__size_of_NRF_Tx_Set      (abs)        00000
__size_of_NRF_Write_Buf   (abs)        00000
__size_of_NRF_Write_Reg   (abs)        00000
__size_of_PORTA_Init      (abs)        00000
__size_of_PORTC_Init      (abs)        00000
__size_of_PORT_Init       (abs)        00000
__size_of_Send_DS         (abs)        00000
__size_of_WirelessPad     (abs)        00000
__size_of___lldiv         (abs)        00000
__size_of___lmul          (abs)        00000
__size_of_main            (abs)        00000
_main                     maintext     00376
_pad_aux_dat              bssBANK0     0006D
_pad_aux_ok               stringtext8  00398
_pad_dat                  bssBANK0     0006B
_tx_addr                  dataBANK0    00025
btemp                     (abs)        0007E
end_of_initialization     cinit        00030
init_ram                  inittext     0036B
int$flags                 (abs)        0007E
intlevel0                 functab      00000
intlevel1                 functab      00000
intlevel2                 functab      00000
intlevel3                 functab      00000
intlevel4                 functab      00000
intlevel5                 functab      00000
reset_vec                 reset_vec    00000
start                     init         00011
start_initialization      cinit        00012
wtemp0                    (abs)        0007E


FUNCTION INFORMATION:

 *************** function _main *****************
 Defined at:
		line 98 in file "main.c"
 Parameters:    Size  Location     Type
		None
 Auto vars:     Size  Location     Type
		None
 Return value:  Size  Location     Type
                  1    wreg      void 
 Registers used:
		wreg, fsr0l, fsr0h, fsr1l, fsr1h, status,2, status,0, pclath, cstack
 Tracked objects:
		On entry : 
		On exit  : 
		Unchanged: 
 Data sizes:     COMMON   BANK0   BANK1
      Params:         0       0       0
      Locals:         0       0       0
      Temps:          0       0       0
      Totals:         0       0       0
Total ram usage:        0 bytes
 Hardware stack levels required when called:    7
 This function calls:
		_FOSC_Init
		_LED_Init
		_PORT_Init
		_WirelessPad
 This function is called by:
		Startup code after reset
 This function uses a non-reentrant model


 *************** function _WirelessPad *****************
 Defined at:
		line 158 in file "main.c"
 Parameters:    Size  Location     Type
		None
 Auto vars:     Size  Location     Type
		None
 Return value:  Size  Location     Type
                  1    wreg      void 
 Registers used:
		wreg, fsr0l, fsr0h, fsr1l, fsr1h, status,2, status,0, pclath, cstack
 Tracked objects:
		On entry : 
		On exit  : 
		Unchanged: 
 Data sizes:     COMMON   BANK0   BANK1
      Params:         0       0       0
      Locals:         0       0       0
      Temps:          0       2       0
      Totals:         0       2       0
Total ram usage:        2 bytes
 Hardware stack levels used:    1
 Hardware stack levels required when called:    6
 This function calls:
		_LEDx
		_NRF_Check
		_NRF_On
		_NRF_Port_Init
		_NRF_SPI_Init
		_NRF_Tx_Set
		_Send_DS
 This function is called by:
		_main
 This function uses a non-reentrant model


 *************** function _Send_DS *****************
 Defined at:
		line 138 in file "main.c"
 Parameters:    Size  Location     Type
		None
 Auto vars:     Size  Location     Type
  temp            2   31[BANK0 ] unsigned int 
 Return value:  Size  Location     Type
                  1    wreg      void 
 Registers used:
		wreg, fsr1l, fsr1h, status,2, status,0, pclath, cstack
 Tracked objects:
		On entry : 
		On exit  : 
		Unchanged: 
 Data sizes:     COMMON   BANK0   BANK1
      Params:         0       0       0
      Locals:         0       2       0
      Temps:          1       0       0
      Totals:         1       2       0
Total ram usage:        3 bytes
 Hardware stack levels used:    1
 Hardware stack levels required when called:    5
 This function calls:
		_DS_Convert
		_DS_GetTemp
		_LEDx
		_NRF_Tx_Send
 This function is called by:
		_WirelessPad
 This function uses a non-reentrant model


 *************** function _NRF_Tx_Send *****************
 Defined at:
		line 374 in file "../library/nrf24l01.c"
 Parameters:    Size  Location     Type
  txbuf           1    wreg     PTR unsigned char 
		 -> pad_dat(2), pad_aux_dat(2), 
  len             1    7[COMMON] unsigned char 
 Auto vars:     Size  Location     Type
  txbuf           1   10[COMMON] PTR unsigned char 
		 -> pad_dat(2), pad_aux_dat(2), 
 Return value:  Size  Location     Type
                  1    wreg      void 
 Registers used:
		wreg, fsr1l, fsr1h, status,2, status,0, pclath, cstack
 Tracked objects:
		On entry : 
		On exit  : 
		Unchanged: 
 Data sizes:     COMMON   BANK0   BANK1
      Params:         1       0       0
      Locals:         1       0       0
      Temps:          2       0       0
      Totals:         4       0       0
Total ram usage:        4 bytes
 Hardware stack levels used:    1
 Hardware stack levels required when called:    4
 This function calls:
		_NRF_Tx_CheckACK
		_NRF_Write_Buf
 This function is called by:
		_Send_DS
		_Send_Key
 This function uses a non-reentrant model


 *************** function _NRF_Tx_CheckACK *****************
 Defined at:
		line 382 in file "../library/nrf24l01.c"
 Parameters:    Size  Location     Type
		None
 Auto vars:     Size  Location     Type
  sta             1    6[COMMON] unsigned char 
 Return value:  Size  Location     Type
                  1    wreg      unsigned char 
 Registers used:
		wreg, status,2, status,0, pclath, cstack
 Tracked objects:
		On entry : 
		On exit  : 
		Unchanged: 
 Data sizes:     COMMON   BANK0   BANK1
      Params:         0       0       0
      Locals:         1       0       0
      Temps:          1       0       0
      Totals:         2       0       0
Total ram usage:        2 bytes
 Hardware stack levels used:    1
 Hardware stack levels required when called:    3
 This function calls:
		_NRF_Read_Reg
		_NRF_Write_Reg
 This function is called by:
		_NRF_Tx_Send
 This function uses a non-reentrant model


 *************** function _NRF_Read_Reg *****************
 Defined at:
		line 87 in file "../library/nrf24l01.c"
 Parameters:    Size  Location     Type
  reg             1    wreg     unsigned char 
 Auto vars:     Size  Location     Type
  reg             1    2[COMMON] unsigned char 
  status          1    3[COMMON] unsigned char 
 Return value:  Size  Location     Type
                  1    wreg      unsigned char 
 Registers used:
		wreg, status,2, status,0, pclath, cstack
 Tracked objects:
		On entry : 
		On exit  : 
		Unchanged: 
 Data sizes:     COMMON   BANK0   BANK1
      Params:         0       0       0
      Locals:         2       0       0
      Temps:          1       0       0
      Totals:         3       0       0
Total ram usage:        3 bytes
 Hardware stack levels used:    1
 Hardware stack levels required when called:    2
 This function calls:
		_NRF_SPI_RW
 This function is called by:
		_NRF_Tx_CheckACK
		_NRF_TxPacket
		_NRF_Read_RX_Pload
		_NRF_Get_Status
 This function uses a non-reentrant model


 *************** function _LEDx *****************
 Defined at:
		line 10 in file "../library/ledx.c"
 Parameters:    Size  Location     Type
  num             1    wreg     unsigned char 
 Auto vars:     Size  Location     Type
  num             1    1[COMMON] unsigned char 
 Return value:  Size  Location     Type
                  1    wreg      void 
 Registers used:
		wreg, status,2, status,0
 Tracked objects:
		On entry : 
		On exit  : 
		Unchanged: 
 Data sizes:     COMMON   BANK0   BANK1
      Params:         0       0       0
      Locals:         1       0       0
      Temps:          1       0       0
      Totals:         2       0       0
Total ram usage:        2 bytes
 Hardware stack levels used:    1
 Hardware stack levels required when called:    1
 This function calls:
		Nothing
 This function is called by:
		_Send_DS
		_WirelessPad
 This function uses a non-reentrant model


 *************** function _DS_GetTemp *****************
 Defined at:
		line 78 in file "../library/ds18b20.c"
 Parameters:    Size  Location     Type
		None
 Auto vars:     Size  Location     Type
  ret             2   29[BANK0 ] unsigned int 
  ds_hight        1   28[BANK0 ] unsigned char 
  ds_low          1   27[BANK0 ] unsigned char 
  temp            1   26[BANK0 ] unsigned char 
  ds_crc          1   25[BANK0 ] unsigned char 
  ds_rs3          1   24[BANK0 ] unsigned char 
  ds_rs2          1   23[BANK0 ] unsigned char 
  ds_rs1          1   22[BANK0 ] unsigned char 
  ds_rs0          1    0        unsigned char 
  ds_tl           1   20[BANK0 ] unsigned char 
  ds_th           1   19[BANK0 ] unsigned char 
 Return value:  Size  Location     Type
                  2   13[BANK0 ] unsigned int 
 Registers used:
		wreg, status,2, status,0, pclath, cstack
 Tracked objects:
		On entry : 
		On exit  : 
		Unchanged: 
 Data sizes:     COMMON   BANK0   BANK1
      Params:         0       2       0
      Locals:         0      12       0
      Temps:          0       4       0
      Totals:         0      18       0
Total ram usage:       18 bytes
 Hardware stack levels used:    1
 Hardware stack levels required when called:    2
 This function calls:
		_DS_Read
		_DS_Rest
		_DS_Write
		___lldiv
		___lmul
 This function is called by:
		_Send_DS
 This function uses a non-reentrant model


 *************** function ___lmul *****************
 Defined at:
		line 15 in file "C:\Program Files (x86)\Microchip\xc8\v2.10\pic\sources\c99\common\Umul32.c"
 Parameters:    Size  Location     Type
  multiplier      4    0[COMMON] unsigned long 
  multiplicand    4    4[COMMON] unsigned long 
 Auto vars:     Size  Location     Type
  product         4    8[COMMON] unsigned long 
 Return value:  Size  Location     Type
                  4    0[COMMON] unsigned long 
 Registers used:
		wreg, status,2, status,0
 Tracked objects:
		On entry : 
		On exit  : 
		Unchanged: 
 Data sizes:     COMMON   BANK0   BANK1
      Params:         8       0       0
      Locals:         4       0       0
      Temps:          0       0       0
      Totals:        12       0       0
Total ram usage:       12 bytes
 Hardware stack levels used:    1
 Hardware stack levels required when called:    1
 This function calls:
		Nothing
 This function is called by:
		_DS_GetTemp
 This function uses a non-reentrant model


 *************** function ___lldiv *****************
 Defined at:
		line 5 in file "C:\Program Files (x86)\Microchip\xc8\v2.10\pic\sources\c99\common\__lldiv.c"
 Parameters:    Size  Location     Type
  divisor         4    0[BANK0 ] unsigned long 
  dividend        4    4[BANK0 ] unsigned long 
 Auto vars:     Size  Location     Type
  quotient        4    8[BANK0 ] unsigned long 
  counter         1   12[BANK0 ] unsigned char 
 Return value:  Size  Location     Type
                  4    0[BANK0 ] unsigned long 
 Registers used:
		wreg, status,2, status,0
 Tracked objects:
		On entry : 
		On exit  : 
		Unchanged: 
 Data sizes:     COMMON   BANK0   BANK1
      Params:         0       8       0
      Locals:         0       5       0
      Temps:          1       0       0
      Totals:         1      13       0
Total ram usage:       14 bytes
 Hardware stack levels used:    1
 Hardware stack levels required when called:    1
 This function calls:
		Nothing
 This function is called by:
		_DS_GetTemp
 This function uses a non-reentrant model


 *************** function _DS_Read *****************
 Defined at:
		line 51 in file "../library/ds18b20.c"
 Parameters:    Size  Location     Type
		None
 Auto vars:     Size  Location     Type
  i               1    4[COMMON] unsigned char 
  value           1    3[COMMON] unsigned char 
  temp            1    2[COMMON] unsigned char 
 Return value:  Size  Location     Type
                  1    wreg      unsigned char 
 Registers used:
		wreg, status,2, status,0
 Tracked objects:
		On entry : 
		On exit  : 
		Unchanged: 
 Data sizes:     COMMON   BANK0   BANK1
      Params:         0       0       0
      Locals:         3       0       0
      Temps:          2       0       0
      Totals:         5       0       0
Total ram usage:        5 bytes
 Hardware stack levels used:    1
 Hardware stack levels required when called:    1
 This function calls:
		Nothing
 This function is called by:
		_DS_GetTemp
 This function uses a non-reentrant model


 *************** function _DS_Convert *****************
 Defined at:
		line 68 in file "../library/ds18b20.c"
 Parameters:    Size  Location     Type
		None
 Auto vars:     Size  Location     Type
		None
 Return value:  Size  Location     Type
                  1    wreg      void 
 Registers used:
		wreg, status,2, status,0, pclath, cstack
 Tracked objects:
		On entry : 
		On exit  : 
		Unchanged: 
 Data sizes:     COMMON   BANK0   BANK1
      Params:         0       0       0
      Locals:         0       0       0
      Temps:          2       0       0
      Totals:         2       0       0
Total ram usage:        2 bytes
 Hardware stack levels used:    1
 Hardware stack levels required when called:    2
 This function calls:
		_DS_Rest
		_DS_Write
 This function is called by:
		_Send_DS
 This function uses a non-reentrant model


 *************** function _DS_Write *****************
 Defined at:
		line 35 in file "../library/ds18b20.c"
 Parameters:    Size  Location     Type
  command         1    wreg     unsigned char 
 Auto vars:     Size  Location     Type
  command         1    1[COMMON] unsigned char 
  i               1    2[COMMON] unsigned char 
 Return value:  Size  Location     Type
                  1    wreg      void 
 Registers used:
		wreg, status,2, status,0
 Tracked objects:
		On entry : 
		On exit  : 
		Unchanged: 
 Data sizes:     COMMON   BANK0   BANK1
      Params:         0       0       0
      Locals:         2       0       0
      Temps:          1       0       0
      Totals:         3       0       0
Total ram usage:        3 bytes
 Hardware stack levels used:    1
 Hardware stack levels required when called:    1
 This function calls:
		Nothing
 This function is called by:
		_DS_Convert
		_DS_GetTemp
		_DS_RAM_Write
 This function uses a non-reentrant model


 *************** function _DS_Rest *****************
 Defined at:
		line 18 in file "../library/ds18b20.c"
 Parameters:    Size  Location     Type
		None
 Auto vars:     Size  Location     Type
  flag            1    0[COMMON] unsigned char 
 Return value:  Size  Location     Type
                  1    wreg      void 
 Registers used:
		wreg, status,2, status,0
 Tracked objects:
		On entry : 
		On exit  : 
		Unchanged: 
 Data sizes:     COMMON   BANK0   BANK1
      Params:         0       0       0
      Locals:         1       0       0
      Temps:          0       0       0
      Totals:         1       0       0
Total ram usage:        1 bytes
 Hardware stack levels used:    1
 Hardware stack levels required when called:    1
 This function calls:
		Nothing
 This function is called by:
		_DS_Convert
		_DS_GetTemp
		_DS_RAM_Write
 This function uses a non-reentrant model


 *************** function _NRF_Tx_Set *****************
 Defined at:
		line 361 in file "../library/nrf24l01.c"
 Parameters:    Size  Location     Type
  addr            1    wreg     PTR unsigned char 
		 -> tx_addr(5), 
  ack             1    7[COMMON] unsigned char 
 Auto vars:     Size  Location     Type
  addr            1   10[COMMON] PTR unsigned char 
		 -> tx_addr(5), 
 Return value:  Size  Location     Type
                  1    wreg      void 
 Registers used:
		wreg, fsr1l, fsr1h, status,2, status,0, pclath, cstack
 Tracked objects:
		On entry : 
		On exit  : 
		Unchanged: 
 Data sizes:     COMMON   BANK0   BANK1
      Params:         1       0       0
      Locals:         1       0       0
      Temps:          2       0       0
      Totals:         4       0       0
Total ram usage:        4 bytes
 Hardware stack levels used:    1
 Hardware stack levels required when called:    3
 This function calls:
		_NRF_Write_Buf
		_NRF_Write_Reg
 This function is called by:
		_WirelessPad
 This function uses a non-reentrant model


 *************** function _NRF_Write_Reg *****************
 Defined at:
		line 103 in file "../library/nrf24l01.c"
 Parameters:    Size  Location     Type
  reg             1    wreg     unsigned char 
  value           1    1[COMMON] unsigned char 
 Auto vars:     Size  Location     Type
  reg             1    3[COMMON] unsigned char 
  status          1    4[COMMON] unsigned char 
 Return value:  Size  Location     Type
                  1    wreg      unsigned char 
 Registers used:
		wreg, status,2, status,0, pclath, cstack
 Tracked objects:
		On entry : 
		On exit  : 
		Unchanged: 
 Data sizes:     COMMON   BANK0   BANK1
      Params:         1       0       0
      Locals:         2       0       0
      Temps:          1       0       0
      Totals:         4       0       0
Total ram usage:        4 bytes
 Hardware stack levels used:    1
 Hardware stack levels required when called:    2
 This function calls:
		_NRF_SPI_RW
 This function is called by:
		_NRF_Tx_Set
		_NRF_Tx_CheckACK
		_NRF_Power_off
		_NRF_TX_Mode
		_NRF_TxPacket
		_NRF_RX_Mode
		_NRF_RxPacket
		_NRF_Flush_TX
		_NRF_Flush_RX
		_NRF_Clear_IRQ
		_NRF_Rx_Set
		_NRF_Rx_Set_P0
		_NRF_Rx_Set_P1
		_NRF_Rx_Set_P3
		_NRF_Rx_Set_P4
		_NRF_Rx_Set_P5
		_NRF_Rx_Receive
 This function uses a non-reentrant model


 *************** function _NRF_SPI_Init *****************
 Defined at:
		line 70 in file "../library/nrf24l01.c"
 Parameters:    Size  Location     Type
		None
 Auto vars:     Size  Location     Type
		None
 Return value:  Size  Location     Type
                  1    wreg      void 
 Registers used:
		wreg, status,2
 Tracked objects:
		On entry : 
		On exit  : 
		Unchanged: 
 Data sizes:     COMMON   BANK0   BANK1
      Params:         0       0       0
      Locals:         0       0       0
      Temps:          0       0       0
      Totals:         0       0       0
Total ram usage:        0 bytes
 Hardware stack levels used:    1
 Hardware stack levels required when called:    1
 This function calls:
		Nothing
 This function is called by:
		_WirelessPad
 This function uses a non-reentrant model


 *************** function _NRF_Port_Init *****************
 Defined at:
		line 44 in file "../library/nrf24l01.c"
 Parameters:    Size  Location     Type
		None
 Auto vars:     Size  Location     Type
		None
 Return value:  Size  Location     Type
                  1    wreg      void 
 Registers used:
		None
 Tracked objects:
		On entry : 
		On exit  : 
		Unchanged: 
 Data sizes:     COMMON   BANK0   BANK1
      Params:         0       0       0
      Locals:         0       0       0
      Temps:          0       0       0
      Totals:         0       0       0
Total ram usage:        0 bytes
 Hardware stack levels used:    1
 Hardware stack levels required when called:    1
 This function calls:
		Nothing
 This function is called by:
		_WirelessPad
 This function uses a non-reentrant model


 *************** function _NRF_On *****************
 Defined at:
		line 58 in file "../library/nrf24l01.c"
 Parameters:    Size  Location     Type
		None
 Auto vars:     Size  Location     Type
		None
 Return value:  Size  Location     Type
                  1    wreg      void 
 Registers used:
		None
 Tracked objects:
		On entry : 
		On exit  : 
		Unchanged: 
 Data sizes:     COMMON   BANK0   BANK1
      Params:         0       0       0
      Locals:         0       0       0
      Temps:          0       0       0
      Totals:         0       0       0
Total ram usage:        0 bytes
 Hardware stack levels used:    1
 Hardware stack levels required when called:    1
 This function calls:
		Nothing
 This function is called by:
		_WirelessPad
 This function uses a non-reentrant model


 *************** function _NRF_Check *****************
 Defined at:
		line 158 in file "../library/nrf24l01.c"
 Parameters:    Size  Location     Type
		None
 Auto vars:     Size  Location     Type
  buf             5    5[BANK0 ] unsigned char [5]
  tuf             5    0[BANK0 ] unsigned char [5]
  i               1   10[BANK0 ] unsigned char 
 Return value:  Size  Location     Type
                  1    wreg      unsigned char 
 Registers used:
		wreg, fsr0l, fsr0h, fsr1l, fsr1h, status,2, status,0, pclath, cstack
 Tracked objects:
		On entry : 
		On exit  : 
		Unchanged: 
 Data sizes:     COMMON   BANK0   BANK1
      Params:         0       0       0
      Locals:         0      11       0
      Temps:          2       0       0
      Totals:         2      11       0
Total ram usage:       13 bytes
 Hardware stack levels used:    1
 Hardware stack levels required when called:    3
 This function calls:
		_NRF_Read_Buf
		_NRF_Write_Buf
 This function is called by:
		_WirelessPad
 This function uses a non-reentrant model


 *************** function _NRF_Write_Buf *****************
 Defined at:
		line 138 in file "../library/nrf24l01.c"
 Parameters:    Size  Location     Type
  reg             1    wreg     unsigned char 
  pBuf            1    1[COMMON] PTR unsigned char 
		 -> tx_addr(5), pad_dat(2), pad_aux_dat(2), RX_ADDRESS_P5(5), 
		 -> RX_ADDRESS_P4(5), RX_ADDRESS_P3(5), RX_ADDRESS_P2(5), RX_ADDRESS_P1(5), 
		 -> RX_ADDRESS_P0(5), NRF_Check@tuf(5), 
  len             1    2[COMMON] unsigned char 
 Auto vars:     Size  Location     Type
  reg             1    5[COMMON] unsigned char 
  i               1    6[COMMON] unsigned char 
  status          1    0        unsigned char 
 Return value:  Size  Location     Type
                  1    wreg      unsigned char 
 Registers used:
		wreg, fsr1l, fsr1h, status,2, status,0, pclath, cstack
 Tracked objects:
		On entry : 
		On exit  : 
		Unchanged: 
 Data sizes:     COMMON   BANK0   BANK1
      Params:         2       0       0
      Locals:         3       0       0
      Temps:          1       0       0
      Totals:         6       0       0
Total ram usage:        6 bytes
 Hardware stack levels used:    1
 Hardware stack levels required when called:    2
 This function calls:
		_NRF_SPI_RW
 This function is called by:
		_NRF_Check
		_NRF_Tx_Set
		_NRF_Tx_Send
		_NRF_TX_Mode
		_NRF_RX_Mode
		_NRF_Rx_Set_P0
		_NRF_Rx_Set_P1
		_NRF_Rx_Set_P3
		_NRF_Rx_Set_P4
		_NRF_Rx_Set_P5
 This function uses a non-reentrant model


 *************** function _NRF_Read_Buf *****************
 Defined at:
		line 119 in file "../library/nrf24l01.c"
 Parameters:    Size  Location     Type
  reg             1    wreg     unsigned char 
  pBuf            1    1[COMMON] PTR unsigned char 
		 -> NRF_Check@buf(5), 
  len             1    2[COMMON] unsigned char 
 Auto vars:     Size  Location     Type
  reg             1    6[COMMON] unsigned char 
  i               1    7[COMMON] unsigned char 
  status          1    0        unsigned char 
 Return value:  Size  Location     Type
                  1    wreg      unsigned char 
 Registers used:
		wreg, fsr1l, fsr1h, status,2, status,0, pclath, cstack
 Tracked objects:
		On entry : 
		On exit  : 
		Unchanged: 
 Data sizes:     COMMON   BANK0   BANK1
      Params:         2       0       0
      Locals:         3       0       0
      Temps:          2       0       0
      Totals:         7       0       0
Total ram usage:        7 bytes
 Hardware stack levels used:    1
 Hardware stack levels required when called:    2
 This function calls:
		_NRF_SPI_RW
 This function is called by:
		_NRF_Check
		_NRF_Read_RX_Pload
 This function uses a non-reentrant model


 *************** function _NRF_SPI_RW *****************
 Defined at:
		line 79 in file "../library/nrf24l01.c"
 Parameters:    Size  Location     Type
  dat             1    wreg     unsigned char 
 Auto vars:     Size  Location     Type
  dat             1    0[COMMON] unsigned char 
 Return value:  Size  Location     Type
                  1    wreg      unsigned char 
 Registers used:
		wreg
 Tracked objects:
		On entry : 
		On exit  : 
		Unchanged: 
 Data sizes:     COMMON   BANK0   BANK1
      Params:         0       0       0
      Locals:         1       0       0
      Temps:          0       0       0
      Totals:         1       0       0
Total ram usage:        1 bytes
 Hardware stack levels used:    1
 Hardware stack levels required when called:    1
 This function calls:
		Nothing
 This function is called by:
		_NRF_Read_Reg
		_NRF_Write_Reg
		_NRF_Read_Buf
		_NRF_Write_Buf
 This function uses a non-reentrant model


 *************** function _PORT_Init *****************
 Defined at:
		line 4 in file "../library/port.c"
 Parameters:    Size  Location     Type
		None
 Auto vars:     Size  Location     Type
		None
 Return value:  Size  Location     Type
                  1    wreg      void 
 Registers used:
		status,2, status,0, pclath, cstack
 Tracked objects:
		On entry : 
		On exit  : 
		Unchanged: 
 Data sizes:     COMMON   BANK0   BANK1
      Params:         0       0       0
      Locals:         0       0       0
      Temps:          0       0       0
      Totals:         0       0       0
Total ram usage:        0 bytes
 Hardware stack levels used:    1
 Hardware stack levels required when called:    2
 This function calls:
		_PORTA_Init
		_PORTC_Init
 This function is called by:
		_main
 This function uses a non-reentrant model


 *************** function _PORTC_Init *****************
 Defined at:
		line 16 in file "../library/port.c"
 Parameters:    Size  Location     Type
		None
 Auto vars:     Size  Location     Type
		None
 Return value:  Size  Location     Type
                  1    wreg      void 
 Registers used:
		status,2
 Tracked objects:
		On entry : 
		On exit  : 
		Unchanged: 
 Data sizes:     COMMON   BANK0   BANK1
      Params:         0       0       0
      Locals:         0       0       0
      Temps:          0       0       0
      Totals:         0       0       0
Total ram usage:        0 bytes
 Hardware stack levels used:    1
 Hardware stack levels required when called:    1
 This function calls:
		Nothing
 This function is called by:
		_PORT_Init
 This function uses a non-reentrant model


 *************** function _PORTA_Init *****************
 Defined at:
		line 9 in file "../library/port.c"
 Parameters:    Size  Location     Type
		None
 Auto vars:     Size  Location     Type
		None
 Return value:  Size  Location     Type
                  1    wreg      void 
 Registers used:
		status,2
 Tracked objects:
		On entry : 
		On exit  : 
		Unchanged: 
 Data sizes:     COMMON   BANK0   BANK1
      Params:         0       0       0
      Locals:         0       0       0
      Temps:          0       0       0
      Totals:         0       0       0
Total ram usage:        0 bytes
 Hardware stack levels used:    1
 Hardware stack levels required when called:    1
 This function calls:
		Nothing
 This function is called by:
		_PORT_Init
 This function uses a non-reentrant model


 *************** function _LED_Init *****************
 Defined at:
		line 5 in file "../library/ledx.c"
 Parameters:    Size  Location     Type
		None
 Auto vars:     Size  Location     Type
		None
 Return value:  Size  Location     Type
                  1    wreg      void 
 Registers used:
		None
 Tracked objects:
		On entry : 
		On exit  : 
		Unchanged: 
 Data sizes:     COMMON   BANK0   BANK1
      Params:         0       0       0
      Locals:         0       0       0
      Temps:          0       0       0
      Totals:         0       0       0
Total ram usage:        0 bytes
 Hardware stack levels used:    1
 Hardware stack levels required when called:    1
 This function calls:
		Nothing
 This function is called by:
		_main
 This function uses a non-reentrant model


 *************** function _FOSC_Init *****************
 Defined at:
		line 3 in file "../library/fosc.c"
 Parameters:    Size  Location     Type
		None
 Auto vars:     Size  Location     Type
		None
 Return value:  Size  Location     Type
                  1    wreg      void 
 Registers used:
		wreg
 Tracked objects:
		On entry : 
		On exit  : 
		Unchanged: 
 Data sizes:     COMMON   BANK0   BANK1
      Params:         0       0       0
      Locals:         0       0       0
      Temps:          0       0       0
      Totals:         0       0       0
Total ram usage:        0 bytes
 Hardware stack levels used:    1
 Hardware stack levels required when called:    1
 This function calls:
		Nothing
 This function is called by:
		_main
 This function uses a non-reentrant model


 *************** function _ISR *****************
 Defined at:
		line 83 in file "main.c"
 Parameters:    Size  Location     Type
		None
 Auto vars:     Size  Location     Type
		None
 Return value:  Size  Location     Type
                  1    wreg      void 
 Registers used:
		None
 Tracked objects:
		On entry : 
		On exit  : 
		Unchanged: 
 Data sizes:     COMMON   BANK0   BANK1
      Params:         0       0       0
      Locals:         0       0       0
      Temps:          0       0       0
      Totals:         0       0       0
Total ram usage:        0 bytes
 Hardware stack levels used:    1
 This function calls:
		Nothing
 This function is called by:
		Interrupt level 1
 This function uses a non-reentrant model



MODULE INFORMATION

Module		Function		Class		Link	Load	Size
C:\Program Files (x86)\Microchip\xc8\v2.10\pic\sources\c99\common\Umul32.c
		___lmul        		CODE           	0193	0000	48

C:\Program Files (x86)\Microchip\xc8\v2.10\pic\sources\c99\common\Umul32.c estimated size: 48

../library/ledx.c
		_LED_Init      		CODE           	037B	0000	6
		_LEDx          		CODE           	02AF	0000	26

../library/ledx.c estimated size: 32

C:\Program Files (x86)\Microchip\xc8\v2.10\pic\sources\c99\common\__lldiv.c
		___lldiv       		CODE           	00BC	0000	84

C:\Program Files (x86)\Microchip\xc8\v2.10\pic\sources\c99\common\__lldiv.c estimated size: 84

../library/ds18b20.c
		_DS_Read       		CODE           	01C2	0000	48
		_DS_Rest       		CODE           	023E	0000	30
		_DS_Convert    		CODE           	030B	0000	19
		_DS_Write      		CODE           	0219	0000	38
		_DS_GetTemp    		CODE           	0033	0000	138

../library/ds18b20.c estimated size: 273

../library/fosc.c
		_FOSC_Init     		CODE           	0380	0000	5

../library/fosc.c estimated size: 5

../library/port.c
		_PORTA_Init    		CODE           	0362	0000	10
		_PORT_Init     		CODE           	0387	0000	4
		_PORTC_Init    		CODE           	0359	0000	10

../library/port.c estimated size: 24

shared
		_tx_pad_bed    		STRCODE        	0000	0000	0
		_tx_pad_nci    		STRCODE        	0000	0000	0
		_tx_pad_aux    		STRCODE        	0000	0000	0
		_tx_pad_chair  		STRCODE        	0000	0000	0
		_tx_pad_potty  		STRCODE        	0000	0000	0
		_pad_aux_ok    		STRCODE        	0398	0000	3
		_pad_aux_on    		STRCODE        	0000	0000	0
		_pad_aux_off   		STRCODE        	0000	0000	0
		__initialization		CODE           	0012	0000	31

shared estimated size: 34

../library/nrf24l01.c
		_NRF_On        		CODE           	0384	0000	4
		_NRF_Tx_CheckACK		CODE           	02F6	0000	22
		_NRF_Port_Init 		CODE           	034F	0000	11
		_NRF_Write_Reg 		CODE           	032B	0000	15
		_NRF_Write_Buf 		CODE           	0294	0000	28
		_NRF_Read_Reg  		CODE           	031D	0000	15
		_NRF_Read_Buf  		CODE           	025B	0000	30
		_NRF_Check     		CODE           	010F	0000	75
		_NRF_SPI_RW    		CODE           	0339	0000	13
		_NRF_SPI_Init  		CODE           	0345	0000	11
		_NRF_Tx_Set    		CODE           	0159	0000	59
		_NRF_Tx_Send   		CODE           	02C8	0000	25

../library/nrf24l01.c estimated size: 308

main.c
		_ISR           		CODE           	0004	0000	14
		_Send_DS       		CODE           	02E0	0000	23
		_main          		CODE           	0376	0000	6
		_WirelessPad   		CODE           	0278	0000	29

main.c estimated size: 72

