Microchip MPLAB XC8 Compiler V2.10 ()

Linker command line:

-W-3 --edf=C:\Program Files (x86)\Microchip\xc8\v2.10\pic\dat\en_msgs.txt \
  -cs -h+dist/default/production\DS18B20.X.production.sym \
  --cmf=dist/default/production\DS18B20.X.production.cmf -z -Q16LF1823 \
  -oC:\Users\WANGE\AppData\Local\Temp\sf7c.2 --defsym=__MPLAB_BUILD=1 \
  -Mdist/default/production/DS18B20.X.production.map -E1 -ver=XC8 \
  --acfsm=1493 -ASTACK=0202Dh-0206Fh -pstack=STACK -ACODE=00h-07FFh \
  -ASTRCODE=00h-07FFh -ASTRING=00h-0FFhx8 -ACONST=00h-0FFhx8 \
  -AENTRY=00h-0FFhx8 -ACOMMON=070h-07Fh -ABANK0=020h-06Fh -ABANK1=0A0h-0BFh \
  -ABIGRAM=02000h-0206Fh -ARAM=020h-06Fh,0A0h-0BFh \
  -AABS1=020h-07Fh,0A0h-0BFh -ASFR0=00h-01Fh -ASFR1=080h-09Fh \
  -ASFR2=0100h-016Fh -ASFR3=0180h-01EFh -ASFR4=0200h-026Fh \
  -ASFR5=0280h-02EFh -ASFR6=0300h-036Fh -ASFR7=0380h-03EFh \
  -ASFR8=0400h-046Fh -ASFR9=0480h-04EFh -ASFR10=0500h-056Fh \
  -ASFR11=0580h-05EFh -ASFR12=0600h-066Fh -ASFR13=0680h-06EFh \
  -ASFR14=0700h-076Fh -ASFR15=0780h-07EFh -ASFR16=0800h-086Fh \
  -ASFR17=0880h-08EFh -ASFR18=0900h-096Fh -ASFR19=0980h-09EFh \
  -ASFR20=0A00h-0A6Fh -ASFR21=0A80h-0AEFh -ASFR22=0B00h-0B6Fh \
  -ASFR23=0B80h-0BEFh -ASFR24=0C00h-0C6Fh -ASFR25=0C80h-0CEFh \
  -ASFR26=0D00h-0D6Fh -ASFR27=0D80h-0DEFh -ASFR28=0E00h-0E6Fh \
  -ASFR29=0E80h-0EEFh -ASFR30=0F00h-0F6Fh -ASFR31=0F80h-0FEFh \
  -preset_vec=00h,intentry=04h,init,end_init -ppowerup=CODE -pcinit=CODE \
  -pfunctab=ENTRY -ACONFIG=08007h-08008h -pconfig=CONFIG -DCONFIG=2 \
  -AIDLOC=08000h-08003h -pidloc=IDLOC -DIDLOC=2 -AEEDATA=00h-0FFh/0F000h \
  -peeprom_data=EEDATA -DEEDATA=2 -DCODE=2 -DSTRCODE=2 -DSTRING=2 -DCONST=2 \
  -DENTRY=2 -k C:\Users\WANGE\AppData\Local\Temp\sf7c.o \
  dist/default/production\DS18B20.X.production.o 

Object code version is 3.11

Machine type is 16LF1823



                Name                               Link     Load   Length Selector   Space Scale
C:\Users\WANGE\AppData\Local\Temp\sf7c.o
                end_init                             69       69        1        8       0
                reset_vec                             0        0        1        0       0
                config                             8007     8007        2    1000E       0
dist/default/production\DS18B20.X.production.o
                cinit                                6A       6A        5        8       0
                intentry                              4        4       65        8       0
                text15                              2CD      2CD       5F        8       0
                text14                              3D7      3D7       54        8       0
                text13                               6F       6F      100        8       0
                text11                              4A7      4A7       1F        8       0
                text10                              482      482       25        8       0
                text9                               4ED      4ED        C        8       0
                text8                               458      458       2A        8       0
                text7                               42B      42B       2D        8       0
                text6                               4F9      4F9        4        8       0
                text5                               4E0      4E0        D        8       0
                text4                               26D      26D       60        8       0
                text3                               383      383       54        8       0
                text2                               16F      16F       FE        8       0
                text1                               32C      32C       57        8       0
                maintext                            4C6      4C6       1A        8       0
                cstackBANK0                          20       20       2B       20       1
                cstackCOMMON                         70       70        E       70       1
                bssBANK0                             4C       4C        1       20       1
                nvBANK0                              4B       4B        1       20       1

TOTAL           Name                               Link     Load   Length     Space
        CLASS   STACK          

        CLASS   CODE           
                end_init                             69       69        1         0
                cinit                                6A       6A        5         0
                intentry                              4        4       65         0
                reset_vec                             0        0        1         0
                text15                              2CD      2CD       5F         0
                text14                              3D7      3D7       54         0
                text13                               6F       6F      100         0
                text11                              4A7      4A7       1F         0
                text10                              482      482       25         0
                text9                               4ED      4ED        C         0
                text8                               458      458       2A         0
                text7                               42B      42B       2D         0
                text6                               4F9      4F9        4         0
                text5                               4E0      4E0        D         0
                text4                               26D      26D       60         0
                text3                               383      383       54         0
                text2                               16F      16F       FE         0
                text1                               32C      32C       57         0
                maintext                            4C6      4C6       1A         0

        CLASS   STRCODE        

        CLASS   STRING         

        CLASS   CONST          

        CLASS   ENTRY          

        CLASS   COMMON         
                cstackCOMMON                         70       70        E         1

        CLASS   BANK0          
                cstackBANK0                          20       20       2B         1
                bssBANK0                             4C       4C        1         1
                nvBANK0                              4B       4B        1         1

        CLASS   BANK1          

        CLASS   BIGRAM         

        CLASS   RAM            

        CLASS   ABS1           
                abs_s1                               7E       7E        2         1

        CLASS   SFR0           

        CLASS   SFR1           

        CLASS   SFR2           

        CLASS   SFR3           

        CLASS   SFR4           

        CLASS   SFR5           

        CLASS   SFR6           

        CLASS   SFR7           

        CLASS   SFR8           

        CLASS   SFR9           

        CLASS   SFR10          

        CLASS   SFR11          

        CLASS   SFR12          

        CLASS   SFR13          

        CLASS   SFR14          

        CLASS   SFR15          

        CLASS   SFR16          

        CLASS   SFR17          

        CLASS   SFR18          

        CLASS   SFR19          

        CLASS   SFR20          

        CLASS   SFR21          

        CLASS   SFR22          

        CLASS   SFR23          

        CLASS   SFR24          

        CLASS   SFR25          

        CLASS   SFR26          

        CLASS   SFR27          

        CLASS   SFR28          

        CLASS   SFR29          

        CLASS   SFR30          

        CLASS   SFR31          

        CLASS   CONFIG         
                config                             8007     8007        2         0

        CLASS   IDLOC          

        CLASS   EEDATA         

        CLASS   BANK31         

        CLASS   BANK30         

        CLASS   BANK29         

        CLASS   BANK28         

        CLASS   BANK27         

        CLASS   BANK26         

        CLASS   BANK25         

        CLASS   BANK24         

        CLASS   BANK23         

        CLASS   BANK22         

        CLASS   BANK21         

        CLASS   BANK20         

        CLASS   BANK19         

        CLASS   BANK18         

        CLASS   BANK17         

        CLASS   BANK16         

        CLASS   BANK15         

        CLASS   BANK14         

        CLASS   BANK13         

        CLASS   BANK12         

        CLASS   BANK11         

        CLASS   BANK10         

        CLASS   BANK9          

        CLASS   BANK8          

        CLASS   BANK7          

        CLASS   BANK6          

        CLASS   BANK5          

        CLASS   BANK4          

        CLASS   BANK3          

        CLASS   BANK2          



SEGMENTS        Name                           Load    Length   Top    Selector   Space  Class     Delta

                reset_vec                      000000  000001  000001         0       0  CODE        2
                intentry                       000004  0004F9  0004FD         8       0  CODE        2
                cstackBANK0                    000020  00002D  00004D        20       1  BANK0       1
                cstackCOMMON                   000070  00000E  00007E        70       1  COMMON      1
                config                         008007  000002  008009     1000E       0  CONFIG      2


UNUSED ADDRESS RANGES

        Name                Unused          Largest block    Delta
        BANK0            0004D-0006F              23           1
        BANK1            000A0-000BF              20           1
        BIGRAM           02000-0206F              70           1
        CODE             00001-00003               3           2
                         004FD-007FF             303
        CONST            00001-00003               3           2
                         004FD-007FF             100
        EEDATA           0F000-0F0FF             100           2
        ENTRY            00001-00003               3           2
                         004FD-007FF             100
        IDLOC            08000-08003               4           2
        RAM              0004D-0006F              23           1
                         000A0-000BF              20
        SFR0             00000-0001F              20           1
        SFR1             00080-0009F              20           1
        SFR10            00500-0056F              70           1
        SFR11            00580-005EF              70           1
        SFR12            00600-0066F              70           1
        SFR13            00680-006EF              70           1
        SFR14            00700-0076F              70           1
        SFR15            00780-007EF              70           1
        SFR16            00800-0086F              70           1
        SFR17            00880-008EF              70           1
        SFR18            00900-0096F              70           1
        SFR19            00980-009EF              70           1
        SFR2             00100-0016F              70           1
        SFR20            00A00-00A6F              70           1
        SFR21            00A80-00AEF              70           1
        SFR22            00B00-00B6F              70           1
        SFR23            00B80-00BEF              70           1
        SFR24            00C00-00C6F              70           1
        SFR25            00C80-00CEF              70           1
        SFR26            00D00-00D6F              70           1
        SFR27            00D80-00DEF              70           1
        SFR28            00E00-00E6F              70           1
        SFR29            00E80-00EEF              70           1
        SFR3             00180-001EF              70           1
        SFR30            00F00-00F6F              70           1
        SFR31            00F80-00FEF              70           1
        SFR4             00200-0026F              70           1
        SFR5             00280-002EF              70           1
        SFR6             00300-0036F              70           1
        SFR7             00380-003EF              70           1
        SFR8             00400-0046F              70           1
        SFR9             00480-004EF              70           1
        STACK            0202D-0206F              43           1
        STRCODE          00001-00003               3           2
                         004FD-007FF             303
        STRING           00001-00003               3           2
                         004FD-007FF             100

                                  Symbol Table

?___awdiv                cstackBANK0  00033
?___awmod                cstackBANK0  0003C
?i1___awdiv              cstackCOMMON 00070
?i1___awmod              cstackCOMMON 00079
DS_GetTemp@ds_hight      cstackBANK0  0003C
DS_GetTemp@ds_low        cstackBANK0  0003B
DS_GetTemp@ds_th         cstackBANK0  0003D
DS_Read@i                cstackBANK0  00037
DS_Read@temp             cstackBANK0  00035
DS_Read@value            cstackBANK0  00036
DS_Rest@flag             cstackBANK0  00033
DS_Write@command         cstackBANK0  00034
DS_Write@i               cstackBANK0  00035
_ANSELA                  (abs)        0018C
_ANSELC                  (abs)        0018E
_DS_Convert              text9        004ED
_DS_GetTemp              text7        0042B
_DS_Read                 text8        00458
_DS_Rest                 text11       004A7
_DS_Write                text10       00482
_FOSC_Init               text6        004F9
_GIE                     (abs)        0005F
_LATA                    (abs)        0010C
_LATC                    (abs)        0010E
_OPTION_REG              (abs)        00095
_OSCCON                  (abs)        00099
_PEIE                    (abs)        0005E
_PORTA                   (abs)        0000C
_PORTC                   (abs)        0000E
_PORT_Init               text5        004E0
_RA0                     (abs)        00060
_RA1                     (abs)        00061
_RA2                     (abs)        00062
_RA4                     (abs)        00064
_RA5                     (abs)        00065
_TMR0                    (abs)        00015
_TMR0IE                  (abs)        0005D
_TMR0IF                  (abs)        0005A
_TRISA                   (abs)        0008C
_TRISA0                  (abs)        00460
_TRISA1                  (abs)        00461
_TRISA2                  (abs)        00462
_TRISA4                  (abs)        00464
_TRISA5                  (abs)        00465
_TRISC                   (abs)        0008E
__CFG_BOREN$ON           (abs)        00000
__CFG_BORV$LO            (abs)        00000
__CFG_CLKOUTEN$OFF       (abs)        00000
__CFG_CP$OFF             (abs)        00000
__CFG_CPD$OFF            (abs)        00000
__CFG_FCMEN$OFF          (abs)        00000
__CFG_FOSC$INTOSC        (abs)        00000
__CFG_IESO$OFF           (abs)        00000
__CFG_LVP$OFF            (abs)        00000
__CFG_MCLRE$ON           (abs)        00000
__CFG_PLLEN$OFF          (abs)        00000
__CFG_PWRTE$OFF          (abs)        00000
__CFG_STVREN$OFF         (abs)        00000
__CFG_WDTE$OFF           (abs)        00000
__CFG_WRT$OFF            (abs)        00000
__Habs1                  abs1         00000
__Hbank0                 bank0        00000
__Hbank1                 bank1        00000
__Hbank10                bank10       00000
__Hbank11                bank11       00000
__Hbank12                bank12       00000
__Hbank13                bank13       00000
__Hbank14                bank14       00000
__Hbank15                bank15       00000
__Hbank16                bank16       00000
__Hbank17                bank17       00000
__Hbank18                bank18       00000
__Hbank19                bank19       00000
__Hbank2                 bank2        00000
__Hbank20                bank20       00000
__Hbank21                bank21       00000
__Hbank22                bank22       00000
__Hbank23                bank23       00000
__Hbank24                bank24       00000
__Hbank25                bank25       00000
__Hbank26                bank26       00000
__Hbank27                bank27       00000
__Hbank28                bank28       00000
__Hbank29                bank29       00000
__Hbank3                 bank3        00000
__Hbank30                bank30       00000
__Hbank31                bank31       00000
__Hbank4                 bank4        00000
__Hbank5                 bank5        00000
__Hbank6                 bank6        00000
__Hbank7                 bank7        00000
__Hbank8                 bank8        00000
__Hbank9                 bank9        00000
__Hbigram                bigram       00000
__HbssBANK0              bssBANK0     00000
__Hcinit                 cinit        0006F
__Hclrtext               clrtext      00000
__Hcode                  code         00000
__Hcommon                common       00000
__Hconfig                config       08009
__HcstackBANK0           cstackBANK0  00000
__HcstackCOMMON          cstackCOMMON 00000
__Heeprom_data           eeprom_data  00000
__Hend_init              end_init     0006A
__Hfunctab               functab      00000
__Hidloc                 idloc        00000
__Hinit                  init         00069
__Hintentry              intentry     00069
__Hmaintext              maintext     00000
__HnvBANK0               nvBANK0      00000
__Hpowerup               powerup      00000
__Hram                   ram          00000
__Hreset_vec             reset_vec    00001
__Hsfr0                  sfr0         00000
__Hsfr1                  sfr1         00000
__Hsfr10                 sfr10        00000
__Hsfr11                 sfr11        00000
__Hsfr12                 sfr12        00000
__Hsfr13                 sfr13        00000
__Hsfr14                 sfr14        00000
__Hsfr15                 sfr15        00000
__Hsfr16                 sfr16        00000
__Hsfr17                 sfr17        00000
__Hsfr18                 sfr18        00000
__Hsfr19                 sfr19        00000
__Hsfr2                  sfr2         00000
__Hsfr20                 sfr20        00000
__Hsfr21                 sfr21        00000
__Hsfr22                 sfr22        00000
__Hsfr23                 sfr23        00000
__Hsfr24                 sfr24        00000
__Hsfr25                 sfr25        00000
__Hsfr26                 sfr26        00000
__Hsfr27                 sfr27        00000
__Hsfr28                 sfr28        00000
__Hsfr29                 sfr29        00000
__Hsfr3                  sfr3         00000
__Hsfr30                 sfr30        00000
__Hsfr31                 sfr31        00000
__Hsfr4                  sfr4         00000
__Hsfr5                  sfr5         00000
__Hsfr6                  sfr6         00000
__Hsfr7                  sfr7         00000
__Hsfr8                  sfr8         00000
__Hsfr9                  sfr9         00000
__Hspace_0               (abs)        08009
__Hspace_1               (abs)        0007E
__Hspace_2               (abs)        00000
__Hspace_3               (abs)        00000
__Hstack                 stack        00000
__Hstrings               strings      00000
__Htext                  text         00000
__Labs1                  abs1         00000
__Lbank0                 bank0        00000
__Lbank1                 bank1        00000
__Lbank10                bank10       00000
__Lbank11                bank11       00000
__Lbank12                bank12       00000
__Lbank13                bank13       00000
__Lbank14                bank14       00000
__Lbank15                bank15       00000
__Lbank16                bank16       00000
__Lbank17                bank17       00000
__Lbank18                bank18       00000
__Lbank19                bank19       00000
__Lbank2                 bank2        00000
__Lbank20                bank20       00000
__Lbank21                bank21       00000
__Lbank22                bank22       00000
__Lbank23                bank23       00000
__Lbank24                bank24       00000
__Lbank25                bank25       00000
__Lbank26                bank26       00000
__Lbank27                bank27       00000
__Lbank28                bank28       00000
__Lbank29                bank29       00000
__Lbank3                 bank3        00000
__Lbank30                bank30       00000
__Lbank31                bank31       00000
__Lbank4                 bank4        00000
__Lbank5                 bank5        00000
__Lbank6                 bank6        00000
__Lbank7                 bank7        00000
__Lbank8                 bank8        00000
__Lbank9                 bank9        00000
__Lbigram                bigram       00000
__LbssBANK0              bssBANK0     00000
__Lcinit                 cinit        0006A
__Lclrtext               clrtext      00000
__Lcode                  code         00000
__Lcommon                common       00000
__Lconfig                config       08007
__LcstackBANK0           cstackBANK0  00000
__LcstackCOMMON          cstackCOMMON 00000
__Leeprom_data           eeprom_data  00000
__Lend_init              end_init     00069
__Lfunctab               functab      00000
__Lidloc                 idloc        00000
__Linit                  init         00069
__Lintentry              intentry     00004
__Lmaintext              maintext     00000
__LnvBANK0               nvBANK0      00000
__Lpowerup               powerup      00000
__Lram                   ram          00000
__Lreset_vec             reset_vec    00000
__Lsfr0                  sfr0         00000
__Lsfr1                  sfr1         00000
__Lsfr10                 sfr10        00000
__Lsfr11                 sfr11        00000
__Lsfr12                 sfr12        00000
__Lsfr13                 sfr13        00000
__Lsfr14                 sfr14        00000
__Lsfr15                 sfr15        00000
__Lsfr16                 sfr16        00000
__Lsfr17                 sfr17        00000
__Lsfr18                 sfr18        00000
__Lsfr19                 sfr19        00000
__Lsfr2                  sfr2         00000
__Lsfr20                 sfr20        00000
__Lsfr21                 sfr21        00000
__Lsfr22                 sfr22        00000
__Lsfr23                 sfr23        00000
__Lsfr24                 sfr24        00000
__Lsfr25                 sfr25        00000
__Lsfr26                 sfr26        00000
__Lsfr27                 sfr27        00000
__Lsfr28                 sfr28        00000
__Lsfr29                 sfr29        00000
__Lsfr3                  sfr3         00000
__Lsfr30                 sfr30        00000
__Lsfr31                 sfr31        00000
__Lsfr4                  sfr4         00000
__Lsfr5                  sfr5         00000
__Lsfr6                  sfr6         00000
__Lsfr7                  sfr7         00000
__Lsfr8                  sfr8         00000
__Lsfr9                  sfr9         00000
__Lspace_0               (abs)        00000
__Lspace_1               (abs)        00000
__Lspace_2               (abs)        00000
__Lspace_3               (abs)        00000
__Lstack                 stack        00000
__Lstrings               strings      00000
__Ltext                  text         00000
__S0                     (abs)        08009
__S1                     (abs)        0007E
__S2                     (abs)        00000
__S3                     (abs)        00000
___awdiv                 text4        0026D
___awdiv@counter         cstackBANK0  00038
___awdiv@dividend        cstackBANK0  00035
___awdiv@divisor         cstackBANK0  00033
___awdiv@quotient        cstackBANK0  0003A
___awdiv@sign            cstackBANK0  00039
___awmod                 text3        00383
___awmod@counter         cstackBANK0  00041
___awmod@dividend        cstackBANK0  0003E
___awmod@divisor         cstackBANK0  0003C
___awmod@sign            cstackBANK0  00042
___int_sp                stack        00000
___latbits               (abs)        00000
___sp                    stack        00000
___stackhi               (abs)        0206F
___stacklo               (abs)        0202D
__end_of_DS_Convert      text9        004F9
__end_of_DS_GetTemp      text7        00458
__end_of_DS_Read         text8        00482
__end_of_DS_Rest         text11       004C6
__end_of_DS_Write        text10       004A7
__end_of_FOSC_Init       text6        004FD
__end_of_PORT_Init       text5        004ED
__end_of___awdiv         text4        002CD
__end_of___awmod         text3        003D7
__end_of__initialization cinit        0006C
__end_of_isr             intentry     00069
__end_of_main            maintext     004E0
__end_of_show_res        text1        00383
__end_of_show_seg        text2        0026D
__end_ofi1___awdiv       text15       0032C
__end_ofi1___awmod       text14       0042B
__end_ofi1_show_seg      text13       0016F
__initialization         cinit        0006A
__pbssBANK0              bssBANK0     0004C
__pcstackBANK0           cstackBANK0  00020
__pcstackCOMMON          cstackCOMMON 00070
__pintentry              intentry     00004
__pmaintext              maintext     004C6
__pnvBANK0               nvBANK0      0004B
__ptext1                 text1        0032C
__ptext10                text10       00482
__ptext11                text11       004A7
__ptext13                text13       0006F
__ptext14                text14       003D7
__ptext15                text15       002CD
__ptext2                 text2        0016F
__ptext3                 text3        00383
__ptext4                 text4        0026D
__ptext5                 text5        004E0
__ptext6                 text6        004F9
__ptext7                 text7        0042B
__ptext8                 text8        00458
__ptext9                 text9        004ED
__size_of_DS_Convert     (abs)        00000
__size_of_DS_GetTemp     (abs)        00000
__size_of_DS_Read        (abs)        00000
__size_of_DS_Rest        (abs)        00000
__size_of_DS_Write       (abs)        00000
__size_of_FOSC_Init      (abs)        00000
__size_of_PORT_Init      (abs)        00000
__size_of___awdiv        (abs)        00000
__size_of___awmod        (abs)        00000
__size_of_isr            (abs)        00000
__size_of_main           (abs)        00000
__size_of_show_res       (abs)        00000
__size_of_show_seg       (abs)        00000
__size_ofi1___awdiv      (abs)        00000
__size_ofi1___awmod      (abs)        00000
__size_ofi1_show_seg     (abs)        00000
_ds_temp                 bssBANK0     0004C
_glo_i                   nvBANK0      0004B
_isr                     intentry     00004
_main                    maintext     004C6
_show_res                text1        0032C
_show_seg                text2        0016F
btemp                    (abs)        0007E
end_of_initialization    cinit        0006C
i1___awdiv               text15       002CD
i1___awdiv@counter       cstackCOMMON 00075
i1___awdiv@dividend      cstackCOMMON 00072
i1___awdiv@divisor       cstackCOMMON 00070
i1___awdiv@quotient      cstackCOMMON 00077
i1___awdiv@sign          cstackCOMMON 00076
i1___awmod               text14       003D7
i1___awmod@counter       cstackBANK0  00020
i1___awmod@dividend      cstackCOMMON 0007B
i1___awmod@divisor       cstackCOMMON 00079
i1___awmod@sign          cstackBANK0  00021
i1_show_seg              text13       0006F
i1show_seg@num           cstackBANK0  00020
i1show_seg@s0            cstackBANK0  00021
i1show_seg@s1            cstackBANK0  00022
i1show_seg@s2            cstackBANK0  00023
i1show_seg@s3            cstackBANK0  00024
i1show_seg@s4            cstackBANK0  00025
i1show_seg@s5            cstackBANK0  00026
i1show_seg@s6            cstackBANK0  00027
i1show_seg@s7            cstackBANK0  00028
i1show_seg@s8            cstackBANK0  00029
i1show_seg@s9            cstackBANK0  0002A
i1show_seg@sd            cstackBANK0  0002B
i1show_seg@se            cstackBANK0  0002C
i1show_seg@seg           cstackCOMMON 00070
int$flags                (abs)        0007E
intlevel0                functab      00000
intlevel1                functab      00000
intlevel2                functab      00000
intlevel3                functab      00000
intlevel4                functab      00000
intlevel5                functab      00000
isr@t                    cstackBANK0  00030
reset_vec                reset_vec    00000
show_res@num             cstackBANK0  00049
show_res@t               cstackBANK0  00046
show_seg@num             cstackBANK0  00036
show_seg@s1              cstackBANK0  00038
show_seg@s2              cstackBANK0  00039
show_seg@s3              cstackBANK0  0003A
show_seg@s4              cstackBANK0  0003B
show_seg@s5              cstackBANK0  0003C
show_seg@s6              cstackBANK0  0003D
show_seg@s7              cstackBANK0  0003E
show_seg@s8              cstackBANK0  0003F
show_seg@s9              cstackBANK0  00040
show_seg@sd              cstackBANK0  00041
show_seg@se              cstackBANK0  00042
show_seg@seg             cstackBANK0  00033
start                    init         00069
start_initialization     cinit        0006A
wtemp0                   (abs)        0007E


FUNCTION INFORMATION:

 *************** function _main *****************
 Defined at:
		line 148 in file "main.c"
 Parameters:    Size  Location     Type
		None
 Auto vars:     Size  Location     Type
		None
 Return value:  Size  Location     Type
                  1    wreg      void 
 Registers used:
		wreg, fsr0l, fsr0h, status,2, status,0, pclath, cstack
 Tracked objects:
		On entry : 
		On exit  : 
		Unchanged: 
 Data sizes:     COMMON   BANK0   BANK1
      Params:         0       0       0
      Locals:         0       0       0
      Temps:          0       1       0
      Totals:         0       1       0
Total ram usage:        1 bytes
 Hardware stack levels required when called:    4
 This function calls:
		_DS_Convert
		_DS_GetTemp
		_FOSC_Init
		_PORT_Init
		_show_res
 This function is called by:
		Startup code after reset
 This function uses a non-reentrant model


 *************** function _show_res *****************
 Defined at:
		line 120 in file "main.c"
 Parameters:    Size  Location     Type
  num             1    wreg     unsigned char 
 Auto vars:     Size  Location     Type
  num             1   41[BANK0 ] unsigned char 
  t               3   38[BANK0 ] unsigned char [3]
 Return value:  Size  Location     Type
                  1    wreg      void 
 Registers used:
		wreg, fsr0l, fsr0h, status,2, status,0, pclath, cstack
 Tracked objects:
		On entry : 
		On exit  : 
		Unchanged: 
 Data sizes:     COMMON   BANK0   BANK1
      Params:         0       0       0
      Locals:         0       4       0
      Temps:          0       3       0
      Totals:         0       7       0
Total ram usage:        7 bytes
 Hardware stack levels used:    1
 Hardware stack levels required when called:    3
 This function calls:
		___awdiv
		___awmod
		_show_seg
 This function is called by:
		_main
 This function uses a non-reentrant model


 *************** function _show_seg *****************
 Defined at:
		line 75 in file "main.c"
 Parameters:    Size  Location     Type
  num             1    wreg     unsigned char 
  seg             1   19[BANK0 ] unsigned char 
 Auto vars:     Size  Location     Type
  num             1   22[BANK0 ] unsigned char 
  se              1   34[BANK0 ] unsigned char 
  sd              1   33[BANK0 ] unsigned char 
  s9              1   32[BANK0 ] unsigned char 
  s8              1   31[BANK0 ] unsigned char 
  s7              1   30[BANK0 ] unsigned char 
  s6              1   29[BANK0 ] unsigned char 
  s5              1   28[BANK0 ] unsigned char 
  s4              1   27[BANK0 ] unsigned char 
  s3              1   26[BANK0 ] unsigned char 
  s2              1   25[BANK0 ] unsigned char 
  s1              1   24[BANK0 ] unsigned char 
  s0              1    0        unsigned char 
 Return value:  Size  Location     Type
                  1    wreg      void 
 Registers used:
		wreg, fsr0l, fsr0h, status,2, status,0
 Tracked objects:
		On entry : 
		On exit  : 
		Unchanged: 
 Data sizes:     COMMON   BANK0   BANK1
      Params:         0       1       0
      Locals:         0      13       0
      Temps:          0       2       0
      Totals:         0      16       0
Total ram usage:       16 bytes
 Hardware stack levels used:    1
 Hardware stack levels required when called:    2
 This function calls:
		Nothing
 This function is called by:
		_show_res
 This function uses a non-reentrant model


 *************** function ___awmod *****************
 Defined at:
		line 5 in file "C:\Program Files (x86)\Microchip\xc8\v2.10\pic\sources\c99\common\awmod.c"
 Parameters:    Size  Location     Type
  divisor         2   28[BANK0 ] int 
  dividend        2   30[BANK0 ] int 
 Auto vars:     Size  Location     Type
  sign            1   34[BANK0 ] unsigned char 
  counter         1   33[BANK0 ] unsigned char 
 Return value:  Size  Location     Type
                  2   28[BANK0 ] int 
 Registers used:
		wreg, status,2, status,0
 Tracked objects:
		On entry : 
		On exit  : 
		Unchanged: 
 Data sizes:     COMMON   BANK0   BANK1
      Params:         0       4       0
      Locals:         0       2       0
      Temps:          0       1       0
      Totals:         0       7       0
Total ram usage:        7 bytes
 Hardware stack levels used:    1
 Hardware stack levels required when called:    2
 This function calls:
		Nothing
 This function is called by:
		_show_res
 This function uses a non-reentrant model


 *************** function ___awdiv *****************
 Defined at:
		line 5 in file "C:\Program Files (x86)\Microchip\xc8\v2.10\pic\sources\c99\common\awdiv.c"
 Parameters:    Size  Location     Type
  divisor         2   19[BANK0 ] int 
  dividend        2   21[BANK0 ] int 
 Auto vars:     Size  Location     Type
  quotient        2   26[BANK0 ] int 
  sign            1   25[BANK0 ] unsigned char 
  counter         1   24[BANK0 ] unsigned char 
 Return value:  Size  Location     Type
                  2   19[BANK0 ] int 
 Registers used:
		wreg, status,2, status,0
 Tracked objects:
		On entry : 
		On exit  : 
		Unchanged: 
 Data sizes:     COMMON   BANK0   BANK1
      Params:         0       4       0
      Locals:         0       4       0
      Temps:          0       1       0
      Totals:         0       9       0
Total ram usage:        9 bytes
 Hardware stack levels used:    1
 Hardware stack levels required when called:    2
 This function calls:
		Nothing
 This function is called by:
		_show_res
 This function uses a non-reentrant model


 *************** function _PORT_Init *****************
 Defined at:
		line 40 in file "main.c"
 Parameters:    Size  Location     Type
		None
 Auto vars:     Size  Location     Type
		None
 Return value:  Size  Location     Type
                  1    wreg      void 
 Registers used:
		status,2
 Tracked objects:
		On entry : 
		On exit  : 
		Unchanged: 
 Data sizes:     COMMON   BANK0   BANK1
      Params:         0       0       0
      Locals:         0       0       0
      Temps:          0       0       0
      Totals:         0       0       0
Total ram usage:        0 bytes
 Hardware stack levels used:    1
 Hardware stack levels required when called:    2
 This function calls:
		Nothing
 This function is called by:
		_main
 This function uses a non-reentrant model


 *************** function _FOSC_Init *****************
 Defined at:
		line 36 in file "main.c"
 Parameters:    Size  Location     Type
		None
 Auto vars:     Size  Location     Type
		None
 Return value:  Size  Location     Type
                  1    wreg      void 
 Registers used:
		wreg
 Tracked objects:
		On entry : 
		On exit  : 
		Unchanged: 
 Data sizes:     COMMON   BANK0   BANK1
      Params:         0       0       0
      Locals:         0       0       0
      Temps:          0       0       0
      Totals:         0       0       0
Total ram usage:        0 bytes
 Hardware stack levels used:    1
 Hardware stack levels required when called:    2
 This function calls:
		Nothing
 This function is called by:
		_main
 This function uses a non-reentrant model


 *************** function _DS_GetTemp *****************
 Defined at:
		line 60 in file "../library/ds18b20.c"
 Parameters:    Size  Location     Type
		None
 Auto vars:     Size  Location     Type
  hightemp        2    0        int 
  lowtemp         2    0        int 
  ds_th           1   29[BANK0 ] unsigned char 
  ds_hight        1   28[BANK0 ] unsigned char 
  ds_low          1   27[BANK0 ] unsigned char 
  ds_crc          1    0        unsigned char 
  ds_rs3          1    0        unsigned char 
  ds_rs2          1    0        unsigned char 
  ds_rs1          1    0        unsigned char 
  ds_rs0          1    0        unsigned char 
  ds_tl           1    0        unsigned char 
 Return value:  Size  Location     Type
                  1    wreg      unsigned char 
 Registers used:
		wreg, status,2, status,0, pclath, cstack
 Tracked objects:
		On entry : 
		On exit  : 
		Unchanged: 
 Data sizes:     COMMON   BANK0   BANK1
      Params:         0       0       0
      Locals:         0       3       0
      Temps:          0       3       0
      Totals:         0       6       0
Total ram usage:        6 bytes
 Hardware stack levels used:    1
 Hardware stack levels required when called:    3
 This function calls:
		_DS_Read
		_DS_Rest
		_DS_Write
 This function is called by:
		_main
 This function uses a non-reentrant model


 *************** function _DS_Read *****************
 Defined at:
		line 38 in file "../library/ds18b20.c"
 Parameters:    Size  Location     Type
		None
 Auto vars:     Size  Location     Type
  i               1   23[BANK0 ] char 
  value           1   22[BANK0 ] unsigned char 
  temp            1   21[BANK0 ] unsigned char 
 Return value:  Size  Location     Type
                  1    wreg      unsigned char 
 Registers used:
		wreg, status,2, status,0
 Tracked objects:
		On entry : 
		On exit  : 
		Unchanged: 
 Data sizes:     COMMON   BANK0   BANK1
      Params:         0       0       0
      Locals:         0       3       0
      Temps:          0       2       0
      Totals:         0       5       0
Total ram usage:        5 bytes
 Hardware stack levels used:    1
 Hardware stack levels required when called:    2
 This function calls:
		Nothing
 This function is called by:
		_DS_GetTemp
 This function uses a non-reentrant model


 *************** function _DS_Convert *****************
 Defined at:
		line 53 in file "../library/ds18b20.c"
 Parameters:    Size  Location     Type
		None
 Auto vars:     Size  Location     Type
		None
 Return value:  Size  Location     Type
                  1    wreg      void 
 Registers used:
		wreg, status,2, status,0, pclath, cstack
 Tracked objects:
		On entry : 
		On exit  : 
		Unchanged: 
 Data sizes:     COMMON   BANK0   BANK1
      Params:         0       0       0
      Locals:         0       0       0
      Temps:          0       0       0
      Totals:         0       0       0
Total ram usage:        0 bytes
 Hardware stack levels used:    1
 Hardware stack levels required when called:    3
 This function calls:
		_DS_Rest
		_DS_Write
 This function is called by:
		_main
 This function uses a non-reentrant model


 *************** function _DS_Write *****************
 Defined at:
		line 25 in file "../library/ds18b20.c"
 Parameters:    Size  Location     Type
  command         1    wreg     unsigned char 
 Auto vars:     Size  Location     Type
  command         1   20[BANK0 ] unsigned char 
  i               1   21[BANK0 ] char 
 Return value:  Size  Location     Type
                  1    wreg      void 
 Registers used:
		wreg, status,2, status,0
 Tracked objects:
		On entry : 
		On exit  : 
		Unchanged: 
 Data sizes:     COMMON   BANK0   BANK1
      Params:         0       0       0
      Locals:         0       2       0
      Temps:          0       1       0
      Totals:         0       3       0
Total ram usage:        3 bytes
 Hardware stack levels used:    1
 Hardware stack levels required when called:    2
 This function calls:
		Nothing
 This function is called by:
		_DS_Convert
		_DS_GetTemp
		_DS_RAM_Write
 This function uses a non-reentrant model


 *************** function _DS_Rest *****************
 Defined at:
		line 10 in file "../library/ds18b20.c"
 Parameters:    Size  Location     Type
		None
 Auto vars:     Size  Location     Type
  flag            1   19[BANK0 ] unsigned char 
 Return value:  Size  Location     Type
                  1    wreg      void 
 Registers used:
		wreg, status,2, status,0
 Tracked objects:
		On entry : 
		On exit  : 
		Unchanged: 
 Data sizes:     COMMON   BANK0   BANK1
      Params:         0       0       0
      Locals:         0       1       0
      Temps:          0       0       0
      Totals:         0       1       0
Total ram usage:        1 bytes
 Hardware stack levels used:    1
 Hardware stack levels required when called:    2
 This function calls:
		Nothing
 This function is called by:
		_DS_Convert
		_DS_GetTemp
		_DS_RAM_Write
 This function uses a non-reentrant model


 *************** function _isr *****************
 Defined at:
		line 132 in file "main.c"
 Parameters:    Size  Location     Type
		None
 Auto vars:     Size  Location     Type
  t               3   16[BANK0 ] unsigned char [3]
 Return value:  Size  Location     Type
                  1    wreg      void 
 Registers used:
		wreg, fsr0l, fsr0h, status,2, status,0, pclath, cstack
 Tracked objects:
		On entry : 
		On exit  : 
		Unchanged: 
 Data sizes:     COMMON   BANK0   BANK1
      Params:         0       0       0
      Locals:         0       3       0
      Temps:          0       3       0
      Totals:         0       6       0
Total ram usage:        6 bytes
 Hardware stack levels used:    1
 Hardware stack levels required when called:    1
 This function calls:
		i1___awdiv
		i1___awmod
		i1_show_seg
 This function is called by:
		Interrupt level 1
 This function uses a non-reentrant model


 *************** function i1_show_seg *****************
 Defined at:
		line 75 in file "main.c"
 Parameters:    Size  Location     Type
  num             1    wreg     unsigned char 
  seg             1    0[COMMON] unsigned char 
 Auto vars:     Size  Location     Type
  num             1    0[BANK0 ] unsigned char 
  show_seg        1   12[BANK0 ] unsigned char 
  show_seg        1   11[BANK0 ] unsigned char 
  show_seg        1   10[BANK0 ] unsigned char 
  show_seg        1    9[BANK0 ] unsigned char 
  show_seg        1    8[BANK0 ] unsigned char 
  show_seg        1    7[BANK0 ] unsigned char 
  show_seg        1    6[BANK0 ] unsigned char 
  show_seg        1    5[BANK0 ] unsigned char 
  show_seg        1    4[BANK0 ] unsigned char 
  show_seg        1    3[BANK0 ] unsigned char 
  show_seg        1    2[BANK0 ] unsigned char 
  show_seg        1    1[BANK0 ] unsigned char 
 Return value:  Size  Location     Type
                  1    wreg      void 
 Registers used:
		wreg, fsr0l, fsr0h, status,2, status,0
 Tracked objects:
		On entry : 
		On exit  : 
		Unchanged: 
 Data sizes:     COMMON   BANK0   BANK1
      Params:         1       0       0
      Locals:         0      13       0
      Temps:          2       0       0
      Totals:         3      13       0
Total ram usage:       16 bytes
 Hardware stack levels used:    1
 This function calls:
		Nothing
 This function is called by:
		_isr
 This function uses a non-reentrant model


 *************** function i1___awmod *****************
 Defined at:
		line 5 in file "C:\Program Files (x86)\Microchip\xc8\v2.10\pic\sources\c99\common\awmod.c"
 Parameters:    Size  Location     Type
  divisor         2    9[COMMON] int 
  dividend        2   11[COMMON] int 
 Auto vars:     Size  Location     Type
  __awmod         1    1[BANK0 ] unsigned char 
  __awmod         1    0[BANK0 ] unsigned char 
 Return value:  Size  Location     Type
                  2    9[COMMON] int 
 Registers used:
		wreg, status,2, status,0
 Tracked objects:
		On entry : 
		On exit  : 
		Unchanged: 
 Data sizes:     COMMON   BANK0   BANK1
      Params:         4       0       0
      Locals:         0       2       0
      Temps:          1       0       0
      Totals:         5       2       0
Total ram usage:        7 bytes
 Hardware stack levels used:    1
 This function calls:
		Nothing
 This function is called by:
		_isr
 This function uses a non-reentrant model


 *************** function i1___awdiv *****************
 Defined at:
		line 5 in file "C:\Program Files (x86)\Microchip\xc8\v2.10\pic\sources\c99\common\awdiv.c"
 Parameters:    Size  Location     Type
  divisor         2    0[COMMON] int 
  dividend        2    2[COMMON] int 
 Auto vars:     Size  Location     Type
  __awdiv         2    7[COMMON] int 
  __awdiv         1    6[COMMON] unsigned char 
  __awdiv         1    5[COMMON] unsigned char 
 Return value:  Size  Location     Type
                  2    0[COMMON] int 
 Registers used:
		wreg, status,2, status,0
 Tracked objects:
		On entry : 
		On exit  : 
		Unchanged: 
 Data sizes:     COMMON   BANK0   BANK1
      Params:         4       0       0
      Locals:         4       0       0
      Temps:          1       0       0
      Totals:         9       0       0
Total ram usage:        9 bytes
 Hardware stack levels used:    1
 This function calls:
		Nothing
 This function is called by:
		_isr
 This function uses a non-reentrant model



MODULE INFORMATION

Module		Function		Class		Link	Load	Size
C:\Program Files (x86)\Microchip\xc8\v2.10\pic\sources\c99\common\awdiv.c
		___awdiv       		CODE           	026D	0000	97

C:\Program Files (x86)\Microchip\xc8\v2.10\pic\sources\c99\common\awdiv.c estimated size: 97

../library/ds18b20.c
		_DS_Read       		CODE           	0458	0000	43
		_DS_Rest       		CODE           	04A7	0000	32
		_DS_Convert    		CODE           	04ED	0000	13
		_DS_Write      		CODE           	0482	0000	38
		_DS_GetTemp    		CODE           	042B	0000	46

../library/ds18b20.c estimated size: 172

shared
		i1___awdiv     		CODE           	02CD	0000	96
		__initialization		CODE           	006A	0000	3
		i1___awmod     		CODE           	03D7	0000	85
		i1_show_seg    		CODE           	006F	0000	257

shared estimated size: 441

C:\Program Files (x86)\Microchip\xc8\v2.10\pic\sources\c99\common\awmod.c
		___awmod       		CODE           	0383	0000	85

C:\Program Files (x86)\Microchip\xc8\v2.10\pic\sources\c99\common\awmod.c estimated size: 85

main.c
		_main          		CODE           	04C6	0000	27
		_PORT_Init     		CODE           	04E0	0000	14
		_isr           		CODE           	0004	0000	102
		_show_res      		CODE           	032C	0000	88
		_show_seg      		CODE           	016F	0000	255
		_FOSC_Init     		CODE           	04F9	0000	5

main.c estimated size: 491

